Component: ARM Compiler 5.06 update 6 (build 750) Tool: armlink [4d35ed]

==============================================================================

Section Cross References

    startup_stm32f401xe.o(RESET) refers to startup_stm32f401xe.o(STACK) for __initial_sp
    startup_stm32f401xe.o(RESET) refers to startup_stm32f401xe.o(.text) for Reset_Handler
    startup_stm32f401xe.o(RESET) refers to stm32f4xx_it.o(i.NMI_Handler) for NMI_Handler
    startup_stm32f401xe.o(RESET) refers to stm32f4xx_it.o(i.HardFault_Handler) for HardFault_Handler
    startup_stm32f401xe.o(RESET) refers to stm32f4xx_it.o(i.MemManage_Handler) for MemManage_Handler
    startup_stm32f401xe.o(RESET) refers to stm32f4xx_it.o(i.BusFault_Handler) for BusFault_Handler
    startup_stm32f401xe.o(RESET) refers to stm32f4xx_it.o(i.UsageFault_Handler) for UsageFault_Handler
    startup_stm32f401xe.o(RESET) refers to stm32f4xx_it.o(i.SVC_Handler) for SVC_Handler
    startup_stm32f401xe.o(RESET) refers to stm32f4xx_it.o(i.DebugMon_Handler) for DebugMon_Handler
    startup_stm32f401xe.o(RESET) refers to stm32f4xx_it.o(i.PendSV_Handler) for PendSV_Handler
    startup_stm32f401xe.o(RESET) refers to stm32f4xx_it.o(i.SysTick_Handler) for SysTick_Handler
    startup_stm32f401xe.o(RESET) refers to stm32f4xx_it.o(i.DMA1_Stream5_IRQHandler) for DMA1_Stream5_IRQHandler
    startup_stm32f401xe.o(RESET) refers to stm32f4xx_it.o(i.DMA1_Stream6_IRQHandler) for DMA1_Stream6_IRQHandler
    startup_stm32f401xe.o(RESET) refers to stm32f4xx_it.o(i.ADC_IRQHandler) for ADC_IRQHandler
    startup_stm32f401xe.o(RESET) refers to stm32f4xx_it.o(i.TIM1_BRK_TIM9_IRQHandler) for TIM1_BRK_TIM9_IRQHandler
    startup_stm32f401xe.o(RESET) refers to stm32f4xx_it.o(i.TIM1_UP_TIM10_IRQHandler) for TIM1_UP_TIM10_IRQHandler
    startup_stm32f401xe.o(RESET) refers to stm32f4xx_it.o(i.TIM1_TRG_COM_TIM11_IRQHandler) for TIM1_TRG_COM_TIM11_IRQHandler
    startup_stm32f401xe.o(RESET) refers to stm32f4xx_it.o(i.USART2_IRQHandler) for USART2_IRQHandler
    startup_stm32f401xe.o(RESET) refers to stm32f4xx_it.o(i.DMA2_Stream0_IRQHandler) for DMA2_Stream0_IRQHandler
    startup_stm32f401xe.o(RESET) refers to stm32f4xx_it.o(i.DMA2_Stream1_IRQHandler) for DMA2_Stream1_IRQHandler
    startup_stm32f401xe.o(RESET) refers to stm32f4xx_it.o(i.DMA2_Stream6_IRQHandler) for DMA2_Stream6_IRQHandler
    startup_stm32f401xe.o(RESET) refers to stm32f4xx_it.o(i.USART6_IRQHandler) for USART6_IRQHandler
    startup_stm32f401xe.o(.text) refers to system_stm32f4xx.o(i.SystemInit) for SystemInit
    startup_stm32f401xe.o(.text) refers to entry.o(.ARM.Collect$$$$00000000) for __main
    communication_function.o(i.Analyse_RX_Buffer) refers to communication_function.o(i.String_Analysis) for String_Analysis
    communication_function.o(i.Analyse_RX_Buffer) refers to communication_function.o(.data) for .data
    communication_function.o(i.Analyse_RX_Buffer) refers to main.o(.bss) for UART_RX_Analyse
    communication_function.o(i.Analyse_RX_Buffer) refers to main.o(.data) for Indice_Start_RX
    communication_function.o(i.Analyse_RX_Buffer) refers to main.o(.data) for Indice_Stop_RX
    communication_function.o(i.Analyse_RX_Buffer) refers to main.o(.bss) for BUFFER_RX_UART2
    communication_function.o(i.Analyse_RX_Buffer) refers to main.o(.data) for Indice_Start_RX_UART2
    communication_function.o(i.Analyse_RX_Buffer) refers to main.o(.data) for Indice_Stop_RX_UART2
    communication_function.o(i.COMMAND_G0) refers to f2d.o(.text) for __aeabi_f2d
    communication_function.o(i.COMMAND_G0) refers to printfa.o(i.__0sprintf) for __2sprintf
    communication_function.o(i.COMMAND_G0) refers to main.o(.data) for UPDATE_DEST_PARAMETERS
    communication_function.o(i.COMMAND_G0) refers to main.o(.data) for X_DES_MM_CACHE
    communication_function.o(i.COMMAND_G0) refers to main.o(.data) for Y_DES_MM_CACHE
    communication_function.o(i.COMMAND_G0) refers to main.o(.data) for ANGLE_DES_RAD_CACHE
    communication_function.o(i.COMMAND_G0) refers to main.o(.data) for TIMEOUT_MS_CACHE
    communication_function.o(i.COMMAND_G0) refers to main.o(.data) for BACKWARD_CACHE
    communication_function.o(i.COMMAND_G0) refers to main.o(.data) for ANGLE_DES_RAD
    communication_function.o(i.COMMAND_G0) refers to main.o(.data) for X_DES_MM
    communication_function.o(i.COMMAND_G0) refers to main.o(.data) for Y_DES_MM
    communication_function.o(i.COMMAND_G0) refers to main.o(.data) for TIMEOUT_MS
    communication_function.o(i.COMMAND_G1) refers to main.o(.data) for UPDATE_DEST_PARAMETERS
    communication_function.o(i.COMMAND_G1) refers to main.o(.data) for SPEED_R_DES_CACHE
    communication_function.o(i.COMMAND_G1) refers to main.o(.data) for SPEED_L_DES_CACHE
    communication_function.o(i.COMMAND_G1) refers to main.o(.data) for TIMEOUT_MS_CACHE
    communication_function.o(i.COMMAND_G1) refers to main.o(.data) for SPEED_R_DES
[...]
    .data                                    0x20000068   Section        4  main.o(.data)
    .data                                    0x2000006c   Section        4  main.o(.data)
    .data                                    0x20000070   Section        4  main.o(.data)
    .data                                    0x20000074   Section        4  main.o(.data)
    .data                                    0x20000078   Section        4  main.o(.data)
    .data                                    0x2000007c   Section        4  main.o(.data)
    .data                                    0x20000080   Section        4  main.o(.data)
    .data                                    0x20000084   Section        4  main.o(.data)
    .data                                    0x20000088   Section        4  main.o(.data)
    .data                                    0x2000008c   Section        4  main.o(.data)
    .data                                    0x20000090   Section        4  main.o(.data)
    .data                                    0x20000094   Section        4  main.o(.data)
    .data                                    0x20000098   Section        4  main.o(.data)
    .data                                    0x2000009c   Section        4  main.o(.data)
    .data                                    0x200000a0   Section        4  main.o(.data)
    .data                                    0x200000a4   Section        4  main.o(.data)
    .data                                    0x200000a8   Section        1  main.o(.data)
    .data                                    0x200000a9   Section        1  main.o(.data)
    .data                                    0x200000ac   Section        4  main.o(.data)
    .data                                    0x200000b0   Section        4  main.o(.data)
    .data                                    0x200000b4   Section        2  main.o(.data)
    .data                                    0x200000b6   Section        1  main.o(.data)
    .data                                    0x200000b7   Section        1  main.o(.data)
    .data                                    0x200000b8   Section        1  main.o(.data)
    .data                                    0x200000b9   Section        1  main.o(.data)
    .data                                    0x200000bc   Section        4  main.o(.data)
    .data                                    0x200000c0   Section        4  main.o(.data)
    .data                                    0x200000c4   Section        4  main.o(.data)
    .data                                    0x200000c8   Section        4  main.o(.data)
    .data                                    0x200000cc   Section        4  main.o(.data)
    .data                                    0x200000d0   Section        4  main.o(.data)
    .data                                    0x200000d4   Section        4  main.o(.data)
    .data                                    0x200000d8   Section        2  main.o(.data)
    .data                                    0x200000da   Section        2  main.o(.data)
    .data                                    0x200000dc   Section        2  main.o(.data)
    .data                                    0x200000de   Section        2  main.o(.data)
    .data                                    0x200000e0   Section        2  main.o(.data)
    .data                                    0x200000e2   Section        2  main.o(.data)
    .data                                    0x200000e4   Section        2  main.o(.data)
    .data                                    0x200000e6   Section        2  main.o(.data)
    .data                                    0x200000e8   Section        2  main.o(.data)
    .data                                    0x200000ea   Section        2  main.o(.data)
    .data                                    0x200000ec   Section        2  main.o(.data)
    .data                                    0x200000ee   Section        2  main.o(.data)
    .data                                    0x200000f0   Section        4  main.o(.data)
    .data                                    0x200000f4   Section        4  main.o(.data)
    .data                                    0x200000f8   Section        4  main.o(.data)
    .data                                    0x200000fc   Section        1  main.o(.data)
    .data                                    0x200000fd   Section        1  main.o(.data)
    .data                                    0x20000100   Section        4  main.o(.data)
    .data                                    0x20000104   Section        4  main.o(.data)
    .data                                    0x20000108   Section        4  main.o(.data)
    .data                                    0x2000010c   Section        4  main.o(.data)
    .data                                    0x20000110   Section        4  main.o(.data)
    .data                                    0x20000114   Section        4  main.o(.data)
    .data                                    0x20000118   Section        4  main.o(.data)
    .data                                    0x2000011c   Section        4  main.o(.data)
    .data                                    0x20000120   Section        4  main.o(.data)
    .data                                    0x20000124   Section        4  main.o(.data)
    .data                                    0x20000128   Section        4  main.o(.data)
    .data                                    0x2000012c   Section        4  main.o(.data)
    .data                                    0x20000130   Section        4  main.o(.data)
    .data                                    0x20000134   Section        4  main.o(.data)
    .data                                    0x20000138   Section        4  main.o(.data)
    .data                                    0x2000013c   Section        4  main.o(.data)
    .data                                    0x20000140   Section        4  main.o(.data)
    .data                                    0x20000144   Section        4  main.o(.data)
    .data                                    0x20000148   Section        4  main.o(.data)
    .data                                    0x2000014c   Section        4  main.o(.data)
    .data                                    0x20000150   Section        1  main.o(.data)
    .data                                    0x20000151   Section        1  main.o(.data)
    .data                                    0x20000152   Section        2  main.o(.data)
    .data                                    0x20000154   Section       12  stm32f4xx_hal.o(.data)
    .data                                    0x20000160   Section        4  system_stm32f4xx.o(.data)
    .data                                    0x20000164   Section        4  errno.o(.data)
    _errno                                   0x20000164   Data           4  errno.o(.data)
    .bss                                     0x20000168   Section     1760  control_function.o(.bss)
    Speed_Array_R                            0x20000168   Data         800  control_function.o(.bss)
    Speed_Array_L                            0x20000488   Data         800  control_function.o(.bss)
    Table_Error                              0x200007a8   Data          40  control_function.o(.bss)
    Table_Error                              0x200007d0   Data          40  control_function.o(.bss)
    Table_Error                              0x200007f8   Data          40  control_function.o(.bss)
    Table_Error                              0x20000820   Data          40  control_function.o(.bss)
    .bss                                     0x20000848   Section      640  main.o(.bss)
    .bss                                     0x20000ac8   Section     1288  main.o(.bss)
    .bss                                     0x20000fd0   Section      576  main.o(.bss)
    .bss                                     0x20001210   Section      576  main.o(.bss)
    .bss                                     0x20001450   Section       96  main.o(.bss)
    .bss                                     0x200014b0   Section       96  main.o(.bss)
    .bss                                     0x20001510   Section       96  main.o(.bss)
    .bss                                     0x20001570   Section       96  main.o(.bss)
    STACK                                    0x200015d0   Section     1024  startup_stm32f401xe.o(STACK)

    Global Symbols

    Symbol Name                              Value     Ov Type        Size  Object(Section)

    BuildAttributes$$THM_ISAv4$E$P$D$K$B$S$7EM$VFPi3$EXTD16$VFPS$VFMA$PE$A:L22UL41UL21$X:L11$S22US41US21$IEEE1$IW$USESV6$~STKCKD$USESV7$~SHL$OTIME$ROPI$IEEEX$EBA8$MICROLIB$REQ8$PRES8$EABIv2 0x00000000   Number         0  anon$$obj.o ABSOLUTE
    __ARM_use_no_argv                        0x00000000   Number         0  main.o ABSOLUTE
    _printf_a                                0x00000000   Number         0  stubs.o ABSOLUTE
    _printf_c                                0x00000000   Number         0  stubs.o ABSOLUTE
    _printf_charcount                        0x00000000   Number         0  stubs.o ABSOLUTE
    _printf_d                                0x00000000   Number         0  stubs.o ABSOLUTE
    _printf_e                                0x00000000   Number         0  stubs.o ABSOLUTE
    _printf_f                                0x00000000   Number         0  stubs.o ABSOLUTE
    _printf_flags                            0x00000000   Number         0  stubs.o ABSOLUTE
    _printf_fp_dec                           0x00000000   Number         0  stubs.o ABSOLUTE
    _printf_fp_hex                           0x00000000   Number         0  stubs.o ABSOLUTE
    _printf_g                                0x00000000   Number         0  stubs.o ABSOLUTE
    _printf_i                                0x00000000   Number         0  stubs.o ABSOLUTE
    _printf_int_dec                          0x00000000   Number         0  stubs.o ABSOLUTE
    _printf_l                                0x00000000   Number         0  stubs.o ABSOLUTE
    _printf_lc                               0x00000000   Number         0  stubs.o ABSOLUTE
    _printf_ll                               0x00000000   Number         0  stubs.o ABSOLUTE
    _printf_lld                              0x00000000   Number         0  stubs.o ABSOLUTE
    _printf_lli                              0x00000000   Number         0  stubs.o ABSOLUTE
    _printf_llo                              0x00000000   Number         0  stubs.o ABSOLUTE
    _printf_llu                              0x00000000   Number         0  stubs.o ABSOLUTE
    _printf_llx                              0x00000000   Number         0  stubs.o ABSOLUTE
    _printf_longlong_dec                     0x00000000   Number         0  stubs.o ABSOLUTE
    _printf_longlong_hex                     0x00000000   Number         0  stubs.o ABSOLUTE
    _printf_longlong_oct                     0x00000000   Number         0  stubs.o ABSOLUTE
    _printf_ls                               0x00000000   Number         0  stubs.o ABSOLUTE
    _printf_mbtowc                           0x00000000   Number         0  stubs.o ABSOLUTE
    _printf_n                                0x00000000   Number         0  stubs.o ABSOLUTE
    _printf_o                                0x00000000   Number         0  stubs.o ABSOLUTE
    _printf_p                                0x00000000   Number         0  stubs.o ABSOLUTE
    _printf_percent                          0x00000000   Number         0  stubs.o ABSOLUTE
    _printf_pre_padding                      0x00000000   Number         0  stubs.o ABSOLUTE
    _printf_return_value                     0x00000000   Number         0  stubs.o ABSOLUTE
    _printf_s                                0x00000000   Number         0  stubs.o ABSOLUTE
    _printf_sizespec                         0x00000000   Number         0  stubs.o ABSOLUTE
    _printf_str                              0x00000000   Number         0  stubs.o ABSOLUTE
    _printf_truncate_signed                  0x00000000   Number         0  stubs.o ABSOLUTE
    _printf_truncate_unsigned                0x00000000   Number         0  stubs.o ABSOLUTE
    _printf_u                                0x00000000   Number         0  stubs.o ABSOLUTE
    _printf_wc                               0x00000000   Number         0  stubs.o ABSOLUTE
    _printf_wctomb                           0x00000000   Number         0  stubs.o ABSOLUTE
    _printf_widthprec                        0x00000000   Number         0  stubs.o ABSOLUTE
    _printf_x                                0x00000000   Number         0  stubs.o ABSOLUTE
    __cpp_initialize__aeabi_                  - Undefined Weak Reference
    __cxa_finalize                            - Undefined Weak Reference
    _clock_init                               - Undefined Weak Reference
    _microlib_exit                            - Undefined Weak Reference
    __Vectors_Size                           0x00000194   Number         0  startup_stm32f401xe.o ABSOLUTE
    __Vectors                                0x08000000   Data           4  startup_stm32f401xe.o(RESET)
    __Vectors_End                            0x08000194   Data           0  startup_stm32f401xe.o(RESET)
    __main                                   0x08000195   Thumb Code     0  entry.o(.ARM.Collect$$$$00000000)
    _main_stk                                0x08000195   Thumb Code     0  entry2.o(.ARM.Collect$$$$00000001)
    _main_scatterload                        0x08000199   Thumb Code     0  entry5.o(.ARM.Collect$$$$00000004)
    __main_after_scatterload                 0x0800019d   Thumb Code     0  entry5.o(.ARM.Collect$$$$00000004)
    _main_clock                              0x0800019d   Thumb Code     0  entry7b.o(.ARM.Collect$$$$00000008)
    _main_cpp_init                           0x0800019d   Thumb Code     0  entry8b.o(.ARM.Collect$$$$0000000A)
    _main_init                               0x0800019d   Thumb Code     0  entry9a.o(.ARM.Collect$$$$0000000B)
    __rt_final_cpp                           0x080001a5   Thumb Code     0  entry10a.o(.ARM.Collect$$$$0000000D)
    __rt_final_exit                          0x080001a5   Thumb Code     0  entry11a.o(.ARM.Collect$$$$0000000F)
    Reset_Handler                            0x080001a9   Thumb Code     8  startup_stm32f401xe.o(.text)
    DMA1_Stream0_IRQHandler                  0x080001c3   Thumb Code     0  startup_stm32f401xe.o(.text)
    DMA1_Stream1_IRQHandler                  0x080001c3   Thumb Code     0  startup_stm32f401xe.o(.text)
    DMA1_Stream2_IRQHandler                  0x080001c3   Thumb Code     0  startup_stm32f401xe.o(.text)
    DMA1_Stream3_IRQHandler                  0x080001c3   Thumb Code     0  startup_stm32f401xe.o(.text)
    DMA1_Stream4_IRQHandler                  0x080001c3   Thumb Code     0  startup_stm32f401xe.o(.text)
    DMA1_Stream7_IRQHandler                  0x080001c3   Thumb Code     0  startup_stm32f401xe.o(.text)
    DMA2_Stream2_IRQHandler                  0x080001c3   Thumb Code     0  startup_stm32f401xe.o(.text)
    DMA2_Stream3_IRQHandler                  0x080001c3   Thumb Code     0  startup_stm32f401xe.o(.text)
    DMA2_Stream4_IRQHandler                  0x080001c3   Thumb Code     0  startup_stm32f401xe.o(.text)
    DMA2_Stream5_IRQHandler                  0x080001c3   Thumb Code     0  startup_stm32f401xe.o(.text)
    DMA2_Stream7_IRQHandler                  0x080001c3   Thumb Code     0  startup_stm32f401xe.o(.text)
    EXTI0_IRQHandler                         0x080001c3   Thumb Code     0  startup_stm32f401xe.o(.text)
    EXTI15_10_IRQHandler                     0x080001c3   Thumb Code     0  startup_stm32f401xe.o(.text)
    EXTI1_IRQHandler                         0x080001c3   Thumb Code     0  startup_stm32f401xe.o(.text)
    EXTI2_IRQHandler                         0x080001c3   Thumb Code     0  startup_stm32f401xe.o(.text)
    EXTI3_IRQHandler                         0x080001c3   Thumb Code     0  startup_stm32f401xe.o(.text)
    EXTI4_IRQHandler                         0x080001c3   Thumb Code     0  startup_stm32f401xe.o(.text)
    EXTI9_5_IRQHandler                       0x080001c3   Thumb Code     0  startup_stm32f401xe.o(.text)
    FLASH_IRQHandler                         0x080001c3   Thumb Code     0  startup_stm32f401xe.o(.text)
    FPU_IRQHandler                           0x080001c3   Thumb Code     0  startup_stm32f401xe.o(.text)
    I2C1_ER_IRQHandler                       0x080001c3   Thumb Code     0  startup_stm32f401xe.o(.text)
    I2C1_EV_IRQHandler                       0x080001c3   Thumb Code     0  startup_stm32f401xe.o(.text)
    I2C2_ER_IRQHandler                       0x080001c3   Thumb Code     0  startup_stm32f401xe.o(.text)
    I2C2_EV_IRQHandler                       0x080001c3   Thumb Code     0  startup_stm32f401xe.o(.text)
    I2C3_ER_IRQHandler                       0x080001c3   Thumb Code     0  startup_stm32f401xe.o(.text)
    I2C3_EV_IRQHandler                       0x080001c3   Thumb Code     0  startup_stm32f401xe.o(.text)
    OTG_FS_IRQHandler                        0x080001c3   Thumb Code     0  startup_stm32f401xe.o(.text)
    OTG_FS_WKUP_IRQHandler                   0x080001c3   Thumb Code     0  startup_stm32f401xe.o(.text)
    PVD_IRQHandler                           0x080001c3   Thumb Code     0  startup_stm32f401xe.o(.text)
    RCC_IRQHandler                           0x080001c3   Thumb Code     0  startup_stm32f401xe.o(.text)
    RTC_Alarm_IRQHandler                     0x080001c3   Thumb Code     0  startup_stm32f401xe.o(.text)
    RTC_WKUP_IRQHandler                      0x080001c3   Thumb Code     0  startup_stm32f401xe.o(.text)
    SDIO_IRQHandler                          0x080001c3   Thumb Code     0  startup_stm32f401xe.o(.text)
    SPI1_IRQHandler                          0x080001c3   Thumb Code     0  startup_stm32f401xe.o(.text)
    SPI2_IRQHandler                          0x080001c3   Thumb Code     0  startup_stm32f401xe.o(.text)
    SPI3_IRQHandler                          0x080001c3   Thumb Code     0  startup_stm32f401xe.o(.text)
    SPI4_IRQHandler                          0x080001c3   Thumb Code     0  startup_stm32f401xe.o(.text)
    TAMP_STAMP_IRQHandler                    0x080001c3   Thumb Code     0  startup_stm32f401xe.o(.text)
    TIM1_CC_IRQHandler                       0x080001c3   Thumb Code     0  startup_stm32f401xe.o(.text)
    TIM2_IRQHandler                          0x080001c3   Thumb Code     0  startup_stm32f401xe.o(.text)
    TIM3_IRQHandler                          0x080001c3   Thumb Code     0  startup_stm32f401xe.o(.text)
    TIM4_IRQHandler                          0x080001c3   Thumb Code     0  startup_stm32f401xe.o(.text)
    TIM5_IRQHandler                          0x080001c3   Thumb Code     0  startup_stm32f401xe.o(.text)
    USART1_IRQHandler                        0x080001c3   Thumb Code     0  startup_stm32f401xe.o(.text)
    WWDG_IRQHandler                          0x080001c3   Thumb Code     0  startup_stm32f401xe.o(.text)
    __aeabi_uldivmod                         0x080001cd   Thumb Code    98  uldiv.o(.text)
    __aeabi_memset                           0x0800022f   Thumb Code    14  memseta.o(.text)
    __aeabi_memset4                          0x0800022f   Thumb Code     0  memseta.o(.text)
    __aeabi_memset8                          0x0800022f   Thumb Code     0  memseta.o(.text)
    __aeabi_memclr                           0x0800023d   Thumb Code     4  memseta.o(.text)
    __aeabi_memclr4                          0x0800023d   Thumb Code     0  memseta.o(.text)
    __aeabi_memclr8                          0x0800023d   Thumb Code     0  memseta.o(.text)
    _memset$wrapper                          0x08000241   Thumb Code    18  memseta.o(.text)
    strlen                                   0x08000253   Thumb Code    14  strlen.o(.text)
    strcpy                                   0x08000261   Thumb Code    18  strcpy.o(.text)
    __aeabi_dadd                             0x08000273   Thumb Code   322  dadd.o(.text)
    __aeabi_dsub                             0x080003b5   Thumb Code     6  dadd.o(.text)
    __aeabi_drsub                            0x080003bb   Thumb Code     6  dadd.o(.text)
    __aeabi_dmul                             0x080003c1   Thumb Code   228  dmul.o(.text)
    __aeabi_i2d                              0x080004a5   Thumb Code    34  dflti.o(.text)
    __aeabi_f2d                              0x080004c7   Thumb Code    38  f2d.o(.text)
    __aeabi_d2f                              0x080004ed   Thumb Code    56  d2f.o(.text)
    __aeabi_uidiv                            0x08000525   Thumb Code     0  uidiv.o(.text)
    __aeabi_uidivmod                         0x08000525   Thumb Code    44  uidiv.o(.text)
    __aeabi_llsl                             0x08000551   Thumb Code    30  llshl.o(.text)
    _ll_shift_l                              0x08000551   Thumb Code     0  llshl.o(.text)
    __aeabi_llsr                             0x0800056f   Thumb Code    32  llushr.o(.text)
    _ll_ushift_r                             0x0800056f   Thumb Code     0  llushr.o(.text)
    __aeabi_lasr                             0x0800058f   Thumb Code    36  llsshr.o(.text)
    _ll_sshift_r                             0x0800058f   Thumb Code     0  llsshr.o(.text)
    __I$use$fp                               0x080005b3   Thumb Code     0  iusefp.o(.text)
    _float_round                             0x080005b3   Thumb Code    18  fepilogue.o(.text)
    _float_epilogue                          0x080005c5   Thumb Code    92  fepilogue.o(.text)
    _double_round                            0x08000621   Thumb Code    30  depilogue.o(.text)
    _double_epilogue                         0x0800063f   Thumb Code   156  depilogue.o(.text)
    __aeabi_ddiv                             0x080006db   Thumb Code   222  ddiv.o(.text)
    _dsqrt                                   0x080007b9   Thumb Code   162  dsqrt.o(.text)
    __aeabi_d2ulz                            0x0800085b   Thumb Code    48  dfixul.o(.text)
    __aeabi_cdrcmple                         0x0800088d   Thumb Code    48  cdrcmple.o(.text)
    __scatterload                            0x080008bd   Thumb Code    28  init.o(.text)
    __scatterload_rt2                        0x080008bd   Thumb Code     0  init.o(.text)
    __aeabi_ui2d                             0x080008e1   Thumb Code    26  dfltui.o(.text)
    __aeabi_d2iz                             0x080008fb   Thumb Code    62  dfixi.o(.text)
    __decompress                             0x08000939   Thumb Code     0  __dczerorl2.o(.text)
    __decompress1                            0x08000939   Thumb Code    86  __dczerorl2.o(.text)
    ADC_IRQHandler                           0x08000a11   Thumb Code     6  stm32f4xx_it.o(i.ADC_IRQHandler)
    Analyse_RX_Buffer                        0x08000b41   Thumb Code   188  communication_function.o(i.Analyse_RX_Buffer)
    Avoidance                                0x08000c19   Thumb Code   436  control_function.o(i.Avoidance)
    BusFault_Handler                         0x08000df9   Thumb Code     2  stm32f4xx_it.o(i.BusFault_Handler)
    COMMAND_G0                               0x08000dfd   Thumb Code   274  communication_function.o(i.COMMAND_G0)
    COMMAND_G1                               0x08000f61   Thumb Code   124  communication_function.o(i.COMMAND_G1)
    COMMAND_G2                               0x08000ff9   Thumb Code   186  communication_function.o(i.COMMAND_G2)
    COMMAND_G92                              0x080010f1   Thumb Code   140  communication_function.o(i.COMMAND_G92)
    COMMAND_M112                             0x080011a1   Thumb Code    36  communication_function.o(i.COMMAND_M112)
    COMMAND_M135                             0x080011e1   Thumb Code    52  communication_function.o(i.COMMAND_M135)
    COMMAND_M15                              0x08001235   Thumb Code   152  communication_function.o(i.COMMAND_M15)
    COMMAND_M201                             0x08001335   Thumb Code   362  communication_function.o(i.COMMAND_M201)
    COMMAND_M202                             0x0800153d   Thumb Code    86  communication_function.o(i.COMMAND_M202)
    COMMAND_M3                               0x080015b9   Thumb Code   104  communication_function.o(i.COMMAND_M3)
    COMMAND_M301                             0x08001645   Thumb Code   524  communication_function.o(i.COMMAND_M301)
    COMMAND_M92                              0x08001945   Thumb Code   130  communication_function.o(i.COMMAND_M92)
    COMMAND_O1                               0x08001a0d   Thumb Code   120  communication_function.o(i.COMMAND_O1)
    Control                                  0x08001ad1   Thumb Code  2648  control_function.o(i.Control)
    DMA1_Stream5_IRQHandler                  0x08002529   Thumb Code     6  stm32f4xx_it.o(i.DMA1_Stream5_IRQHandler)
    DMA1_Stream6_IRQHandler                  0x08002535   Thumb Code     6  stm32f4xx_it.o(i.DMA1_Stream6_IRQHandler)
    DMA2_Stream0_IRQHandler                  0x08002541   Thumb Code     6  stm32f4xx_it.o(i.DMA2_Stream0_IRQHandler)
    DMA2_Stream1_IRQHandler                  0x0800254d   Thumb Code     6  stm32f4xx_it.o(i.DMA2_Stream1_IRQHandler)
    DMA2_Stream6_IRQHandler                  0x08002559   Thumb Code     6  stm32f4xx_it.o(i.DMA2_Stream6_IRQHandler)
    DebugMon_Handler                         0x08002609   Thumb Code     2  stm32f4xx_it.o(i.DebugMon_Handler)
    Error_Handler                            0x0800260b   Thumb Code     2  main.o(i.Error_Handler)
    HAL_ADCEx_InjectedConvCpltCallback       0x0800260d   Thumb Code     2  stm32f4xx_hal_adc_ex.o(i.HAL_ADCEx_InjectedConvCpltCallback)
    HAL_ADC_ConfigChannel                    0x08002611   Thumb Code   316  stm32f4xx_hal_adc.o(i.HAL_ADC_ConfigChannel)
    HAL_ADC_ConvCpltCallback                 0x0800275d   Thumb Code    12  main.o(i.HAL_ADC_ConvCpltCallback)
    HAL_ADC_ConvHalfCpltCallback             0x0800276d   Thumb Code     2  stm32f4xx_hal_adc.o(i.HAL_ADC_ConvHalfCpltCallback)
    HAL_ADC_ErrorCallback                    0x0800276f   Thumb Code     2  stm32f4xx_hal_adc.o(i.HAL_ADC_ErrorCallback)
    HAL_ADC_IRQHandler                       0x08002771   Thumb Code   316  stm32f4xx_hal_adc.o(i.HAL_ADC_IRQHandler)
    HAL_ADC_Init                             0x080028ad   Thumb Code    84  stm32f4xx_hal_adc.o(i.HAL_ADC_Init)
    HAL_ADC_LevelOutOfWindowCallback         0x08002901   Thumb Code     2  stm32f4xx_hal_adc.o(i.HAL_ADC_LevelOutOfWindowCallback)
    HAL_ADC_MspInit                          0x08002905   Thumb Code   206  stm32f4xx_hal_msp.o(i.HAL_ADC_MspInit)
    HAL_ADC_Start_DMA                        0x080029f1   Thumb Code   228  stm32f4xx_hal_adc.o(i.HAL_ADC_Start_DMA)
    HAL_DMA_Abort                            0x08002af1   Thumb Code   142  stm32f4xx_hal_dma.o(i.HAL_DMA_Abort)
    HAL_DMA_Abort_IT                         0x08002b7f   Thumb Code    36  stm32f4xx_hal_dma.o(i.HAL_DMA_Abort_IT)
    HAL_DMA_IRQHandler                       0x08002ba5   Thumb Code   412  stm32f4xx_hal_dma.o(i.HAL_DMA_IRQHandler)
    HAL_DMA_Init                             0x08002d45   Thumb Code   206  stm32f4xx_hal_dma.o(i.HAL_DMA_Init)
    HAL_DMA_Start_IT                         0x08002e19   Thumb Code   120  stm32f4xx_hal_dma.o(i.HAL_DMA_Start_IT)
    HAL_GPIO_Init                            0x08002e91   Thumb Code   358  stm32f4xx_hal_gpio.o(i.HAL_GPIO_Init)
    HAL_GPIO_WritePin                        0x08003019   Thumb Code    10  stm32f4xx_hal_gpio.o(i.HAL_GPIO_WritePin)
    HAL_GetTick                              0x08003025   Thumb Code     6  stm32f4xx_hal.o(i.HAL_GetTick)
    HAL_IncTick                              0x08003031   Thumb Code    12  stm32f4xx_hal.o(i.HAL_IncTick)
    HAL_Init                                 0x08003041   Thumb Code    48  stm32f4xx_hal.o(i.HAL_Init)
    HAL_InitTick                             0x08003075   Thumb Code    54  stm32f4xx_hal.o(i.HAL_InitTick)
    HAL_MspInit                              0x080030b5   Thumb Code    48  stm32f4xx_hal_msp.o(i.HAL_MspInit)
    HAL_NVIC_EnableIRQ                       0x080030e9   Thumb Code    22  stm32f4xx_hal_cortex.o(i.HAL_NVIC_EnableIRQ)
    HAL_NVIC_SetPriority                     0x08003101   Thumb Code    60  stm32f4xx_hal_cortex.o(i.HAL_NVIC_SetPriority)
    HAL_NVIC_SetPriorityGrouping             0x08003141   Thumb Code    26  stm32f4xx_hal_cortex.o(i.HAL_NVIC_SetPriorityGrouping)
    HAL_RCC_ClockConfig                      0x08003165   Thumb Code   286  stm32f4xx_hal_rcc.o(i.HAL_RCC_ClockConfig)
    HAL_RCC_GetPCLK1Freq                     0x08003295   Thumb Code    20  stm32f4xx_hal_rcc.o(i.HAL_RCC_GetPCLK1Freq)
    HAL_RCC_GetPCLK2Freq                     0x080032b5   Thumb Code    20  stm32f4xx_hal_rcc.o(i.HAL_RCC_GetPCLK2Freq)
    HAL_RCC_GetSysClockFreq                  0x080032d5   Thumb Code    88  stm32f4xx_hal_rcc.o(i.HAL_RCC_GetSysClockFreq)
    HAL_RCC_OscConfig                        0x08003335   Thumb Code   770  stm32f4xx_hal_rcc.o(i.HAL_RCC_OscConfig)
    HAL_SYSTICK_Config                       0x08003651   Thumb Code    40  stm32f4xx_hal_cortex.o(i.HAL_SYSTICK_Config)
    HAL_TIMEx_BreakCallback                  0x08003679   Thumb Code     2  stm32f4xx_hal_tim_ex.o(i.HAL_TIMEx_BreakCallback)
    HAL_TIMEx_CommutationCallback            0x0800367b   Thumb Code     2  stm32f4xx_hal_tim_ex.o(i.HAL_TIMEx_CommutationCallback)
    HAL_TIMEx_MasterConfigSynchronization    0x0800367d   Thumb Code    80  stm32f4xx_hal_tim_ex.o(i.HAL_TIMEx_MasterConfigSynchronization)
    HAL_TIM_Base_Init                        0x080036cd   Thumb Code    54  stm32f4xx_hal_tim.o(i.HAL_TIM_Base_Init)
    HAL_TIM_Base_MspInit                     0x08003705   Thumb Code   148  stm32f4xx_hal_msp.o(i.HAL_TIM_Base_MspInit)
    HAL_TIM_Base_Start_IT                    0x080037a9   Thumb Code    24  stm32f4xx_hal_tim.o(i.HAL_TIM_Base_Start_IT)
    HAL_TIM_ConfigClockSource                0x080037c1   Thumb Code   242  stm32f4xx_hal_tim.o(i.HAL_TIM_ConfigClockSource)
    HAL_TIM_Encoder_Init                     0x080038b3   Thumb Code   150  stm32f4xx_hal_tim.o(i.HAL_TIM_Encoder_Init)
    HAL_TIM_Encoder_MspInit                  0x08003949   Thumb Code   202  stm32f4xx_hal_msp.o(i.HAL_TIM_Encoder_MspInit)
    HAL_TIM_Encoder_Start                    0x08003a29   Thumb Code    52  stm32f4xx_hal_tim.o(i.HAL_TIM_Encoder_Start)
    HAL_TIM_IC_CaptureCallback               0x08003a5d   Thumb Code     2  stm32f4xx_hal_tim.o(i.HAL_TIM_IC_CaptureCallback)
    HAL_TIM_IRQHandler                       0x08003a5f   Thumb Code   358  stm32f4xx_hal_tim.o(i.HAL_TIM_IRQHandler)
    HAL_TIM_MspPostInit                      0x08003bc5   Thumb Code    72  stm32f4xx_hal_msp.o(i.HAL_TIM_MspPostInit)
    HAL_TIM_OC_ConfigChannel                 0x08003c15   Thumb Code    86  stm32f4xx_hal_tim.o(i.HAL_TIM_OC_ConfigChannel)
    HAL_TIM_OC_DelayElapsedCallback          0x08003c6b   Thumb Code     2  stm32f4xx_hal_tim.o(i.HAL_TIM_OC_DelayElapsedCallback)
    HAL_TIM_OC_Init                          0x08003c6d   Thumb Code    54  stm32f4xx_hal_tim.o(i.HAL_TIM_OC_Init)
    HAL_TIM_OC_MspInit                       0x08003ca3   Thumb Code     2  stm32f4xx_hal_tim.o(i.HAL_TIM_OC_MspInit)
    HAL_TIM_OC_Start                         0x08003ca5   Thumb Code    42  stm32f4xx_hal_tim.o(i.HAL_TIM_OC_Start)
    HAL_TIM_PWM_ConfigChannel                0x08003cd5   Thumb Code   208  stm32f4xx_hal_tim.o(i.HAL_TIM_PWM_ConfigChannel)
    HAL_TIM_PWM_Init                         0x08003da5   Thumb Code    54  stm32f4xx_hal_tim.o(i.HAL_TIM_PWM_Init)
    HAL_TIM_PWM_MspInit                      0x08003ddb   Thumb Code     2  stm32f4xx_hal_tim.o(i.HAL_TIM_PWM_MspInit)
    HAL_TIM_PWM_PulseFinishedCallback        0x08003ddd   Thumb Code     2  stm32f4xx_hal_tim.o(i.HAL_TIM_PWM_PulseFinishedCallback)
    HAL_TIM_PWM_Start                        0x08003de1   Thumb Code    42  stm32f4xx_hal_tim.o(i.HAL_TIM_PWM_Start)
    HAL_TIM_PeriodElapsedCallback            0x08003e11   Thumb Code     2  stm32f4xx_hal_tim.o(i.HAL_TIM_PeriodElapsedCallback)
    HAL_TIM_TriggerCallback                  0x08003e13   Thumb Code     2  stm32f4xx_hal_tim.o(i.HAL_TIM_TriggerCallback)
    HAL_UART_DMAStop                         0x08003e15   Thumb Code    88  stm32f4xx_hal_uart.o(i.HAL_UART_DMAStop)
    HAL_UART_ErrorCallback                   0x08003e6d   Thumb Code     2  stm32f4xx_hal_uart.o(i.HAL_UART_ErrorCallback)
    HAL_UART_IRQHandler                      0x08003e71   Thumb Code   266  stm32f4xx_hal_uart.o(i.HAL_UART_IRQHandler)
    HAL_UART_Init                            0x08003f81   Thumb Code    98  stm32f4xx_hal_uart.o(i.HAL_UART_Init)
    HAL_UART_MspInit                         0x08003fe5   Thumb Code   372  stm32f4xx_hal_msp.o(i.HAL_UART_MspInit)
    HAL_UART_Receive_DMA                     0x08004185   Thumb Code   138  stm32f4xx_hal_uart.o(i.HAL_UART_Receive_DMA)
    HAL_UART_RxCpltCallback                  0x0800421d   Thumb Code     2  stm32f4xx_hal_uart.o(i.HAL_UART_RxCpltCallback)
    HAL_UART_RxHalfCpltCallback              0x0800421f   Thumb Code     2  stm32f4xx_hal_uart.o(i.HAL_UART_RxHalfCpltCallback)
    HAL_UART_Transmit                        0x08004221   Thumb Code   186  stm32f4xx_hal_uart.o(i.HAL_UART_Transmit)
    HAL_UART_Transmit_DMA                    0x080042dd   Thumb Code   114  stm32f4xx_hal_uart.o(i.HAL_UART_Transmit_DMA)
    HAL_UART_TxCpltCallback                  0x0800435d   Thumb Code    88  stm32f4xx_it.o(i.HAL_UART_TxCpltCallback)
    HAL_UART_TxHalfCpltCallback              0x080043c9   Thumb Code     2  stm32f4xx_hal_uart.o(i.HAL_UART_TxHalfCpltCallback)
    HardFault_Handler                        0x080043cb   Thumb Code     2  stm32f4xx_it.o(i.HardFault_Handler)
    MemManage_Handler                        0x08004751   Thumb Code     2  stm32f4xx_it.o(i.MemManage_Handler)
    NMI_Handler                              0x08004753   Thumb Code     2  stm32f4xx_it.o(i.NMI_Handler)
    PID_ANGLE                                0x08004775   Thumb Code   102  control_function.o(i.PID_ANGLE)
    PID_DISTANCE                             0x080047f1   Thumb Code   102  control_function.o(i.PID_DISTANCE)
    PID_L                                    0x0800486d   Thumb Code   102  control_function.o(i.PID_L)
    PID_R                                    0x080048e9   Thumb Code   102  control_function.o(i.PID_R)
    PendSV_Handler                           0x08004965   Thumb Code     2  stm32f4xx_it.o(i.PendSV_Handler)
    SVC_Handler                              0x08004967   Thumb Code     2  stm32f4xx_it.o(i.SVC_Handler)
    String_Analysis                          0x08004969   Thumb Code   408  communication_function.o(i.String_Analysis)
    SysTick_Handler                          0x08004b19   Thumb Code     4  stm32f4xx_it.o(i.SysTick_Handler)
    SystemClock_Config                       0x08004b1d   Thumb Code   126  main.o(i.SystemClock_Config)
    SystemInit                               0x08004ba5   Thumb Code    66  system_stm32f4xx.o(i.SystemInit)
    TIM1_BRK_TIM9_IRQHandler                 0x08004bf9   Thumb Code    22  stm32f4xx_it.o(i.TIM1_BRK_TIM9_IRQHandler)
    TIM1_TRG_COM_TIM11_IRQHandler            0x08004c19   Thumb Code    22  stm32f4xx_it.o(i.TIM1_TRG_COM_TIM11_IRQHandler)
    TIM1_UP_TIM10_IRQHandler                 0x08004c39   Thumb Code    42  stm32f4xx_it.o(i.TIM1_UP_TIM10_IRQHandler)
    TIM_Base_SetConfig                       0x08004c6d   Thumb Code   114  stm32f4xx_hal_tim.o(i.TIM_Base_SetConfig)
    TIM_CCxChannelCmd                        0x08004cfd   Thumb Code    22  stm32f4xx_hal_tim.o(i.TIM_CCxChannelCmd)
    TIM_OC2_SetConfig                        0x08004d89   Thumb Code    84  stm32f4xx_hal_tim.o(i.TIM_OC2_SetConfig)
    Transmit_UART_2                          0x08004ec5   Thumb Code    70  communication_function.o(i.Transmit_UART_2)
    USART2_IRQHandler                        0x08005425   Thumb Code    64  stm32f4xx_it.o(i.USART2_IRQHandler)
    USART6_IRQHandler                        0x08005471   Thumb Code    64  stm32f4xx_it.o(i.USART6_IRQHandler)
    Update_POS                               0x080054bd   Thumb Code   444  control_function.o(i.Update_POS)
    UsageFault_Handler                       0x080056d1   Thumb Code     2  stm32f4xx_it.o(i.UsageFault_Handler)
    __0sprintf                               0x080056d5   Thumb Code    34  printfa.o(i.__0sprintf)
    __1sprintf                               0x080056d5   Thumb Code     0  printfa.o(i.__0sprintf)
    __2sprintf                               0x080056d5   Thumb Code     0  printfa.o(i.__0sprintf)
    __c89sprintf                             0x080056d5   Thumb Code     0  printfa.o(i.__0sprintf)
    sprintf                                  0x080056d5   Thumb Code     0  printfa.o(i.__0sprintf)
    __ARM_fpclassify                         0x080056fd   Thumb Code    48  fpclassify.o(i.__ARM_fpclassify)
    __hardfp_atan                            0x08005731   Thumb Code   622  atan.o(i.__hardfp_atan)
    __hardfp_atan2                           0x08005a09   Thumb Code   432  atan2.o(i.__hardfp_atan2)
    __hardfp_cos                             0x08005bf9   Thumb Code   180  cos.o(i.__hardfp_cos)
    __hardfp_fabs                            0x08005cc1   Thumb Code    20  fabs.o(i.__hardfp_fabs)
    __hardfp_sin                             0x08005cd9   Thumb Code   180  sin.o(i.__hardfp_sin)
    __hardfp_sqrt                            0x08005da1   Thumb Code   122  sqrt.o(i.__hardfp_sqrt)
    __ieee754_rem_pio2                       0x08005e21   Thumb Code   938  rred.o(i.__ieee754_rem_pio2)
    __kernel_cos                             0x08006259   Thumb Code   322  cos_i.o(i.__kernel_cos)
    __kernel_poly                            0x080063c9   Thumb Code   248  poly.o(i.__kernel_poly)
    __kernel_sin                             0x080064c1   Thumb Code   280  sin_i.o(i.__kernel_sin)
    __mathlib_dbl_infnan                     0x080065f1   Thumb Code    20  dunder.o(i.__mathlib_dbl_infnan)
    __mathlib_dbl_infnan2                    0x08006605   Thumb Code    20  dunder.o(i.__mathlib_dbl_infnan2)
    __mathlib_dbl_invalid                    0x08006619   Thumb Code    24  dunder.o(i.__mathlib_dbl_invalid)
    __mathlib_dbl_underflow                  0x08006639   Thumb Code    24  dunder.o(i.__mathlib_dbl_underflow)
    __scatterload_copy                       0x08006659   Thumb Code    14  handlers.o(i.__scatterload_copy)
    __scatterload_null                       0x08006667   Thumb Code     2  handlers.o(i.__scatterload_null)
    __scatterload_zeroinit                   0x08006669   Thumb Code    14  handlers.o(i.__scatterload_zeroinit)
    __set_errno                              0x08006679   Thumb Code     6  errno.o(i.__set_errno)
    atan                                     0x08006f41   Thumb Code    16  atan.o(i.atan)
    fabs                                     0x08006f51   Thumb Code    24  fabs.o(i.fabs)
    main                                     0x08006f69   Thumb Code   336  main.o(i.main)
    next_statement                           0x080070e5   Thumb Code    70  communication_function.o(i.next_statement)
    read_double                              0x0800712b   Thumb Code    42  communication_function.o(i.read_double)
    strtod_M                                 0x08007155   Thumb Code   158  communication_function.o(i.strtod_M)
    AHBPrescTable                            0x08007200   Data          16  system_stm32f4xx.o(.constdata)
    APBPrescTable                            0x08007210   Data           8  system_stm32f4xx.o(.constdata)
    __mathlib_zero                           0x080072e0   Data           8  qnan.o(.constdata)
    Region$$Table$$Base                      0x080073d8   Number         0  anon$$obj.o(Region$$Table)
    Region$$Table$$Limit                     0x080073f8   Number         0  anon$$obj.o(Region$$Table)
    Indice_Start_RX                          0x20000048   Data           1  main.o(.data)
    Indice_Stop_RX                           0x20000049   Data           1  main.o(.data)
    Indice_Start_RX_UART2                    0x2000004a   Data           1  main.o(.data)
    Indice_Stop_RX_UART2                     0x2000004b   Data           1  main.o(.data)
    Indice_Start_TX_UART2                    0x2000004c   Data           1  main.o(.data)
    Indice_Stop_TX_UART2                     0x2000004d   Data           1  main.o(.data)
    Encoder_Right_Past                       0x2000004e   Data           2  main.o(.data)
    Encoder_Right                            0x20000050   Data           2  main.o(.data)
    Encoder_Left_Past                        0x20000052   Data           2  main.o(.data)
    Encoder_Left                             0x20000054   Data           2  main.o(.data)
    ANGLE_POS_RAD                            0x20000058   Data           4  main.o(.data)
    X_POS_MM                                 0x2000005c   Data           4  main.o(.data)
    Y_POS_MM                                 0x20000060   Data           4  main.o(.data)
    ANGLE_POS_RAD_CACHE                      0x20000064   Data           4  main.o(.data)
    X_POS_MM_CACHE                           0x20000068   Data           4  main.o(.data)
    Y_POS_MM_CACHE                           0x2000006c   Data           4  main.o(.data)
    ANGLE_DES_RAD                            0x20000070   Data           4  main.o(.data)
    X_DES_MM                                 0x20000074   Data           4  main.o(.data)
    Y_DES_MM                                 0x20000078   Data           4  main.o(.data)
    ANGLE_DES_RAD_CACHE                      0x2000007c   Data           4  main.o(.data)
    X_DES_MM_CACHE                           0x20000080   Data           4  main.o(.data)
    Y_DES_MM_CACHE                           0x20000084   Data           4  main.o(.data)
    SPEED_R_DES                              0x20000088   Data           4  main.o(.data)
    SPEED_R_DES_CACHE                        0x2000008c   Data           4  main.o(.data)
    SPEED_L_DES                              0x20000090   Data           4  main.o(.data)
    SPEED_L_DES_CACHE                        0x20000094   Data           4  main.o(.data)
    PWM_R_DES                                0x20000098   Data           4  main.o(.data)
    PWM_R_DES_CACHE                          0x2000009c   Data           4  main.o(.data)
    PWM_L_DES                                0x200000a0   Data           4  main.o(.data)
    PWM_L_DES_CACHE                          0x200000a4   Data           4  main.o(.data)
    BACKWARD                                 0x200000a8   Data           1  main.o(.data)
    BACKWARD_CACHE                           0x200000a9   Data           1  main.o(.data)
    TIMEOUT_MS                               0x200000ac   Data           4  main.o(.data)
    TIMEOUT_MS_CACHE                         0x200000b0   Data           4  main.o(.data)
    SENSOR_ENABLED                           0x200000b4   Data           2  main.o(.data)
    UPDATE_POS_PARAMETERS                    0x200000b6   Data           1  main.o(.data)
    UPDATE_DEST_PARAMETERS                   0x200000b7   Data           1  main.o(.data)
    CONTROL_ENABLED                          0x200000b8   Data           1  main.o(.data)
    UPDATE_CONTROL_PARAMETERS                0x200000b9   Data           1  main.o(.data)
    TICS_2_MM                                0x200000bc   Data           4  main.o(.data)
    TICS_2_MM_CACHE                          0x200000c0   Data           4  main.o(.data)
    SPACING_WHEELS                           0x200000c4   Data           4  main.o(.data)
    SPACING_WHEELS_CACHE                     0x200000c8   Data           4  main.o(.data)
    FINAL_BOOL_DISTANCE_MM                   0x200000cc   Data           4  main.o(.data)
    FINAL_BOOL_DISTANCE_MM_CACHE             0x200000d0   Data           4  main.o(.data)
    FINAL_BOOL2_DISTANCE_MM                  0x200000d4   Data           4  main.o(.data)
    SPEED_MAX_DISTANCE_MM_S                  0x200000d8   Data           2  main.o(.data)
    SPEED_MAX_DISTANCE_MM_S_CACHE            0x200000da   Data           2  main.o(.data)
    ACCELERATION_MAX_DISTANCE_MM_S2          0x200000dc   Data           2  main.o(.data)
    ACCELERATION_MAX_DISTANCE_MM_S2_CACHE    0x200000de   Data           2  main.o(.data)
    BRAKING_MAX_DISTANCE_MM_S2               0x200000e0   Data           2  main.o(.data)
    BRAKING_MAX_DISTANCE_MM_S2_CACHE         0x200000e2   Data           2  main.o(.data)
    SPEED_MAX_ANGLE_MM_S                     0x200000e4   Data           2  main.o(.data)
    SPEED_MAX_ANGLE_MM_S_CACHE               0x200000e6   Data           2  main.o(.data)
    ACCELERATION_MAX_ANGLE_MM_S2             0x200000e8   Data           2  main.o(.data)
    ACCELERATION_MAX_ANGLE_MM_S2_CACHE       0x200000ea   Data           2  main.o(.data)
    BRAKING_MAX_ANGLE_MM_S2                  0x200000ec   Data           2  main.o(.data)
    BRAKING_MAX_ANGLE_MM_S2_CACHE            0x200000ee   Data           2  main.o(.data)
    ANTICIPATION_PERCENTAGE                  0x200000f0   Data           4  main.o(.data)
    ANTICIPATION_PERCENTAGE_CACHE            0x200000f4   Data           4  main.o(.data)
    LOOP_CONTROL_TIMING_HZ                   0x200000f8   Data           4  main.o(.data)
    STATUS_BOOL_1                            0x200000fc   Data           1  main.o(.data)
    STATUS_BOOL_2                            0x200000fd   Data           1  main.o(.data)
    R_SPEED_TARGET                           0x20000100   Data           4  main.o(.data)
    L_SPEED_TARGET                           0x20000104   Data           4  main.o(.data)
    P_SPEED                                  0x20000108   Data           4  main.o(.data)
    P_SPEED_CACHE                            0x2000010c   Data           4  main.o(.data)
    I_SPEED                                  0x20000110   Data           4  main.o(.data)
    I_SPEED_CACHE                            0x20000114   Data           4  main.o(.data)
    D_SPEED                                  0x20000118   Data           4  main.o(.data)
    D_SPEED_CACHE                            0x2000011c   Data           4  main.o(.data)
    P_ANGLE                                  0x20000120   Data           4  main.o(.data)
    P_ANGLE_CACHE                            0x20000124   Data           4  main.o(.data)
    I_ANGLE                                  0x20000128   Data           4  main.o(.data)
    I_ANGLE_CACHE                            0x2000012c   Data           4  main.o(.data)
    D_ANGLE                                  0x20000130   Data           4  main.o(.data)
    D_ANGLE_CACHE                            0x20000134   Data           4  main.o(.data)
    P_DISTANCE                               0x20000138   Data           4  main.o(.data)
    P_DISTANCE_CACHE                         0x2000013c   Data           4  main.o(.data)
    I_DISTANCE                               0x20000140   Data           4  main.o(.data)
    I_DISTANCE_CACHE                         0x20000144   Data           4  main.o(.data)
    D_DISTANCE                               0x20000148   Data           4  main.o(.data)
    D_DISTANCE_CACHE                         0x2000014c   Data           4  main.o(.data)
    REGULATOR                                0x20000150   Data           1  main.o(.data)
    REGULATOR_CACHE                          0x20000151   Data           1  main.o(.data)
    SENSOR_DETECTED                          0x20000152   Data           2  main.o(.data)
    uwTickFreq                               0x20000154   Data           1  stm32f4xx_hal.o(.data)
    uwTickPrio                               0x20000158   Data           4  stm32f4xx_hal.o(.data)
    uwTick                                   0x2000015c   Data           4  stm32f4xx_hal.o(.data)
    SystemCoreClock                          0x20000160   Data           4  system_stm32f4xx.o(.data)
    UART_RX_Analyse                          0x20000848   Data         640  main.o(.bss)
    Result_ADC                               0x20000ac8   Data          56  main.o(.bss)
    BUFFER_RX_UART2                          0x20000b00   Data         576  main.o(.bss)
    hadc1                                    0x20000d40   Data          72  main.o(.bss)
    htim1                                    0x20000d88   Data          60  main.o(.bss)
    htim2                                    0x20000dc4   Data          60  main.o(.bss)
    htim3                                    0x20000e00   Data          60  main.o(.bss)
    htim9                                    0x20000e3c   Data          60  main.o(.bss)
    htim10                                   0x20000e78   Data          60  main.o(.bss)
    htim11                                   0x20000eb4   Data          60  main.o(.bss)
    huart2                                   0x20000ef0   Data          64  main.o(.bss)
    huart6                                   0x20000f30   Data          64  main.o(.bss)
    hdma_usart2_rx                           0x20000f70   Data          96  main.o(.bss)
    BUFFER_RX                                0x20000fd0   Data         576  main.o(.bss)
    BUFFER_TX_UART2                          0x20001210   Data         576  main.o(.bss)
    hdma_adc1                                0x20001450   Data          96  main.o(.bss)
    hdma_usart2_tx                           0x200014b0   Data          96  main.o(.bss)
    hdma_usart6_rx                           0x20001510   Data          96  main.o(.bss)
    hdma_usart6_tx                           0x20001570   Data          96  main.o(.bss)
    __initial_sp                             0x200019d0   Data           0  startup_stm32f401xe.o(STACK)



==============================================================================

Memory Map of the image

  Image Entry point : 0x08000195

  Load Region LR_IROM1 (Base: 0x08000000, Size: 0x00007560, Max: 0x00080000, ABSOLUTE, COMPRESSED[0x0000744c])

    Execution Region ER_IROM1 (Exec base: 0x08000000, Load base: 0x08000000, Size: 0x000073f8, Max: 0x00080000, ABSOLUTE)

    Exec Addr    Load Addr    Size         Type   Attr      Idx    E Section Name        Object

    0x08000000   0x08000000   0x00000194   Data   RO            3    RESET               startup_stm32f401xe.o
    0x08000194   0x08000194   0x00000000   Code   RO         3420  * .ARM.Collect$$$$00000000  mc_w.l(entry.o)
    0x08000194   0x08000194   0x00000004   Code   RO         3745    .ARM.Collect$$$$00000001  mc_w.l(entry2.o)
    0x08000198   0x08000198   0x00000004   Code   RO         3748    .ARM.Collect$$$$00000004  mc_w.l(entry5.o)
    0x0800019c   0x0800019c   0x00000000   Code   RO         3750    .ARM.Collect$$$$00000008  mc_w.l(entry7b.o)
    0x0800019c   0x0800019c   0x00000000   Code   RO         3752    .ARM.Collect$$$$0000000A  mc_w.l(entry8b.o)
    0x0800019c   0x0800019c   0x00000008   Code   RO         3753    .ARM.Collect$$$$0000000B  mc_w.l(entry9a.o)
    0x080001a4   0x080001a4   0x00000000   Code   RO         3755    .ARM.Collect$$$$0000000D  mc_w.l(entry10a.o)
    0x080001a4   0x080001a4   0x00000000   Code   RO         3757    .ARM.Collect$$$$0000000F  mc_w.l(entry11a.o)
    0x080001a4   0x080001a4   0x00000004   Code   RO         3746    .ARM.Collect$$$$00002712  mc_w.l(entry2.o)
    0x080001a8   0x080001a8   0x00000024   Code   RO            4    .text               startup_stm32f401xe.o
    0x080001cc   0x080001cc   0x00000062   Code   RO         3423    .text               mc_w.l(uldiv.o)
    0x0800022e   0x0800022e   0x00000024   Code   RO         3425    .text               mc_w.l(memseta.o)
    0x08000252   0x08000252   0x0000000e   Code   RO         3427    .text               mc_w.l(strlen.o)
    0x08000260   0x08000260   0x00000012   Code   RO         3429    .text               mc_w.l(strcpy.o)
    0x08000272   0x08000272   0x0000014e   Code   RO         3692    .text               mf_w.l(dadd.o)
    0x080003c0   0x080003c0   0x000000e4   Code   RO         3694    .text               mf_w.l(dmul.o)
    0x080004a4   0x080004a4   0x00000022   Code   RO         3696    .text               mf_w.l(dflti.o)
    0x080004c6   0x080004c6   0x00000026   Code   RO         3698    .text               mf_w.l(f2d.o)
    0x080004ec   0x080004ec   0x00000038   Code   RO         3700    .text               mf_w.l(d2f.o)
    0x08000524   0x08000524   0x0000002c   Code   RO         3762    .text               mc_w.l(uidiv.o)
    0x08000550   0x08000550   0x0000001e   Code   RO         3764    .text               mc_w.l(llshl.o)
    0x0800056e   0x0800056e   0x00000020   Code   RO         3766    .text               mc_w.l(llushr.o)
    0x0800058e   0x0800058e   0x00000024   Code   RO         3768    .text               mc_w.l(llsshr.o)
    0x080005b2   0x080005b2   0x00000000   Code   RO         3777    .text               mc_w.l(iusefp.o)
    0x080005b2   0x080005b2   0x0000006e   Code   RO         3778    .text               mf_w.l(fepilogue.o)
    0x08000620   0x08000620   0x000000ba   Code   RO         3780    .text               mf_w.l(depilogue.o)
    0x080006da   0x080006da   0x000000de   Code   RO         3782    .text               mf_w.l(ddiv.o)
    0x080007b8   0x080007b8   0x000000a2   Code   RO         3786    .text               mf_w.l(dsqrt.o)
    0x0800085a   0x0800085a   0x00000030   Code   RO         3788    .text               mf_w.l(dfixul.o)
    0x0800088a   0x0800088a   0x00000002   PAD
    0x0800088c   0x0800088c   0x00000030   Code   RO         3792    .text               mf_w.l(cdrcmple.o)
    0x080008bc   0x080008bc   0x00000024   Code   RO         3798    .text               mc_w.l(init.o)
    0x080008e0   0x080008e0   0x0000001a   Code   RO         3802    .text               mf_w.l(dfltui.o)
    0x080008fa   0x080008fa   0x0000003e   Code   RO         3804    .text               mf_w.l(dfixi.o)
    0x08000938   0x08000938   0x00000056   Code   RO         3814    .text               mc_w.l(__dczerorl2.o)
    0x0800098e   0x0800098e   0x00000062   Code   RO          767    i.ADC_DMAConvCplt   stm32f4xx_hal_adc.o
    0x080009f0   0x080009f0   0x00000016   Code   RO          768    i.ADC_DMAError      stm32f4xx_hal_adc.o
    0x08000a06   0x08000a06   0x0000000a   Code   RO          769    i.ADC_DMAHalfConvCplt  stm32f4xx_hal_adc.o
    0x08000a10   0x08000a10   0x0000000c   Code   RO          533    i.ADC_IRQHandler    stm32f4xx_it.o
    0x08000a1c   0x08000a1c   0x00000124   Code   RO          770    i.ADC_Init          stm32f4xx_hal_adc.o
    0x08000b40   0x08000b40   0x000000d8   Code   RO           13    i.Analyse_RX_Buffer  communication_function.o
    0x08000c18   0x08000c18   0x000001e0   Code   RO          265    i.Avoidance         control_function.o
    0x08000df8   0x08000df8   0x00000002   Code   RO          534    i.BusFault_Handler  stm32f4xx_it.o
    0x08000dfa   0x08000dfa   0x00000002   PAD
    0x08000dfc   0x08000dfc   0x00000164   Code   RO           14    i.COMMAND_G0        communication_function.o
    0x08000f60   0x08000f60   0x00000098   Code   RO           15    i.COMMAND_G1        communication_function.o
    0x08000ff8   0x08000ff8   0x000000f8   Code   RO           16    i.COMMAND_G2        communication_function.o
    0x080010f0   0x080010f0   0x000000b0   Code   RO           17    i.COMMAND_G92       communication_function.o
    0x080011a0   0x080011a0   0x00000040   Code   RO           18    i.COMMAND_M112      communication_function.o
    0x080011e0   0x080011e0   0x00000054   Code   RO           19    i.COMMAND_M135      communication_function.o
    0x08001234   0x08001234   0x00000100   Code   RO           20    i.COMMAND_M15       communication_function.o
    0x08001334   0x08001334   0x00000208   Code   RO           21    i.COMMAND_M201      communication_function.o
    0x0800153c   0x0800153c   0x0000007c   Code   RO           22    i.COMMAND_M202      communication_function.o
    0x080015b8   0x080015b8   0x0000008c   Code   RO           23    i.COMMAND_M3        communication_function.o
    0x08001644   0x08001644   0x00000300   Code   RO           24    i.COMMAND_M301      communication_function.o
    0x08001944   0x08001944   0x000000c8   Code   RO           25    i.COMMAND_M92       communication_function.o
    0x08001a0c   0x08001a0c   0x000000c4   Code   RO           26    i.COMMAND_O1        communication_function.o
    0x08001ad0   0x08001ad0   0x00000a58   Code   RO          266    i.Control           control_function.o
    0x08002528   0x08002528   0x0000000c   Code   RO          535    i.DMA1_Stream5_IRQHandler  stm32f4xx_it.o
    0x08002534   0x08002534   0x0000000c   Code   RO          536    i.DMA1_Stream6_IRQHandler  stm32f4xx_it.o
    0x08002540   0x08002540   0x0000000c   Code   RO          537    i.DMA2_Stream0_IRQHandler  stm32f4xx_it.o
    0x0800254c   0x0800254c   0x0000000c   Code   RO          538    i.DMA2_Stream1_IRQHandler  stm32f4xx_it.o
    0x08002558   0x08002558   0x0000000c   Code   RO          539    i.DMA2_Stream6_IRQHandler  stm32f4xx_it.o
    0x08002564   0x08002564   0x00000028   Code   RO         2721    i.DMA_CalcBaseAndBitshift  stm32f4xx_hal_dma.o
    0x0800258c   0x0800258c   0x00000054   Code   RO         2722    i.DMA_CheckFifoParam  stm32f4xx_hal_dma.o
    0x080025e0   0x080025e0   0x00000028   Code   RO         2723    i.DMA_SetConfig     stm32f4xx_hal_dma.o
    0x08002608   0x08002608   0x00000002   Code   RO          540    i.DebugMon_Handler  stm32f4xx_it.o
    0x0800260a   0x0800260a   0x00000002   Code   RO          339    i.Error_Handler     main.o
    0x0800260c   0x0800260c   0x00000002   Code   RO          941    i.HAL_ADCEx_InjectedConvCpltCallback  stm32f4xx_hal_adc_ex.o
    0x0800260e   0x0800260e   0x00000002   PAD
    0x08002610   0x08002610   0x0000014c   Code   RO          772    i.HAL_ADC_ConfigChannel  stm32f4xx_hal_adc.o
    0x0800275c   0x0800275c   0x00000010   Code   RO          340    i.HAL_ADC_ConvCpltCallback  main.o
    0x0800276c   0x0800276c   0x00000002   Code   RO          774    i.HAL_ADC_ConvHalfCpltCallback  stm32f4xx_hal_adc.o
    0x0800276e   0x0800276e   0x00000002   Code   RO          776    i.HAL_ADC_ErrorCallback  stm32f4xx_hal_adc.o
    0x08002770   0x08002770   0x0000013c   Code   RO          780    i.HAL_ADC_IRQHandler  stm32f4xx_hal_adc.o
    0x080028ac   0x080028ac   0x00000054   Code   RO          781    i.HAL_ADC_Init      stm32f4xx_hal_adc.o
    0x08002900   0x08002900   0x00000002   Code   RO          782    i.HAL_ADC_LevelOutOfWindowCallback  stm32f4xx_hal_adc.o
    0x08002902   0x08002902   0x00000002   PAD
    0x08002904   0x08002904   0x000000ec   Code   RO          689    i.HAL_ADC_MspInit   stm32f4xx_hal_msp.o
    0x080029f0   0x080029f0   0x00000100   Code   RO          788    i.HAL_ADC_Start_DMA  stm32f4xx_hal_adc.o
    0x08002af0   0x08002af0   0x0000008e   Code   RO         2724    i.HAL_DMA_Abort     stm32f4xx_hal_dma.o
    0x08002b7e   0x08002b7e   0x00000024   Code   RO         2725    i.HAL_DMA_Abort_IT  stm32f4xx_hal_dma.o
    0x08002ba2   0x08002ba2   0x00000002   PAD
    0x08002ba4   0x08002ba4   0x000001a0   Code   RO         2729    i.HAL_DMA_IRQHandler  stm32f4xx_hal_dma.o
    0x08002d44   0x08002d44   0x000000d4   Code   RO         2730    i.HAL_DMA_Init      stm32f4xx_hal_dma.o
    0x08002e18   0x08002e18   0x00000078   Code   RO         2734    i.HAL_DMA_Start_IT  stm32f4xx_hal_dma.o
    0x08002e90   0x08002e90   0x00000188   Code   RO         2617    i.HAL_GPIO_Init     stm32f4xx_hal_gpio.o
    0x08003018   0x08003018   0x0000000a   Code   RO         2621    i.HAL_GPIO_WritePin  stm32f4xx_hal_gpio.o
    0x08003022   0x08003022   0x00000002   PAD
    0x08003024   0x08003024   0x0000000c   Code   RO         3173    i.HAL_GetTick       stm32f4xx_hal.o
    0x08003030   0x08003030   0x00000010   Code   RO         3177    i.HAL_IncTick       stm32f4xx_hal.o
    0x08003040   0x08003040   0x00000034   Code   RO         3178    i.HAL_Init          stm32f4xx_hal.o
    0x08003074   0x08003074   0x00000040   Code   RO         3179    i.HAL_InitTick      stm32f4xx_hal.o
    0x080030b4   0x080030b4   0x00000034   Code   RO          690    i.HAL_MspInit       stm32f4xx_hal_msp.o
    0x080030e8   0x080030e8   0x00000016   Code   RO         3030    i.HAL_NVIC_EnableIRQ  stm32f4xx_hal_cortex.o
    0x080030fe   0x080030fe   0x00000002   PAD
    0x08003100   0x08003100   0x00000040   Code   RO         3036    i.HAL_NVIC_SetPriority  stm32f4xx_hal_cortex.o
    0x08003140   0x08003140   0x00000024   Code   RO         3037    i.HAL_NVIC_SetPriorityGrouping  stm32f4xx_hal_cortex.o
    0x08003164   0x08003164   0x00000130   Code   RO         2239    i.HAL_RCC_ClockConfig  stm32f4xx_hal_rcc.o
    0x08003294   0x08003294   0x00000020   Code   RO         2246    i.HAL_RCC_GetPCLK1Freq  stm32f4xx_hal_rcc.o
    0x080032b4   0x080032b4   0x00000020   Code   RO         2247    i.HAL_RCC_GetPCLK2Freq  stm32f4xx_hal_rcc.o
    0x080032d4   0x080032d4   0x00000060   Code   RO         2248    i.HAL_RCC_GetSysClockFreq  stm32f4xx_hal_rcc.o
    0x08003334   0x08003334   0x0000031c   Code   RO         2251    i.HAL_RCC_OscConfig  stm32f4xx_hal_rcc.o
    0x08003650   0x08003650   0x00000028   Code   RO         3041    i.HAL_SYSTICK_Config  stm32f4xx_hal_cortex.o
    0x08003678   0x08003678   0x00000002   Code   RO         1673    i.HAL_TIMEx_BreakCallback  stm32f4xx_hal_tim_ex.o
    0x0800367a   0x0800367a   0x00000002   Code   RO         1674    i.HAL_TIMEx_CommutationCallback  stm32f4xx_hal_tim_ex.o
    0x0800367c   0x0800367c   0x00000050   Code   RO         1690    i.HAL_TIMEx_MasterConfigSynchronization  stm32f4xx_hal_tim_ex.o
    0x080036cc   0x080036cc   0x00000036   Code   RO         1044    i.HAL_TIM_Base_Init  stm32f4xx_hal_tim.o
    0x08003702   0x08003702   0x00000002   PAD
    0x08003704   0x08003704   0x000000a4   Code   RO          692    i.HAL_TIM_Base_MspInit  stm32f4xx_hal_msp.o
    0x080037a8   0x080037a8   0x00000018   Code   RO         1049    i.HAL_TIM_Base_Start_IT  stm32f4xx_hal_tim.o
    0x080037c0   0x080037c0   0x000000f2   Code   RO         1053    i.HAL_TIM_ConfigClockSource  stm32f4xx_hal_tim.o
    0x080038b2   0x080038b2   0x00000096   Code   RO         1062    i.HAL_TIM_Encoder_Init  stm32f4xx_hal_tim.o
    0x08003948   0x08003948   0x000000e0   Code   RO          694    i.HAL_TIM_Encoder_MspInit  stm32f4xx_hal_msp.o
    0x08003a28   0x08003a28   0x00000034   Code   RO         1065    i.HAL_TIM_Encoder_Start  stm32f4xx_hal_tim.o
    0x08003a5c   0x08003a5c   0x00000002   Code   RO         1073    i.HAL_TIM_IC_CaptureCallback  stm32f4xx_hal_tim.o
    0x08003a5e   0x08003a5e   0x00000166   Code   RO         1086    i.HAL_TIM_IRQHandler  stm32f4xx_hal_tim.o
    0x08003bc4   0x08003bc4   0x00000050   Code   RO          695    i.HAL_TIM_MspPostInit  stm32f4xx_hal_msp.o
    0x08003c14   0x08003c14   0x00000056   Code   RO         1087    i.HAL_TIM_OC_ConfigChannel  stm32f4xx_hal_tim.o
    0x08003c6a   0x08003c6a   0x00000002   Code   RO         1089    i.HAL_TIM_OC_DelayElapsedCallback  stm32f4xx_hal_tim.o
    0x08003c6c   0x08003c6c   0x00000036   Code   RO         1091    i.HAL_TIM_OC_Init   stm32f4xx_hal_tim.o
    0x08003ca2   0x08003ca2   0x00000002   Code   RO         1093    i.HAL_TIM_OC_MspInit  stm32f4xx_hal_tim.o
    0x08003ca4   0x08003ca4   0x00000030   Code   RO         1094    i.HAL_TIM_OC_Start  stm32f4xx_hal_tim.o
    0x08003cd4   0x08003cd4   0x000000d0   Code   RO         1110    i.HAL_TIM_PWM_ConfigChannel  stm32f4xx_hal_tim.o
    0x08003da4   0x08003da4   0x00000036   Code   RO         1113    i.HAL_TIM_PWM_Init  stm32f4xx_hal_tim.o
    0x08003dda   0x08003dda   0x00000002   Code   RO         1115    i.HAL_TIM_PWM_MspInit  stm32f4xx_hal_tim.o
    0x08003ddc   0x08003ddc   0x00000002   Code   RO         1116    i.HAL_TIM_PWM_PulseFinishedCallback  stm32f4xx_hal_tim.o
    0x08003dde   0x08003dde   0x00000002   PAD
    0x08003de0   0x08003de0   0x00000030   Code   RO         1117    i.HAL_TIM_PWM_Start  stm32f4xx_hal_tim.o
    0x08003e10   0x08003e10   0x00000002   Code   RO         1123    i.HAL_TIM_PeriodElapsedCallback  stm32f4xx_hal_tim.o
    0x08003e12   0x08003e12   0x00000002   Code   RO         1127    i.HAL_TIM_TriggerCallback  stm32f4xx_hal_tim.o
    0x08003e14   0x08003e14   0x00000058   Code   RO         1931    i.HAL_UART_DMAStop  stm32f4xx_hal_uart.o
    0x08003e6c   0x08003e6c   0x00000002   Code   RO         1933    i.HAL_UART_ErrorCallback  stm32f4xx_hal_uart.o
    0x08003e6e   0x08003e6e   0x00000002   PAD
    0x08003e70   0x08003e70   0x00000110   Code   RO         1936    i.HAL_UART_IRQHandler  stm32f4xx_hal_uart.o
    0x08003f80   0x08003f80   0x00000062   Code   RO         1937    i.HAL_UART_Init     stm32f4xx_hal_uart.o
    0x08003fe2   0x08003fe2   0x00000002   PAD
    0x08003fe4   0x08003fe4   0x000001a0   Code   RO          697    i.HAL_UART_MspInit  stm32f4xx_hal_msp.o
    0x08004184   0x08004184   0x00000098   Code   RO         1941    i.HAL_UART_Receive_DMA  stm32f4xx_hal_uart.o
    0x0800421c   0x0800421c   0x00000002   Code   RO         1943    i.HAL_UART_RxCpltCallback  stm32f4xx_hal_uart.o
    0x0800421e   0x0800421e   0x00000002   Code   RO         1944    i.HAL_UART_RxHalfCpltCallback  stm32f4xx_hal_uart.o
    0x08004220   0x08004220   0x000000ba   Code   RO         1945    i.HAL_UART_Transmit  stm32f4xx_hal_uart.o
    0x080042da   0x080042da   0x00000002   PAD
    0x080042dc   0x080042dc   0x00000080   Code   RO         1946    i.HAL_UART_Transmit_DMA  stm32f4xx_hal_uart.o
    0x0800435c   0x0800435c   0x0000006c   Code   RO          541    i.HAL_UART_TxCpltCallback  stm32f4xx_it.o
    0x080043c8   0x080043c8   0x00000002   Code   RO         1949    i.HAL_UART_TxHalfCpltCallback  stm32f4xx_hal_uart.o
    0x080043ca   0x080043ca   0x00000002   Code   RO          542    i.HardFault_Handler  stm32f4xx_it.o
    0x080043cc   0x080043cc   0x00000108   Code   RO          341    i.MX_ADC1_Init      main.o
    0x080044d4   0x080044d4   0x0000007c   Code   RO          342    i.MX_DMA_Init       main.o
    0x08004550   0x08004550   0x000000b0   Code   RO          343    i.MX_GPIO_Init      main.o
    0x08004600   0x08004600   0x00000060   Code   RO          344    i.MX_TIM1_Init      main.o
    0x08004660   0x08004660   0x00000094   Code   RO          345    i.MX_TIM2_Init      main.o
    0x080046f4   0x080046f4   0x0000005c   Code   RO          346    i.MX_TIM3_Init      main.o
    0x08004750   0x08004750   0x00000002   Code   RO          543    i.MemManage_Handler  stm32f4xx_it.o
    0x08004752   0x08004752   0x00000002   Code   RO          544    i.NMI_Handler       stm32f4xx_it.o
    0x08004754   0x08004754   0x00000020   Code   RO         3043    i.NVIC_SetPriority  stm32f4xx_hal_cortex.o
    0x08004774   0x08004774   0x0000007c   Code   RO          267    i.PID_ANGLE         control_function.o
    0x080047f0   0x080047f0   0x0000007c   Code   RO          268    i.PID_DISTANCE      control_function.o
    0x0800486c   0x0800486c   0x0000007c   Code   RO          269    i.PID_L             control_function.o
    0x080048e8   0x080048e8   0x0000007c   Code   RO          270    i.PID_R             control_function.o
    0x08004964   0x08004964   0x00000002   Code   RO          545    i.PendSV_Handler    stm32f4xx_it.o
    0x08004966   0x08004966   0x00000002   Code   RO          546    i.SVC_Handler       stm32f4xx_it.o
    0x08004968   0x08004968   0x000001b0   Code   RO           27    i.String_Analysis   communication_function.o
    0x08004b18   0x08004b18   0x00000004   Code   RO          547    i.SysTick_Handler   stm32f4xx_it.o
    0x08004b1c   0x08004b1c   0x00000088   Code   RO          347    i.SystemClock_Config  main.o
    0x08004ba4   0x08004ba4   0x00000054   Code   RO         3332    i.SystemInit        system_stm32f4xx.o
    0x08004bf8   0x08004bf8   0x00000020   Code   RO          548    i.TIM1_BRK_TIM9_IRQHandler  stm32f4xx_it.o
    0x08004c18   0x08004c18   0x00000020   Code   RO          549    i.TIM1_TRG_COM_TIM11_IRQHandler  stm32f4xx_it.o
    0x08004c38   0x08004c38   0x00000034   Code   RO          550    i.TIM1_UP_TIM10_IRQHandler  stm32f4xx_it.o
    0x08004c6c   0x08004c6c   0x00000090   Code   RO         1128    i.TIM_Base_SetConfig  stm32f4xx_hal_tim.o
    0x08004cfc   0x08004cfc   0x00000016   Code   RO         1129    i.TIM_CCxChannelCmd  stm32f4xx_hal_tim.o
    0x08004d12   0x08004d12   0x00000014   Code   RO         1135    i.TIM_ETR_SetConfig  stm32f4xx_hal_tim.o
    0x08004d26   0x08004d26   0x00000010   Code   RO         1136    i.TIM_ITRx_SetConfig  stm32f4xx_hal_tim.o
    0x08004d36   0x08004d36   0x00000002   PAD
    0x08004d38   0x08004d38   0x00000050   Code   RO         1137    i.TIM_OC1_SetConfig  stm32f4xx_hal_tim.o
    0x08004d88   0x08004d88   0x00000058   Code   RO         1138    i.TIM_OC2_SetConfig  stm32f4xx_hal_tim.o
    0x08004de0   0x08004de0   0x00000058   Code   RO         1139    i.TIM_OC3_SetConfig  stm32f4xx_hal_tim.o
    0x08004e38   0x08004e38   0x00000044   Code   RO         1140    i.TIM_OC4_SetConfig  stm32f4xx_hal_tim.o
    0x08004e7c   0x08004e7c   0x00000022   Code   RO         1142    i.TIM_TI1_ConfigInputStage  stm32f4xx_hal_tim.o
    0x08004e9e   0x08004e9e   0x00000024   Code   RO         1144    i.TIM_TI2_ConfigInputStage  stm32f4xx_hal_tim.o
    0x08004ec2   0x08004ec2   0x00000002   PAD
    0x08004ec4   0x08004ec4   0x00000058   Code   RO           28    i.Transmit_UART_2   communication_function.o
    0x08004f1c   0x08004f1c   0x00000010   Code   RO         1950    i.UART_DMAAbortOnError  stm32f4xx_hal_uart.o
    0x08004f2c   0x08004f2c   0x0000004a   Code   RO         1951    i.UART_DMAError     stm32f4xx_hal_uart.o
    0x08004f76   0x08004f76   0x0000003c   Code   RO         1952    i.UART_DMAReceiveCplt  stm32f4xx_hal_uart.o
    0x08004fb2   0x08004fb2   0x0000000a   Code   RO         1954    i.UART_DMARxHalfCplt  stm32f4xx_hal_uart.o
    0x08004fbc   0x08004fbc   0x0000002e   Code   RO         1956    i.UART_DMATransmitCplt  stm32f4xx_hal_uart.o
    0x08004fea   0x08004fea   0x0000000a   Code   RO         1958    i.UART_DMATxHalfCplt  stm32f4xx_hal_uart.o
    0x08004ff4   0x08004ff4   0x0000001c   Code   RO         1960    i.UART_EndRxTransfer  stm32f4xx_hal_uart.o
    0x08005010   0x08005010   0x00000012   Code   RO         1961    i.UART_EndTxTransfer  stm32f4xx_hal_uart.o
    0x08005022   0x08005022   0x0000008c   Code   RO         1962    i.UART_Receive_IT   stm32f4xx_hal_uart.o
    0x080050ae   0x080050ae   0x00000002   PAD
    0x080050b0   0x080050b0   0x000002ac   Code   RO         1963    i.UART_SetConfig    stm32f4xx_hal_uart.o
    0x0800535c   0x0800535c   0x00000062   Code   RO         1964    i.UART_Transmit_IT  stm32f4xx_hal_uart.o
    0x080053be   0x080053be   0x00000064   Code   RO         1965    i.UART_WaitOnFlagUntilTimeout  stm32f4xx_hal_uart.o
    0x08005422   0x08005422   0x00000002   PAD
    0x08005424   0x08005424   0x0000004c   Code   RO          551    i.USART2_IRQHandler  stm32f4xx_it.o
    0x08005470   0x08005470   0x0000004c   Code   RO          552    i.USART6_IRQHandler  stm32f4xx_it.o
    0x080054bc   0x080054bc   0x00000214   Code   RO          271    i.Update_POS        control_function.o
    0x080056d0   0x080056d0   0x00000002   Code   RO          553    i.UsageFault_Handler  stm32f4xx_it.o
    0x080056d2   0x080056d2   0x00000002   PAD
    0x080056d4   0x080056d4   0x00000028   Code   RO         3666    i.__0sprintf        mc_w.l(printfa.o)
    0x080056fc   0x080056fc   0x00000030   Code   RO         3794    i.__ARM_fpclassify  m_wm.l(fpclassify.o)
    0x0800572c   0x0800572c   0x00000004   PAD
    0x08005730   0x08005730   0x000002d8   Code   RO         3702    i.__hardfp_atan     m_wm.l(atan.o)
    0x08005a08   0x08005a08   0x000001f0   Code   RO         3366    i.__hardfp_atan2    m_wm.l(atan2.o)
    0x08005bf8   0x08005bf8   0x000000c8   Code   RO         3378    i.__hardfp_cos      m_wm.l(cos.o)
    0x08005cc0   0x08005cc0   0x00000014   Code   RO         3390    i.__hardfp_fabs     m_wm.l(fabs.o)
    0x08005cd4   0x08005cd4   0x00000004   PAD
    0x08005cd8   0x08005cd8   0x000000c8   Code   RO         3396    i.__hardfp_sin      m_wm.l(sin.o)
    0x08005da0   0x08005da0   0x0000007a   Code   RO         3408    i.__hardfp_sqrt     m_wm.l(sqrt.o)
    0x08005e1a   0x08005e1a   0x00000006   PAD
    0x08005e20   0x08005e20   0x00000438   Code   RO         3734    i.__ieee754_rem_pio2  m_wm.l(rred.o)
    0x08006258   0x08006258   0x00000170   Code   RO         3716    i.__kernel_cos      m_wm.l(cos_i.o)
    0x080063c8   0x080063c8   0x000000f8   Code   RO         3796    i.__kernel_poly     m_wm.l(poly.o)
    0x080064c0   0x080064c0   0x00000130   Code   RO         3739    i.__kernel_sin      m_wm.l(sin_i.o)
    0x080065f0   0x080065f0   0x00000014   Code   RO         3720    i.__mathlib_dbl_infnan  m_wm.l(dunder.o)
    0x08006604   0x08006604   0x00000014   Code   RO         3721    i.__mathlib_dbl_infnan2  m_wm.l(dunder.o)
    0x08006618   0x08006618   0x00000020   Code   RO         3722    i.__mathlib_dbl_invalid  m_wm.l(dunder.o)
    0x08006638   0x08006638   0x00000020   Code   RO         3725    i.__mathlib_dbl_underflow  m_wm.l(dunder.o)
    0x08006658   0x08006658   0x0000000e   Code   RO         3808    i.__scatterload_copy  mc_w.l(handlers.o)
    0x08006666   0x08006666   0x00000002   Code   RO         3809    i.__scatterload_null  mc_w.l(handlers.o)
    0x08006668   0x08006668   0x0000000e   Code   RO         3810    i.__scatterload_zeroinit  mc_w.l(handlers.o)
    0x08006676   0x08006676   0x00000002   PAD
    0x08006678   0x08006678   0x0000000c   Code   RO         3772    i.__set_errno       mc_w.l(errno.o)
    0x08006684   0x08006684   0x00000184   Code   RO         3671    i._fp_digits        mc_w.l(printfa.o)
    0x08006808   0x08006808   0x000006dc   Code   RO         3672    i._printf_core      mc_w.l(printfa.o)
    0x08006ee4   0x08006ee4   0x00000024   Code   RO         3673    i._printf_post_padding  mc_w.l(printfa.o)
    0x08006f08   0x08006f08   0x0000002e   Code   RO         3674    i._printf_pre_padding  mc_w.l(printfa.o)
    0x08006f36   0x08006f36   0x0000000a   Code   RO         3676    i._sputc            mc_w.l(printfa.o)
    0x08006f40   0x08006f40   0x00000010   Code   RO         3704    i.atan              m_wm.l(atan.o)
    0x08006f50   0x08006f50   0x00000018   Code   RO         3392    i.fabs              m_wm.l(fabs.o)
    0x08006f68   0x08006f68   0x0000017c   Code   RO          350    i.main              main.o
    0x080070e4   0x080070e4   0x00000046   Code   RO           30    i.next_statement    communication_function.o
    0x0800712a   0x0800712a   0x0000002a   Code   RO           31    i.read_double       communication_function.o
    0x08007154   0x08007154   0x000000a4   Code   RO           32    i.strtod_M          communication_function.o
    0x080071f8   0x080071f8   0x00000008   Data   RO         2736    .constdata          stm32f4xx_hal_dma.o
    0x08007200   0x08007200   0x00000010   Data   RO         3333    .constdata          system_stm32f4xx.o
    0x08007210   0x08007210   0x00000008   Data   RO         3334    .constdata          system_stm32f4xx.o
    0x08007218   0x08007218   0x00000098   Data   RO         3705    .constdata          m_wm.l(atan.o)
    0x080072b0   0x080072b0   0x00000030   Data   RO         3717    .constdata          m_wm.l(cos_i.o)
    0x080072e0   0x080072e0   0x00000008   Data   RO         3733    .constdata          m_wm.l(qnan.o)
    0x080072e8   0x080072e8   0x000000c8   Data   RO         3736    .constdata          m_wm.l(rred.o)
    0x080073b0   0x080073b0   0x00000028   Data   RO         3740    .constdata          m_wm.l(sin_i.o)
    0x080073d8   0x080073d8   0x00000020   Data   RO         3806    Region$$Table       anon$$obj.o


    Execution Region RW_IRAM1 (Exec base: 0x20000000, Load base: 0x080073f8, Size: 0x000019d0, Max: 0x00018000, ABSOLUTE, COMPRESSED[0x00000054])

    Exec Addr    Load Addr    Size         Type   Attr      Idx    E Section Name        Object

    0x20000000   COMPRESSED   0x00000004   Data   RW           33    .data               communication_function.o
    0x20000004   COMPRESSED   0x00000044   Data   RW          275    .data               control_function.o
    0x20000048   COMPRESSED   0x00000001   Data   RW          360    .data               main.o
    0x20000049   COMPRESSED   0x00000001   Data   RW          361    .data               main.o
    0x2000004a   COMPRESSED   0x00000001   Data   RW          364    .data               main.o
    0x2000004b   COMPRESSED   0x00000001   Data   RW          365    .data               main.o
    0x2000004c   COMPRESSED   0x00000001   Data   RW          366    .data               main.o
    0x2000004d   COMPRESSED   0x00000001   Data   RW          367    .data               main.o
    0x2000004e   COMPRESSED   0x00000002   Data   RW          369    .data               main.o
    0x20000050   COMPRESSED   0x00000002   Data   RW          370    .data               main.o
    0x20000052   COMPRESSED   0x00000002   Data   RW          371    .data               main.o
    0x20000054   COMPRESSED   0x00000002   Data   RW          372    .data               main.o
    0x20000056   COMPRESSED   0x00000002   PAD
    0x20000058   COMPRESSED   0x00000004   Data   RW          373    .data               main.o
    0x2000005c   COMPRESSED   0x00000004   Data   RW          374    .data               main.o
    0x20000060   COMPRESSED   0x00000004   Data   RW          375    .data               main.o
    0x20000064   COMPRESSED   0x00000004   Data   RW          376    .data               main.o
    0x20000068   COMPRESSED   0x00000004   Data   RW          377    .data               main.o
    0x2000006c   COMPRESSED   0x00000004   Data   RW          378    .data               main.o
    0x20000070   COMPRESSED   0x00000004   Data   RW          379    .data               main.o
    0x20000074   COMPRESSED   0x00000004   Data   RW          380    .data               main.o
    0x20000078   COMPRESSED   0x00000004   Data   RW          381    .data               main.o
    0x2000007c   COMPRESSED   0x00000004   Data   RW          382    .data               main.o
    0x20000080   COMPRESSED   0x00000004   Data   RW          383    .data               main.o
    0x20000084   COMPRESSED   0x00000004   Data   RW          384    .data               main.o
    0x20000088   COMPRESSED   0x00000004   Data   RW          385    .data               main.o
    0x2000008c   COMPRESSED   0x00000004   Data   RW          386    .data               main.o
    0x20000090   COMPRESSED   0x00000004   Data   RW          387    .data               main.o
    0x20000094   COMPRESSED   0x00000004   Data   RW          388    .data               main.o
    0x20000098   COMPRESSED   0x00000004   Data   RW          389    .data               main.o
    0x2000009c   COMPRESSED   0x00000004   Data   RW          390    .data               main.o
    0x200000a0   COMPRESSED   0x00000004   Data   RW          391    .data               main.o
    0x200000a4   COMPRESSED   0x00000004   Data   RW          392    .data               main.o
    0x200000a8   COMPRESSED   0x00000001   Data   RW          393    .data               main.o
    0x200000a9   COMPRESSED   0x00000001   Data   RW          394    .data               main.o
    0x200000aa   COMPRESSED   0x00000002   PAD
    0x200000ac   COMPRESSED   0x00000004   Data   RW          395    .data               main.o
    0x200000b0   COMPRESSED   0x00000004   Data   RW          396    .data               main.o
    0x200000b4   COMPRESSED   0x00000002   Data   RW          397    .data               main.o
    0x200000b6   COMPRESSED   0x00000001   Data   RW          398    .data               main.o
    0x200000b7   COMPRESSED   0x00000001   Data   RW          399    .data               main.o
    0x200000b8   COMPRESSED   0x00000001   Data   RW          400    .data               main.o
    0x200000b9   COMPRESSED   0x00000001   Data   RW          401    .data               main.o
    0x200000ba   COMPRESSED   0x00000002   PAD
    0x200000bc   COMPRESSED   0x00000004   Data   RW          402    .data               main.o
    0x200000c0   COMPRESSED   0x00000004   Data   RW          403    .data               main.o
    0x200000c4   COMPRESSED   0x00000004   Data   RW          404    .data               main.o
    0x200000c8   COMPRESSED   0x00000004   Data   RW          405    .data               main.o
    0x200000cc   COMPRESSED   0x00000004   Data   RW          406    .data               main.o
    0x200000d0   COMPRESSED   0x00000004   Data   RW          407    .data               main.o
    0x200000d4   COMPRESSED   0x00000004   Data   RW          408    .data               main.o
    0x200000d8   COMPRESSED   0x00000002   Data   RW          410    .data               main.o
    0x200000da   COMPRESSED   0x00000002   Data   RW          411    .data               main.o
    0x200000dc   COMPRESSED   0x00000002   Data   RW          412    .data               main.o
    0x200000de   COMPRESSED   0x00000002   Data   RW          413    .data               main.o
    0x200000e0   COMPRESSED   0x00000002   Data   RW          414    .data               main.o
    0x200000e2   COMPRESSED   0x00000002   Data   RW          415    .data               main.o
    0x200000e4   COMPRESSED   0x00000002   Data   RW          416    .data               main.o
    0x200000e6   COMPRESSED   0x00000002   Data   RW          417    .data               main.o
    0x200000e8   COMPRESSED   0x00000002   Data   RW          418    .data               main.o
    0x200000ea   COMPRESSED   0x00000002   Data   RW          419    .data               main.o
    0x200000ec   COMPRESSED   0x00000002   Data   RW          420    .data               main.o
    0x200000ee   COMPRESSED   0x00000002   Data   RW          421    .data               main.o
    0x200000f0   COMPRESSED   0x00000004   Data   RW          422    .data               main.o
    0x200000f4   COMPRESSED   0x00000004   Data   RW          423    .data               main.o
    0x200000f8   COMPRESSED   0x00000004   Data   RW          424    .data               main.o
    0x200000fc   COMPRESSED   0x00000001   Data   RW          425    .data               main.o
    0x200000fd   COMPRESSED   0x00000001   Data   RW          426    .data               main.o
    0x200000fe   COMPRESSED   0x00000002   PAD
    0x20000100   COMPRESSED   0x00000004   Data   RW          427    .data               main.o
    0x20000104   COMPRESSED   0x00000004   Data   RW          428    .data               main.o
    0x20000108   COMPRESSED   0x00000004   Data   RW          429    .data               main.o
    0x2000010c   COMPRESSED   0x00000004   Data   RW          430    .data               main.o
    0x20000110   COMPRESSED   0x00000004   Data   RW          431    .data               main.o
    0x20000114   COMPRESSED   0x00000004   Data   RW          432    .data               main.o
    0x20000118   COMPRESSED   0x00000004   Data   RW          433    .data               main.o
    0x2000011c   COMPRESSED   0x00000004   Data   RW          434    .data               main.o
    0x20000120   COMPRESSED   0x00000004   Data   RW          435    .data               main.o
    0x20000124   COMPRESSED   0x00000004   Data   RW          436    .data               main.o
    0x20000128   COMPRESSED   0x00000004   Data   RW          437    .data               main.o
    0x2000012c   COMPRESSED   0x00000004   Data   RW          438    .data               main.o
    0x20000130   COMPRESSED   0x00000004   Data   RW          439    .data               main.o
    0x20000134   COMPRESSED   0x00000004   Data   RW          440    .data               main.o
    0x20000138   COMPRESSED   0x00000004   Data   RW          441    .data               main.o
    0x2000013c   COMPRESSED   0x00000004   Data   RW          442    .data               main.o
    0x20000140   COMPRESSED   0x00000004   Data   RW          443    .data               main.o
    0x20000144   COMPRESSED   0x00000004   Data   RW          444    .data               main.o
    0x20000148   COMPRESSED   0x00000004   Data   RW          445    .data               main.o
    0x2000014c   COMPRESSED   0x00000004   Data   RW          446    .data               main.o
    0x20000150   COMPRESSED   0x00000001   Data   RW          447    .data               main.o
    0x20000151   COMPRESSED   0x00000001   Data   RW          448    .data               main.o
    0x20000152   COMPRESSED   0x00000002   Data   RW          449    .data               main.o
    0x20000154   COMPRESSED   0x0000000c   Data   RW         3185    .data               stm32f4xx_hal.o
    0x20000160   COMPRESSED   0x00000004   Data   RW         3335    .data               system_stm32f4xx.o
    0x20000164   COMPRESSED   0x00000004   Data   RW         3773    .data               mc_w.l(errno.o)
    0x20000168        -       0x000006e0   Zero   RW          272    .bss                control_function.o
    0x20000848        -       0x00000280   Zero   RW          351    .bss                main.o
    0x20000ac8        -       0x00000508   Zero   RW          352    .bss                main.o
    0x20000fd0        -       0x00000240   Zero   RW          353    .bss                main.o
    0x20001210        -       0x00000240   Zero   RW          355    .bss                main.o
    0x20001450        -       0x00000060   Zero   RW          356    .bss                main.o
    0x200014b0        -       0x00000060   Zero   RW          357    .bss                main.o
    0x20001510        -       0x00000060   Zero   RW          358    .bss                main.o
    0x20001570        -       0x00000060   Zero   RW          359    .bss                main.o
    0x200015d0        -       0x00000400   Zero   RW            1    STACK               startup_stm32f401xe.o


==============================================================================

Image component sizes


      Code (inc. data)   RO Data    RW Data    ZI Data      Debug   Object Name

      4296       1070          0          4          0     454005   communication_function.o
      4156        810          0         68       1760       9410   control_function.o
      1434        116          0        260       3464      14992   main.o
        36          8        404          0       1024        940   startup_stm32f401xe.o
       144         24          0         12          0       4557   stm32f4xx_hal.o
      1416         56          0          0          0       9486   stm32f4xx_hal_adc.o
         2          0          0          0          0       1189   stm32f4xx_hal_adc_ex.o
       194         14          0          0          0      31015   stm32f4xx_hal_cortex.o
      1090         16          8          0          0       8282   stm32f4xx_hal_dma.o
       402         34          0          0          0       2712   stm32f4xx_hal_gpio.o
      1172        124          0          0          0       5974   stm32f4xx_hal_msp.o
      1260         76          0          0          0       5764   stm32f4xx_hal_rcc.o
      1988         62          0          0          0      24160   stm32f4xx_hal_tim.o
        84          0          0          0          0       2826   stm32f4xx_hal_tim_ex.o
      2216         42          0          0          0      18503   stm32f4xx_hal_uart.o
       468        110          0          0          0      13200   stm32f4xx_it.o
        84         18         24          4          0       1467   system_stm32f4xx.o

    ----------------------------------------------------------------------
     20474       2580        468        356       6248     608482   Object Totals
         0          0         32          0          0          0   (incl. Generated)
        32          0          0          8          0          0   (incl. Padding)

    ----------------------------------------------------------------------

      Code (inc. data)   RO Data    RW Data    ZI Data      Debug   Library Member Name

       744        106        152          0          0        352   atan.o
       496         64          0          0          0        192   atan2.o
       200         20          0          0          0        164   cos.o
       368         46         48          0          0        200   cos_i.o
       104         16          0          0          0        496   dunder.o
        44          0          0          0          0        248   fabs.o
        48          0          0          0          0        124   fpclassify.o
       248          0          0          0          0        152   poly.o
         0          0          8          0          0          0   qnan.o
      1080        142        200          0          0        188   rred.o
       200         20          0          0          0        164   sin.o
       304         24         40          0          0        208   sin_i.o
       122          0          0          0          0        148   sqrt.o
        86          0          0          0          0          0   __dczerorl2.o
         0          0          0          0          0          0   entry.o
         0          0          0          0          0          0   entry10a.o
         0          0          0          0          0          0   entry11a.o
         8          4          0          0          0          0   entry2.o
         4          0          0          0          0          0   entry5.o
         0          0          0          0          0          0   entry7b.o
         0          0          0          0          0          0   entry8b.o
         8          4          0          0          0          0   entry9a.o
        12          6          0          4          0         68   errno.o
        30          0          0          0          0          0   handlers.o
        36          8          0          0          0         68   init.o
         0          0          0          0          0          0   iusefp.o
        30          0          0          0          0         68   llshl.o
        36          0          0          0          0         68   llsshr.o
        32          0          0          0          0         68   llushr.o
        36          0          0          0          0        108   memseta.o
      2276         86          0          0          0        520   printfa.o
        18          0          0          0          0         68   strcpy.o
        14          0          0          0          0         68   strlen.o
        44          0          0          0          0         80   uidiv.o
        98          0          0          0          0         92   uldiv.o
        48          0          0          0          0         68   cdrcmple.o
        56          0          0          0          0         88   d2f.o
       334          0          0          0          0        148   dadd.o
       222          0          0          0          0        100   ddiv.o
       186          0          0          0          0        176   depilogue.o
        62          0          0          0          0         80   dfixi.o
        48          0          0          0          0         68   dfixul.o
        34          0          0          0          0         76   dflti.o
        26          0          0          0          0         76   dfltui.o
       228          0          0          0          0         96   dmul.o
       162          0          0          0          0        100   dsqrt.o
        38          0          0          0          0         68   f2d.o
       110          0          0          0          0        168   fepilogue.o

    ----------------------------------------------------------------------
      8298        546        448          4          0       5224   Library Totals
        18          0          0          0          0          0   (incl. Padding)

    ----------------------------------------------------------------------

      Code (inc. data)   RO Data    RW Data    ZI Data      Debug   Library Name

      3958        438        448          0          0       2636   m_wm.l
      2768        108          0          4          0       1276   mc_w.l
      1554          0          0          0          0       1312   mf_w.l

    ----------------------------------------------------------------------
      8298        546        448          4          0       5224   Library Totals

    ----------------------------------------------------------------------

==============================================================================


      Code (inc. data)   RO Data    RW Data    ZI Data      Debug   

     28772       3126        916        360       6248     596538   Grand Totals
     28772       3126        916         84       6248     596538   ELF Image Totals (compressed)
     28772       3126        916         84          0          0   ROM Totals

==============================================================================

    Total RO  Size (Code + RO Data)                29688 (  28.99kB)
    Total RW  Size (RW Data + ZI Data)              6608 (   6.45kB)
    Total ROM Size (Code + RO Data + RW Data)      29772 (  29.07kB)

==============================================================================

