Component: ARM Compiler 5.06 update 6 (build 750) Tool: armlink [4d35ed]

==============================================================================

Section Cross References

    startup_stm32f401xe.o(RESET) refers to startup_stm32f401xe.o(STACK) for __initial_sp
    startup_stm32f401xe.o(RESET) refers to startup_stm32f401xe.o(.text) for Reset_Handler
    startup_stm32f401xe.o(RESET) refers to stm32f4xx_it.o(i.NMI_Handler) for NMI_Handler
    startup_stm32f401xe.o(RESET) refers to stm32f4xx_it.o(i.HardFault_Handler) for HardFault_Handler
    startup_stm32f401xe.o(RESET) refers to stm32f4xx_it.o(i.MemManage_Handler) for MemManage_Handler
    startup_stm32f401xe.o(RESET) refers to stm32f4xx_it.o(i.BusFault_Handler) for BusFault_Handler
    startup_stm32f401xe.o(RESET) refers to stm32f4xx_it.o(i.UsageFault_Handler) for UsageFault_Handler
    startup_stm32f401xe.o(RESET) refers to stm32f4xx_it.o(i.SVC_Handler) for SVC_Handler
    startup_stm32f401xe.o(RESET) refers to stm32f4xx_it.o(i.DebugMon_Handler) for DebugMon_Handler
    startup_stm32f401xe.o(RESET) refers to stm32f4xx_it.o(i.PendSV_Handler) for PendSV_Handler
    startup_stm32f401xe.o(RESET) refers to stm32f4xx_it.o(i.SysTick_Handler) for SysTick_Handler
    startup_stm32f401xe.o(RESET) refers to stm32f4xx_it.o(i.DMA1_Stream5_IRQHandler) for DMA1_Stream5_IRQHandler
    startup_stm32f401xe.o(RESET) refers to stm32f4xx_it.o(i.DMA1_Stream6_IRQHandler) for DMA1_Stream6_IRQHandler
    startup_stm32f401xe.o(RESET) refers to stm32f4xx_it.o(i.ADC_IRQHandler) for ADC_IRQHandler
    startup_stm32f401xe.o(RESET) refers to stm32f4xx_it.o(i.TIM1_UP_TIM10_IRQHandler) for TIM1_UP_TIM10_IRQHandler
    startup_stm32f401xe.o(RESET) refers to stm32f4xx_it.o(i.TIM1_TRG_COM_TIM11_IRQHandler) for TIM1_TRG_COM_TIM11_IRQHandler
    startup_stm32f401xe.o(RESET) refers to stm32f4xx_it.o(i.TIM4_IRQHandler) for TIM4_IRQHandler
    startup_stm32f401xe.o(RESET) refers to stm32f4xx_it.o(i.USART2_IRQHandler) for USART2_IRQHandler
    startup_stm32f401xe.o(RESET) refers to stm32f4xx_it.o(i.DMA2_Stream0_IRQHandler) for DMA2_Stream0_IRQHandler
    startup_stm32f401xe.o(RESET) refers to stm32f4xx_it.o(i.DMA2_Stream1_IRQHandler) for DMA2_Stream1_IRQHandler
    startup_stm32f401xe.o(RESET) refers to stm32f4xx_it.o(i.DMA2_Stream6_IRQHandler) for DMA2_Stream6_IRQHandler
    startup_stm32f401xe.o(RESET) refers to stm32f4xx_it.o(i.USART6_IRQHandler) for USART6_IRQHandler
    startup_stm32f401xe.o(.text) refers to system_stm32f4xx.o(i.SystemInit) for SystemInit
    startup_stm32f401xe.o(.text) refers to entry.o(.ARM.Collect$$$$00000000) for __main
    communication_function.o(i.Analyse_RX_Buffer) refers to strcpy.o(.text) for strcpy
    communication_function.o(i.Analyse_RX_Buffer) refers to communication_function.o(i.String_Analysis) for String_Analysis
    communication_function.o(i.Analyse_RX_Buffer) refers to main.o(.data) for Indice_Start_RX
    communication_function.o(i.Analyse_RX_Buffer) refers to main.o(.data) for Indice_Stop_RX
    communication_function.o(i.Analyse_RX_Buffer) refers to main.o(.bss) for BUFFER_RX
    communication_function.o(i.Analyse_RX_Buffer) refers to main.o(.data) for Indice_Start_RX_UART2
    communication_function.o(i.Analyse_RX_Buffer) refers to main.o(.bss) for UART_RX_Analyse
    communication_function.o(i.COMMAND_G0) refers to f2d.o(.text) for __aeabi_f2d
    communication_function.o(i.COMMAND_G0) refers to printfa.o(i.__0sprintf) for __2sprintf
    communication_function.o(i.COMMAND_G0) refers to communication_function.o(i.Transmit_UART) for Transmit_UART
    communication_function.o(i.COMMAND_G0) refers to main.o(.data) for UPDATE_DEST_PARAMETERS
    communication_function.o(i.COMMAND_G0) refers to main.o(.data) for X_DES_MM_CACHE
    communication_function.o(i.COMMAND_G0) refers to main.o(.data) for Y_DES_MM_CACHE
    communication_function.o(i.COMMAND_G0) refers to main.o(.data) for ANGLE_DES_RAD_CACHE
    communication_function.o(i.COMMAND_G0) refers to main.o(.data) for ANGLE_DES_RAD
    communication_function.o(i.COMMAND_G0) refers to main.o(.data) for X_DES_MM
    communication_function.o(i.COMMAND_G0) refers to main.o(.data) for Y_DES_MM
    communication_function.o(i.COMMAND_G1) refers to f2d.o(.text) for __aeabi_f2d
    communication_function.o(i.COMMAND_G1) refers to printfa.o(i.__0sprintf) for __2sprintf
    communication_function.o(i.COMMAND_G1) refers to communication_function.o(i.Transmit_UART) for Transmit_UART
    communication_function.o(i.COMMAND_G1) refers to main.o(.data) for R_SPEED_TARGET
    communication_function.o(i.COMMAND_G1) refers to main.o(.data) for L_SPEED_TARGET
    communication_function.o(i.COMMAND_G1) refers to main.o(.data) for UPDATE_DEST_PARAMETERS
    communication_function.o(i.COMMAND_G92) refers to f2d.o(.text) for __aeabi_f2d
    communication_function.o(i.COMMAND_G92) refers to printfa.o(i.__0sprintf) for __2sprintf
[...]
    UART_DMAAbortOnError                     0x080042d9   Thumb Code    16  stm32f4xx_hal_uart.o(i.UART_DMAAbortOnError)
    i.UART_DMAError                          0x080042e8   Section        0  stm32f4xx_hal_uart.o(i.UART_DMAError)
    UART_DMAError                            0x080042e9   Thumb Code    74  stm32f4xx_hal_uart.o(i.UART_DMAError)
    i.UART_DMAReceiveCplt                    0x08004332   Section        0  stm32f4xx_hal_uart.o(i.UART_DMAReceiveCplt)
    UART_DMAReceiveCplt                      0x08004333   Thumb Code    60  stm32f4xx_hal_uart.o(i.UART_DMAReceiveCplt)
    i.UART_DMARxHalfCplt                     0x0800436e   Section        0  stm32f4xx_hal_uart.o(i.UART_DMARxHalfCplt)
    UART_DMARxHalfCplt                       0x0800436f   Thumb Code    10  stm32f4xx_hal_uart.o(i.UART_DMARxHalfCplt)
    i.UART_DMATransmitCplt                   0x08004378   Section        0  stm32f4xx_hal_uart.o(i.UART_DMATransmitCplt)
    UART_DMATransmitCplt                     0x08004379   Thumb Code    46  stm32f4xx_hal_uart.o(i.UART_DMATransmitCplt)
    i.UART_DMATxHalfCplt                     0x080043a6   Section        0  stm32f4xx_hal_uart.o(i.UART_DMATxHalfCplt)
    UART_DMATxHalfCplt                       0x080043a7   Thumb Code    10  stm32f4xx_hal_uart.o(i.UART_DMATxHalfCplt)
    i.UART_EndRxTransfer                     0x080043b0   Section        0  stm32f4xx_hal_uart.o(i.UART_EndRxTransfer)
    UART_EndRxTransfer                       0x080043b1   Thumb Code    28  stm32f4xx_hal_uart.o(i.UART_EndRxTransfer)
    i.UART_EndTxTransfer                     0x080043cc   Section        0  stm32f4xx_hal_uart.o(i.UART_EndTxTransfer)
    UART_EndTxTransfer                       0x080043cd   Thumb Code    18  stm32f4xx_hal_uart.o(i.UART_EndTxTransfer)
    i.UART_Receive_IT                        0x080043de   Section        0  stm32f4xx_hal_uart.o(i.UART_Receive_IT)
    UART_Receive_IT                          0x080043df   Thumb Code   140  stm32f4xx_hal_uart.o(i.UART_Receive_IT)
    i.UART_SetConfig                         0x0800446c   Section        0  stm32f4xx_hal_uart.o(i.UART_SetConfig)
    UART_SetConfig                           0x0800446d   Thumb Code   676  stm32f4xx_hal_uart.o(i.UART_SetConfig)
    i.UART_Transmit_IT                       0x08004718   Section        0  stm32f4xx_hal_uart.o(i.UART_Transmit_IT)
    UART_Transmit_IT                         0x08004719   Thumb Code    98  stm32f4xx_hal_uart.o(i.UART_Transmit_IT)
    i.USART2_IRQHandler                      0x0800477c   Section        0  stm32f4xx_it.o(i.USART2_IRQHandler)
    i.USART6_IRQHandler                      0x080047c8   Section        0  stm32f4xx_it.o(i.USART6_IRQHandler)
    i.Update_POS                             0x08004814   Section        0  control_function.o(i.Update_POS)
    i.UsageFault_Handler                     0x080049fc   Section        0  stm32f4xx_it.o(i.UsageFault_Handler)
    i.__0sprintf                             0x08004a00   Section        0  printfa.o(i.__0sprintf)
    i.__ARM_fpclassify                       0x08004a28   Section        0  fpclassify.o(i.__ARM_fpclassify)
    i.__hardfp_cos                           0x08004a58   Section        0  cos.o(i.__hardfp_cos)
    i.__hardfp_sin                           0x08004b20   Section        0  sin.o(i.__hardfp_sin)
    i.__hardfp_sqrt                          0x08004be8   Section        0  sqrt.o(i.__hardfp_sqrt)
    i.__ieee754_rem_pio2                     0x08004c68   Section        0  rred.o(i.__ieee754_rem_pio2)
    i.__kernel_cos                           0x080050a0   Section        0  cos_i.o(i.__kernel_cos)
    i.__kernel_poly                          0x08005210   Section        0  poly.o(i.__kernel_poly)
    i.__kernel_sin                           0x08005308   Section        0  sin_i.o(i.__kernel_sin)
    i.__mathlib_dbl_infnan                   0x08005438   Section        0  dunder.o(i.__mathlib_dbl_infnan)
    i.__mathlib_dbl_invalid                  0x08005450   Section        0  dunder.o(i.__mathlib_dbl_invalid)
    i.__mathlib_dbl_underflow                0x08005470   Section        0  dunder.o(i.__mathlib_dbl_underflow)
    i.__scatterload_copy                     0x08005490   Section       14  handlers.o(i.__scatterload_copy)
    i.__scatterload_null                     0x0800549e   Section        2  handlers.o(i.__scatterload_null)
    i.__scatterload_zeroinit                 0x080054a0   Section       14  handlers.o(i.__scatterload_zeroinit)
    i.__set_errno                            0x080054b0   Section        0  errno.o(i.__set_errno)
    i._fp_digits                             0x080054bc   Section        0  printfa.o(i._fp_digits)
    _fp_digits                               0x080054bd   Thumb Code   366  printfa.o(i._fp_digits)
    i._printf_core                           0x08005640   Section        0  printfa.o(i._printf_core)
    _printf_core                             0x08005641   Thumb Code  1744  printfa.o(i._printf_core)
    i._printf_post_padding                   0x08005d1c   Section        0  printfa.o(i._printf_post_padding)
    _printf_post_padding                     0x08005d1d   Thumb Code    36  printfa.o(i._printf_post_padding)
    i._printf_pre_padding                    0x08005d40   Section        0  printfa.o(i._printf_pre_padding)
    _printf_pre_padding                      0x08005d41   Thumb Code    46  printfa.o(i._printf_pre_padding)
    i._sputc                                 0x08005d6e   Section        0  printfa.o(i._sputc)
    _sputc                                   0x08005d6f   Thumb Code    10  printfa.o(i._sputc)
    i.fabs                                   0x08005d78   Section        0  fabs.o(i.fabs)
    i.main                                   0x08005d90   Section        0  main.o(i.main)
    i.next_statement                         0x08005f3c   Section        0  communication_function.o(i.next_statement)
    i.read_double                            0x08005f82   Section        0  communication_function.o(i.read_double)
    i.strtod_M                               0x08005fac   Section        0  communication_function.o(i.strtod_M)
    .constdata                               0x08006050   Section        8  stm32f4xx_hal_dma.o(.constdata)
    flagBitshiftOffset                       0x08006050   Data           8  stm32f4xx_hal_dma.o(.constdata)
    .constdata                               0x08006058   Section       16  system_stm32f4xx.o(.constdata)
    .constdata                               0x08006068   Section        8  system_stm32f4xx.o(.constdata)
    .constdata                               0x08006070   Section       48  cos_i.o(.constdata)
    C                                        0x08006070   Data          48  cos_i.o(.constdata)
    .constdata                               0x080060a0   Section      200  rred.o(.constdata)
    pio2s                                    0x080060a0   Data          48  rred.o(.constdata)
    twooverpi                                0x080060d0   Data         152  rred.o(.constdata)
    .constdata                               0x08006168   Section       40  sin_i.o(.constdata)
    S                                        0x08006168   Data          40  sin_i.o(.constdata)
    .data                                    0x20000000   Section       52  control_function.o(.data)
    Encoder_Right_Control                    0x20000000   Data           4  control_function.o(.data)
    Encoder_Left_Control                     0x20000004   Data           4  control_function.o(.data)
    Encoder_Right_Past_Control               0x20000008   Data           4  control_function.o(.data)
    Encoder_Left_Past_Control                0x2000000c   Data           4  control_function.o(.data)
    Previous_Error                           0x20000010   Data           4  control_function.o(.data)
    Local_Error                              0x20000014   Data           4  control_function.o(.data)
    i                                        0x20000018   Data           4  control_function.o(.data)
    Previous_Error                           0x2000001c   Data           4  control_function.o(.data)
    Local_Error                              0x20000020   Data           4  control_function.o(.data)
    i                                        0x20000024   Data           4  control_function.o(.data)
    Previous_Error                           0x20000028   Data           4  control_function.o(.data)
    Local_Error                              0x2000002c   Data           4  control_function.o(.data)
    i                                        0x20000030   Data           4  control_function.o(.data)
    .data                                    0x20000034   Section        1  main.o(.data)
    .data                                    0x20000035   Section        2  main.o(.data)
    .data                                    0x20000037   Section        1  main.o(.data)
    .data                                    0x20000038   Section        1  main.o(.data)
    .data                                    0x20000039   Section        1  main.o(.data)
    .data                                    0x2000003a   Section        1  main.o(.data)
    .data                                    0x2000003b   Section        1  main.o(.data)
    .data                                    0x2000003c   Section        2  main.o(.data)
    .data                                    0x2000003e   Section        2  main.o(.data)
    .data                                    0x20000040   Section        2  main.o(.data)
    .data                                    0x20000042   Section        2  main.o(.data)
    .data                                    0x20000044   Section        4  main.o(.data)
    .data                                    0x20000048   Section        4  main.o(.data)
    .data                                    0x2000004c   Section        4  main.o(.data)
    .data                                    0x20000050   Section        4  main.o(.data)
    .data                                    0x20000054   Section        4  main.o(.data)
    .data                                    0x20000058   Section        4  main.o(.data)
    .data                                    0x2000005c   Section        4  main.o(.data)
    .data                                    0x20000060   Section        4  main.o(.data)
    .data                                    0x20000064   Section        4  main.o(.data)
    .data                                    0x20000068   Section        4  main.o(.data)
    .data                                    0x2000006c   Section        4  main.o(.data)
    .data                                    0x20000070   Section        4  main.o(.data)
    .data                                    0x20000074   Section        1  main.o(.data)
    .data                                    0x20000075   Section        1  main.o(.data)
    .data                                    0x20000076   Section        1  main.o(.data)
    .data                                    0x20000077   Section        1  main.o(.data)
    .data                                    0x20000078   Section        4  main.o(.data)
    .data                                    0x2000007c   Section        4  main.o(.data)
    .data                                    0x20000080   Section        4  main.o(.data)
    .data                                    0x20000084   Section        4  main.o(.data)
    .data                                    0x20000088   Section        4  main.o(.data)
    .data                                    0x2000008c   Section        4  main.o(.data)
    .data                                    0x20000090   Section        2  main.o(.data)
    .data                                    0x20000092   Section        2  main.o(.data)
    .data                                    0x20000094   Section        2  main.o(.data)
    .data                                    0x20000096   Section        2  main.o(.data)
    .data                                    0x20000098   Section        2  main.o(.data)
    .data                                    0x2000009a   Section        2  main.o(.data)
    .data                                    0x2000009c   Section        2  main.o(.data)
    .data                                    0x2000009e   Section        2  main.o(.data)
    .data                                    0x200000a0   Section        2  main.o(.data)
    .data                                    0x200000a2   Section        2  main.o(.data)
    .data                                    0x200000a4   Section        2  main.o(.data)
    .data                                    0x200000a6   Section        2  main.o(.data)
    .data                                    0x200000a8   Section        4  main.o(.data)
    .data                                    0x200000ac   Section        4  main.o(.data)
    .data                                    0x200000b0   Section        4  main.o(.data)
    .data                                    0x200000b4   Section        4  main.o(.data)
    .data                                    0x200000b8   Section        4  main.o(.data)
    .data                                    0x200000bc   Section        4  main.o(.data)
    .data                                    0x200000c0   Section        4  main.o(.data)
    .data                                    0x200000c4   Section        4  main.o(.data)
    .data                                    0x200000c8   Section        4  main.o(.data)
    .data                                    0x200000cc   Section        4  main.o(.data)
    .data                                    0x200000d0   Section        4  main.o(.data)
    .data                                    0x200000d4   Section        4  main.o(.data)
    .data                                    0x200000d8   Section        4  main.o(.data)
    .data                                    0x200000dc   Section        4  main.o(.data)
    .data                                    0x200000e0   Section        4  main.o(.data)
    .data                                    0x200000e4   Section        4  main.o(.data)
    .data                                    0x200000e8   Section        4  main.o(.data)
    .data                                    0x200000ec   Section       12  stm32f4xx_hal.o(.data)
    .data                                    0x200000f8   Section        4  system_stm32f4xx.o(.data)
    .data                                    0x200000fc   Section        4  errno.o(.data)
    _errno                                   0x200000fc   Data           4  errno.o(.data)
    .bss                                     0x20000100   Section      120  control_function.o(.bss)
    Table_Error                              0x20000100   Data          40  control_function.o(.bss)
    Table_Error                              0x20000128   Data          40  control_function.o(.bss)
    Table_Error                              0x20000150   Data          40  control_function.o(.bss)
    .bss                                     0x20000178   Section       64  main.o(.bss)
    .bss                                     0x200001b8   Section     1888  main.o(.bss)
    .bss                                     0x20000918   Section      512  main.o(.bss)
    .bss                                     0x20000b18   Section      512  main.o(.bss)
    .bss                                     0x20000d18   Section       96  main.o(.bss)
    .bss                                     0x20000d78   Section       96  main.o(.bss)
    .bss                                     0x20000dd8   Section       96  main.o(.bss)
    STACK                                    0x20000e38   Section     1024  startup_stm32f401xe.o(STACK)

    Global Symbols

    Symbol Name                              Value     Ov Type        Size  Object(Section)

    BuildAttributes$$THM_ISAv4$E$P$D$K$B$S$7EM$VFPi3$EXTD16$VFPS$VFMA$PE$A:L22UL41UL21$X:L11$S22US41US21$IEEE1$IW$USESV6$~STKCKD$USESV7$~SHL$OTIME$ROPI$IEEEX$EBA8$MICROLIB$REQ8$PRES8$EABIv2 0x00000000   Number         0  anon$$obj.o ABSOLUTE
    __ARM_use_no_argv                        0x00000000   Number         0  main.o ABSOLUTE
    _printf_a                                0x00000000   Number         0  stubs.o ABSOLUTE
    _printf_c                                0x00000000   Number         0  stubs.o ABSOLUTE
    _printf_charcount                        0x00000000   Number         0  stubs.o ABSOLUTE
    _printf_d                                0x00000000   Number         0  stubs.o ABSOLUTE
    _printf_e                                0x00000000   Number         0  stubs.o ABSOLUTE
    _printf_f                                0x00000000   Number         0  stubs.o ABSOLUTE
    _printf_flags                            0x00000000   Number         0  stubs.o ABSOLUTE
    _printf_fp_dec                           0x00000000   Number         0  stubs.o ABSOLUTE
    _printf_fp_hex                           0x00000000   Number         0  stubs.o ABSOLUTE
    _printf_g                                0x00000000   Number         0  stubs.o ABSOLUTE
    _printf_i                                0x00000000   Number         0  stubs.o ABSOLUTE
    _printf_int_dec                          0x00000000   Number         0  stubs.o ABSOLUTE
    _printf_l                                0x00000000   Number         0  stubs.o ABSOLUTE
    _printf_lc                               0x00000000   Number         0  stubs.o ABSOLUTE
    _printf_ll                               0x00000000   Number         0  stubs.o ABSOLUTE
    _printf_lld                              0x00000000   Number         0  stubs.o ABSOLUTE
    _printf_lli                              0x00000000   Number         0  stubs.o ABSOLUTE
    _printf_llo                              0x00000000   Number         0  stubs.o ABSOLUTE
    _printf_llu                              0x00000000   Number         0  stubs.o ABSOLUTE
    _printf_llx                              0x00000000   Number         0  stubs.o ABSOLUTE
    _printf_longlong_dec                     0x00000000   Number         0  stubs.o ABSOLUTE
    _printf_longlong_hex                     0x00000000   Number         0  stubs.o ABSOLUTE
    _printf_longlong_oct                     0x00000000   Number         0  stubs.o ABSOLUTE
    _printf_ls                               0x00000000   Number         0  stubs.o ABSOLUTE
    _printf_mbtowc                           0x00000000   Number         0  stubs.o ABSOLUTE
    _printf_n                                0x00000000   Number         0  stubs.o ABSOLUTE
    _printf_o                                0x00000000   Number         0  stubs.o ABSOLUTE
    _printf_p                                0x00000000   Number         0  stubs.o ABSOLUTE
    _printf_percent                          0x00000000   Number         0  stubs.o ABSOLUTE
    _printf_pre_padding                      0x00000000   Number         0  stubs.o ABSOLUTE
    _printf_return_value                     0x00000000   Number         0  stubs.o ABSOLUTE
    _printf_s                                0x00000000   Number         0  stubs.o ABSOLUTE
    _printf_sizespec                         0x00000000   Number         0  stubs.o ABSOLUTE
    _printf_str                              0x00000000   Number         0  stubs.o ABSOLUTE
    _printf_truncate_signed                  0x00000000   Number         0  stubs.o ABSOLUTE
    _printf_truncate_unsigned                0x00000000   Number         0  stubs.o ABSOLUTE
    _printf_u                                0x00000000   Number         0  stubs.o ABSOLUTE
    _printf_wc                               0x00000000   Number         0  stubs.o ABSOLUTE
    _printf_wctomb                           0x00000000   Number         0  stubs.o ABSOLUTE
    _printf_widthprec                        0x00000000   Number         0  stubs.o ABSOLUTE
    _printf_x                                0x00000000   Number         0  stubs.o ABSOLUTE
    __cpp_initialize__aeabi_                  - Undefined Weak Reference
    __cxa_finalize                            - Undefined Weak Reference
    __decompress                              - Undefined Weak Reference
    _clock_init                               - Undefined Weak Reference
    _microlib_exit                            - Undefined Weak Reference
    __Vectors_Size                           0x00000194   Number         0  startup_stm32f401xe.o ABSOLUTE
    __Vectors                                0x08000000   Data           4  startup_stm32f401xe.o(RESET)
    __Vectors_End                            0x08000194   Data           0  startup_stm32f401xe.o(RESET)
    __main                                   0x08000195   Thumb Code     0  entry.o(.ARM.Collect$$$$00000000)
    _main_stk                                0x08000195   Thumb Code     0  entry2.o(.ARM.Collect$$$$00000001)
    _main_scatterload                        0x08000199   Thumb Code     0  entry5.o(.ARM.Collect$$$$00000004)
    __main_after_scatterload                 0x0800019d   Thumb Code     0  entry5.o(.ARM.Collect$$$$00000004)
    _main_clock                              0x0800019d   Thumb Code     0  entry7b.o(.ARM.Collect$$$$00000008)
    _main_cpp_init                           0x0800019d   Thumb Code     0  entry8b.o(.ARM.Collect$$$$0000000A)
    _main_init                               0x0800019d   Thumb Code     0  entry9a.o(.ARM.Collect$$$$0000000B)
    __rt_final_cpp                           0x080001a5   Thumb Code     0  entry10a.o(.ARM.Collect$$$$0000000D)
    __rt_final_exit                          0x080001a5   Thumb Code     0  entry11a.o(.ARM.Collect$$$$0000000F)
    Reset_Handler                            0x080001a9   Thumb Code     8  startup_stm32f401xe.o(.text)
    DMA1_Stream0_IRQHandler                  0x080001c3   Thumb Code     0  startup_stm32f401xe.o(.text)
    DMA1_Stream1_IRQHandler                  0x080001c3   Thumb Code     0  startup_stm32f401xe.o(.text)
    DMA1_Stream2_IRQHandler                  0x080001c3   Thumb Code     0  startup_stm32f401xe.o(.text)
    DMA1_Stream3_IRQHandler                  0x080001c3   Thumb Code     0  startup_stm32f401xe.o(.text)
    DMA1_Stream4_IRQHandler                  0x080001c3   Thumb Code     0  startup_stm32f401xe.o(.text)
    DMA1_Stream7_IRQHandler                  0x080001c3   Thumb Code     0  startup_stm32f401xe.o(.text)
    DMA2_Stream2_IRQHandler                  0x080001c3   Thumb Code     0  startup_stm32f401xe.o(.text)
    DMA2_Stream3_IRQHandler                  0x080001c3   Thumb Code     0  startup_stm32f401xe.o(.text)
    DMA2_Stream4_IRQHandler                  0x080001c3   Thumb Code     0  startup_stm32f401xe.o(.text)
    DMA2_Stream5_IRQHandler                  0x080001c3   Thumb Code     0  startup_stm32f401xe.o(.text)
    DMA2_Stream7_IRQHandler                  0x080001c3   Thumb Code     0  startup_stm32f401xe.o(.text)
    EXTI0_IRQHandler                         0x080001c3   Thumb Code     0  startup_stm32f401xe.o(.text)
    EXTI15_10_IRQHandler                     0x080001c3   Thumb Code     0  startup_stm32f401xe.o(.text)
    EXTI1_IRQHandler                         0x080001c3   Thumb Code     0  startup_stm32f401xe.o(.text)
    EXTI2_IRQHandler                         0x080001c3   Thumb Code     0  startup_stm32f401xe.o(.text)
    EXTI3_IRQHandler                         0x080001c3   Thumb Code     0  startup_stm32f401xe.o(.text)
    EXTI4_IRQHandler                         0x080001c3   Thumb Code     0  startup_stm32f401xe.o(.text)
    EXTI9_5_IRQHandler                       0x080001c3   Thumb Code     0  startup_stm32f401xe.o(.text)
    FLASH_IRQHandler                         0x080001c3   Thumb Code     0  startup_stm32f401xe.o(.text)
    FPU_IRQHandler                           0x080001c3   Thumb Code     0  startup_stm32f401xe.o(.text)
    I2C1_ER_IRQHandler                       0x080001c3   Thumb Code     0  startup_stm32f401xe.o(.text)
    I2C1_EV_IRQHandler                       0x080001c3   Thumb Code     0  startup_stm32f401xe.o(.text)
    I2C2_ER_IRQHandler                       0x080001c3   Thumb Code     0  startup_stm32f401xe.o(.text)
    I2C2_EV_IRQHandler                       0x080001c3   Thumb Code     0  startup_stm32f401xe.o(.text)
    I2C3_ER_IRQHandler                       0x080001c3   Thumb Code     0  startup_stm32f401xe.o(.text)
    I2C3_EV_IRQHandler                       0x080001c3   Thumb Code     0  startup_stm32f401xe.o(.text)
    OTG_FS_IRQHandler                        0x080001c3   Thumb Code     0  startup_stm32f401xe.o(.text)
    OTG_FS_WKUP_IRQHandler                   0x080001c3   Thumb Code     0  startup_stm32f401xe.o(.text)
    PVD_IRQHandler                           0x080001c3   Thumb Code     0  startup_stm32f401xe.o(.text)
    RCC_IRQHandler                           0x080001c3   Thumb Code     0  startup_stm32f401xe.o(.text)
    RTC_Alarm_IRQHandler                     0x080001c3   Thumb Code     0  startup_stm32f401xe.o(.text)
    RTC_WKUP_IRQHandler                      0x080001c3   Thumb Code     0  startup_stm32f401xe.o(.text)
    SDIO_IRQHandler                          0x080001c3   Thumb Code     0  startup_stm32f401xe.o(.text)
    SPI1_IRQHandler                          0x080001c3   Thumb Code     0  startup_stm32f401xe.o(.text)
    SPI2_IRQHandler                          0x080001c3   Thumb Code     0  startup_stm32f401xe.o(.text)
    SPI3_IRQHandler                          0x080001c3   Thumb Code     0  startup_stm32f401xe.o(.text)
    SPI4_IRQHandler                          0x080001c3   Thumb Code     0  startup_stm32f401xe.o(.text)
    TAMP_STAMP_IRQHandler                    0x080001c3   Thumb Code     0  startup_stm32f401xe.o(.text)
    TIM1_BRK_TIM9_IRQHandler                 0x080001c3   Thumb Code     0  startup_stm32f401xe.o(.text)
    TIM1_CC_IRQHandler                       0x080001c3   Thumb Code     0  startup_stm32f401xe.o(.text)
    TIM2_IRQHandler                          0x080001c3   Thumb Code     0  startup_stm32f401xe.o(.text)
    TIM3_IRQHandler                          0x080001c3   Thumb Code     0  startup_stm32f401xe.o(.text)
    TIM5_IRQHandler                          0x080001c3   Thumb Code     0  startup_stm32f401xe.o(.text)
    USART1_IRQHandler                        0x080001c3   Thumb Code     0  startup_stm32f401xe.o(.text)
    WWDG_IRQHandler                          0x080001c3   Thumb Code     0  startup_stm32f401xe.o(.text)
    __aeabi_uldivmod                         0x080001cd   Thumb Code    98  uldiv.o(.text)
    __aeabi_memset                           0x0800022f   Thumb Code    14  memseta.o(.text)
    __aeabi_memset4                          0x0800022f   Thumb Code     0  memseta.o(.text)
    __aeabi_memset8                          0x0800022f   Thumb Code     0  memseta.o(.text)
    __aeabi_memclr                           0x0800023d   Thumb Code     4  memseta.o(.text)
    __aeabi_memclr4                          0x0800023d   Thumb Code     0  memseta.o(.text)
    __aeabi_memclr8                          0x0800023d   Thumb Code     0  memseta.o(.text)
    _memset$wrapper                          0x08000241   Thumb Code    18  memseta.o(.text)
    strlen                                   0x08000253   Thumb Code    14  strlen.o(.text)
    strcpy                                   0x08000261   Thumb Code    18  strcpy.o(.text)
    __aeabi_dadd                             0x08000273   Thumb Code   322  dadd.o(.text)
    __aeabi_dsub                             0x080003b5   Thumb Code     6  dadd.o(.text)
    __aeabi_drsub                            0x080003bb   Thumb Code     6  dadd.o(.text)
    __aeabi_dmul                             0x080003c1   Thumb Code   228  dmul.o(.text)
    __aeabi_i2d                              0x080004a5   Thumb Code    34  dflti.o(.text)
    __aeabi_f2d                              0x080004c7   Thumb Code    38  f2d.o(.text)
    __aeabi_d2f                              0x080004ed   Thumb Code    56  d2f.o(.text)
    __aeabi_uidiv                            0x08000525   Thumb Code     0  uidiv.o(.text)
    __aeabi_uidivmod                         0x08000525   Thumb Code    44  uidiv.o(.text)
    __aeabi_llsl                             0x08000551   Thumb Code    30  llshl.o(.text)
    _ll_shift_l                              0x08000551   Thumb Code     0  llshl.o(.text)
    __aeabi_llsr                             0x0800056f   Thumb Code    32  llushr.o(.text)
    _ll_ushift_r                             0x0800056f   Thumb Code     0  llushr.o(.text)
    __aeabi_lasr                             0x0800058f   Thumb Code    36  llsshr.o(.text)
    _ll_sshift_r                             0x0800058f   Thumb Code     0  llsshr.o(.text)
    __I$use$fp                               0x080005b3   Thumb Code     0  iusefp.o(.text)
    _float_round                             0x080005b3   Thumb Code    18  fepilogue.o(.text)
    _float_epilogue                          0x080005c5   Thumb Code    92  fepilogue.o(.text)
    _double_round                            0x08000621   Thumb Code    30  depilogue.o(.text)
    _double_epilogue                         0x0800063f   Thumb Code   156  depilogue.o(.text)
    __aeabi_ddiv                             0x080006db   Thumb Code   222  ddiv.o(.text)
    _dsqrt                                   0x080007b9   Thumb Code   162  dsqrt.o(.text)
    __aeabi_d2ulz                            0x0800085b   Thumb Code    48  dfixul.o(.text)
    __aeabi_cdrcmple                         0x0800088d   Thumb Code    48  cdrcmple.o(.text)
    __scatterload                            0x080008bd   Thumb Code    28  init.o(.text)
    __scatterload_rt2                        0x080008bd   Thumb Code     0  init.o(.text)
    __aeabi_ui2d                             0x080008e1   Thumb Code    26  dfltui.o(.text)
    __aeabi_d2iz                             0x080008fb   Thumb Code    62  dfixi.o(.text)
    ADC_IRQHandler                           0x080009bd   Thumb Code     6  stm32f4xx_it.o(i.ADC_IRQHandler)
    Analyse_RX_Buffer                        0x08000aed   Thumb Code    64  communication_function.o(i.Analyse_RX_Buffer)
    BusFault_Handler                         0x08000b49   Thumb Code     2  stm32f4xx_it.o(i.BusFault_Handler)
    COMMAND_G0                               0x08000b4d   Thumb Code   202  communication_function.o(i.COMMAND_G0)
    COMMAND_G1                               0x08000c5d   Thumb Code   106  communication_function.o(i.COMMAND_G1)
    COMMAND_G92                              0x08000ced   Thumb Code   186  communication_function.o(i.COMMAND_G92)
    COMMAND_M112                             0x08000de5   Thumb Code    36  communication_function.o(i.COMMAND_M112)
    COMMAND_M135                             0x08000e25   Thumb Code    52  communication_function.o(i.COMMAND_M135)
    COMMAND_M201                             0x08000e79   Thumb Code   362  communication_function.o(i.COMMAND_M201)
    COMMAND_M202                             0x08001081   Thumb Code    86  communication_function.o(i.COMMAND_M202)
    COMMAND_M3                               0x080010fd   Thumb Code    28  communication_function.o(i.COMMAND_M3)
    COMMAND_M301                             0x08001135   Thumb Code   384  communication_function.o(i.COMMAND_M301)
    COMMAND_M92                              0x08001361   Thumb Code   130  communication_function.o(i.COMMAND_M92)
    COMMAND_O1                               0x08001429   Thumb Code   120  communication_function.o(i.COMMAND_O1)
    Control                                  0x080014ed   Thumb Code   790  control_function.o(i.Control)
    DMA1_Stream5_IRQHandler                  0x08001905   Thumb Code     6  stm32f4xx_it.o(i.DMA1_Stream5_IRQHandler)
    DMA1_Stream6_IRQHandler                  0x08001911   Thumb Code     6  stm32f4xx_it.o(i.DMA1_Stream6_IRQHandler)
    DMA2_Stream0_IRQHandler                  0x0800191d   Thumb Code     6  stm32f4xx_it.o(i.DMA2_Stream0_IRQHandler)
    DMA2_Stream1_IRQHandler                  0x08001929   Thumb Code     6  stm32f4xx_it.o(i.DMA2_Stream1_IRQHandler)
    DMA2_Stream6_IRQHandler                  0x08001935   Thumb Code     6  stm32f4xx_it.o(i.DMA2_Stream6_IRQHandler)
    DebugMon_Handler                         0x080019e5   Thumb Code     2  stm32f4xx_it.o(i.DebugMon_Handler)
    Error_Handler                            0x080019e7   Thumb Code     2  main.o(i.Error_Handler)
    HAL_ADCEx_InjectedConvCpltCallback       0x080019e9   Thumb Code     2  stm32f4xx_hal_adc_ex.o(i.HAL_ADCEx_InjectedConvCpltCallback)
    HAL_ADC_ConfigChannel                    0x080019ed   Thumb Code   316  stm32f4xx_hal_adc.o(i.HAL_ADC_ConfigChannel)
    HAL_ADC_ConvCpltCallback                 0x08001b39   Thumb Code     2  stm32f4xx_hal_adc.o(i.HAL_ADC_ConvCpltCallback)
    HAL_ADC_ConvHalfCpltCallback             0x08001b3b   Thumb Code     2  stm32f4xx_hal_adc.o(i.HAL_ADC_ConvHalfCpltCallback)
    HAL_ADC_ErrorCallback                    0x08001b3d   Thumb Code     2  stm32f4xx_hal_adc.o(i.HAL_ADC_ErrorCallback)
    HAL_ADC_IRQHandler                       0x08001b3f   Thumb Code   316  stm32f4xx_hal_adc.o(i.HAL_ADC_IRQHandler)
    HAL_ADC_Init                             0x08001c7b   Thumb Code    84  stm32f4xx_hal_adc.o(i.HAL_ADC_Init)
    HAL_ADC_LevelOutOfWindowCallback         0x08001ccf   Thumb Code     2  stm32f4xx_hal_adc.o(i.HAL_ADC_LevelOutOfWindowCallback)
    HAL_ADC_MspInit                          0x08001cd1   Thumb Code   206  stm32f4xx_hal_msp.o(i.HAL_ADC_MspInit)
    HAL_ADC_Start_DMA                        0x08001dbd   Thumb Code   228  stm32f4xx_hal_adc.o(i.HAL_ADC_Start_DMA)
    HAL_DMA_Abort                            0x08001ebd   Thumb Code   142  stm32f4xx_hal_dma.o(i.HAL_DMA_Abort)
    HAL_DMA_Abort_IT                         0x08001f4b   Thumb Code    36  stm32f4xx_hal_dma.o(i.HAL_DMA_Abort_IT)
    HAL_DMA_IRQHandler                       0x08001f71   Thumb Code   412  stm32f4xx_hal_dma.o(i.HAL_DMA_IRQHandler)
    HAL_DMA_Init                             0x08002111   Thumb Code   206  stm32f4xx_hal_dma.o(i.HAL_DMA_Init)
    HAL_DMA_Start_IT                         0x080021e5   Thumb Code   120  stm32f4xx_hal_dma.o(i.HAL_DMA_Start_IT)
    HAL_GPIO_Init                            0x0800225d   Thumb Code   358  stm32f4xx_hal_gpio.o(i.HAL_GPIO_Init)
    HAL_GPIO_WritePin                        0x080023e5   Thumb Code    10  stm32f4xx_hal_gpio.o(i.HAL_GPIO_WritePin)
    HAL_GetTick                              0x080023f1   Thumb Code     6  stm32f4xx_hal.o(i.HAL_GetTick)
    HAL_IncTick                              0x080023fd   Thumb Code    12  stm32f4xx_hal.o(i.HAL_IncTick)
    HAL_Init                                 0x0800240d   Thumb Code    48  stm32f4xx_hal.o(i.HAL_Init)
    HAL_InitTick                             0x08002441   Thumb Code    54  stm32f4xx_hal.o(i.HAL_InitTick)
    HAL_MspInit                              0x08002481   Thumb Code    48  stm32f4xx_hal_msp.o(i.HAL_MspInit)
    HAL_NVIC_EnableIRQ                       0x080024b5   Thumb Code    22  stm32f4xx_hal_cortex.o(i.HAL_NVIC_EnableIRQ)
    HAL_NVIC_SetPriority                     0x080024cd   Thumb Code    60  stm32f4xx_hal_cortex.o(i.HAL_NVIC_SetPriority)
    HAL_NVIC_SetPriorityGrouping             0x0800250d   Thumb Code    26  stm32f4xx_hal_cortex.o(i.HAL_NVIC_SetPriorityGrouping)
    HAL_RCC_ClockConfig                      0x08002531   Thumb Code   286  stm32f4xx_hal_rcc.o(i.HAL_RCC_ClockConfig)
    HAL_RCC_GetPCLK1Freq                     0x08002661   Thumb Code    20  stm32f4xx_hal_rcc.o(i.HAL_RCC_GetPCLK1Freq)
    HAL_RCC_GetPCLK2Freq                     0x08002681   Thumb Code    20  stm32f4xx_hal_rcc.o(i.HAL_RCC_GetPCLK2Freq)
    HAL_RCC_GetSysClockFreq                  0x080026a1   Thumb Code    88  stm32f4xx_hal_rcc.o(i.HAL_RCC_GetSysClockFreq)
    HAL_RCC_OscConfig                        0x08002701   Thumb Code   770  stm32f4xx_hal_rcc.o(i.HAL_RCC_OscConfig)
    HAL_SYSTICK_Config                       0x08002a1d   Thumb Code    40  stm32f4xx_hal_cortex.o(i.HAL_SYSTICK_Config)
    HAL_TIMEx_BreakCallback                  0x08002a45   Thumb Code     2  stm32f4xx_hal_tim_ex.o(i.HAL_TIMEx_BreakCallback)
    HAL_TIMEx_CommutationCallback            0x08002a47   Thumb Code     2  stm32f4xx_hal_tim_ex.o(i.HAL_TIMEx_CommutationCallback)
    HAL_TIMEx_MasterConfigSynchronization    0x08002a49   Thumb Code    80  stm32f4xx_hal_tim_ex.o(i.HAL_TIMEx_MasterConfigSynchronization)
    HAL_TIM_Base_Init                        0x08002a99   Thumb Code    54  stm32f4xx_hal_tim.o(i.HAL_TIM_Base_Init)
    HAL_TIM_Base_MspInit                     0x08002ad1   Thumb Code   134  stm32f4xx_hal_msp.o(i.HAL_TIM_Base_MspInit)
    HAL_TIM_Base_Start_IT                    0x08002b69   Thumb Code    24  stm32f4xx_hal_tim.o(i.HAL_TIM_Base_Start_IT)
    HAL_TIM_ConfigClockSource                0x08002b81   Thumb Code   242  stm32f4xx_hal_tim.o(i.HAL_TIM_ConfigClockSource)
    HAL_TIM_Encoder_Init                     0x08002c73   Thumb Code   150  stm32f4xx_hal_tim.o(i.HAL_TIM_Encoder_Init)
    HAL_TIM_Encoder_MspInit                  0x08002d09   Thumb Code   186  stm32f4xx_hal_msp.o(i.HAL_TIM_Encoder_MspInit)
    HAL_TIM_Encoder_Start                    0x08002dd9   Thumb Code    52  stm32f4xx_hal_tim.o(i.HAL_TIM_Encoder_Start)
    HAL_TIM_IC_CaptureCallback               0x08002e0d   Thumb Code     2  stm32f4xx_hal_tim.o(i.HAL_TIM_IC_CaptureCallback)
    HAL_TIM_IRQHandler                       0x08002e0f   Thumb Code   358  stm32f4xx_hal_tim.o(i.HAL_TIM_IRQHandler)
    HAL_TIM_MspPostInit                      0x08002f75   Thumb Code    72  stm32f4xx_hal_msp.o(i.HAL_TIM_MspPostInit)
    HAL_TIM_OC_ConfigChannel                 0x08002fc5   Thumb Code    86  stm32f4xx_hal_tim.o(i.HAL_TIM_OC_ConfigChannel)
    HAL_TIM_OC_DelayElapsedCallback          0x0800301b   Thumb Code     2  stm32f4xx_hal_tim.o(i.HAL_TIM_OC_DelayElapsedCallback)
    HAL_TIM_OC_Init                          0x0800301d   Thumb Code    54  stm32f4xx_hal_tim.o(i.HAL_TIM_OC_Init)
    HAL_TIM_OC_MspInit                       0x08003053   Thumb Code     2  stm32f4xx_hal_tim.o(i.HAL_TIM_OC_MspInit)
    HAL_TIM_OC_Start                         0x08003055   Thumb Code    42  stm32f4xx_hal_tim.o(i.HAL_TIM_OC_Start)
    HAL_TIM_PWM_ConfigChannel                0x08003085   Thumb Code   208  stm32f4xx_hal_tim.o(i.HAL_TIM_PWM_ConfigChannel)
    HAL_TIM_PWM_Init                         0x08003155   Thumb Code    54  stm32f4xx_hal_tim.o(i.HAL_TIM_PWM_Init)
    HAL_TIM_PWM_MspInit                      0x0800318d   Thumb Code    50  stm32f4xx_hal_msp.o(i.HAL_TIM_PWM_MspInit)
    HAL_TIM_PWM_PulseFinishedCallback        0x080031c9   Thumb Code     2  stm32f4xx_hal_tim.o(i.HAL_TIM_PWM_PulseFinishedCallback)
    HAL_TIM_PWM_Start                        0x080031cd   Thumb Code    42  stm32f4xx_hal_tim.o(i.HAL_TIM_PWM_Start)
    HAL_TIM_PWM_Start_IT                     0x080031fd   Thumb Code    92  stm32f4xx_hal_tim.o(i.HAL_TIM_PWM_Start_IT)
    HAL_TIM_PeriodElapsedCallback            0x0800325d   Thumb Code     2  stm32f4xx_hal_tim.o(i.HAL_TIM_PeriodElapsedCallback)
    HAL_TIM_TriggerCallback                  0x0800325f   Thumb Code     2  stm32f4xx_hal_tim.o(i.HAL_TIM_TriggerCallback)
    HAL_UART_DMAStop                         0x08003261   Thumb Code    88  stm32f4xx_hal_uart.o(i.HAL_UART_DMAStop)
    HAL_UART_ErrorCallback                   0x080032b9   Thumb Code     2  stm32f4xx_hal_uart.o(i.HAL_UART_ErrorCallback)
    HAL_UART_IRQHandler                      0x080032bd   Thumb Code   266  stm32f4xx_hal_uart.o(i.HAL_UART_IRQHandler)
    HAL_UART_Init                            0x080033cd   Thumb Code    98  stm32f4xx_hal_uart.o(i.HAL_UART_Init)
    HAL_UART_MspInit                         0x08003431   Thumb Code   370  stm32f4xx_hal_msp.o(i.HAL_UART_MspInit)
    HAL_UART_Receive_DMA                     0x080035d1   Thumb Code   138  stm32f4xx_hal_uart.o(i.HAL_UART_Receive_DMA)
    HAL_UART_RxCpltCallback                  0x08003669   Thumb Code     2  stm32f4xx_hal_uart.o(i.HAL_UART_RxCpltCallback)
    HAL_UART_RxHalfCpltCallback              0x0800366b   Thumb Code     2  stm32f4xx_hal_uart.o(i.HAL_UART_RxHalfCpltCallback)
    HAL_UART_Transmit_DMA                    0x0800366d   Thumb Code   114  stm32f4xx_hal_uart.o(i.HAL_UART_Transmit_DMA)
    HAL_UART_TxCpltCallback                  0x080036ed   Thumb Code   152  stm32f4xx_it.o(i.HAL_UART_TxCpltCallback)
    HAL_UART_TxHalfCpltCallback              0x080037ad   Thumb Code     2  stm32f4xx_hal_uart.o(i.HAL_UART_TxHalfCpltCallback)
    HardFault_Handler                        0x080037af   Thumb Code     2  stm32f4xx_it.o(i.HardFault_Handler)
    MemManage_Handler                        0x08003b91   Thumb Code     2  stm32f4xx_it.o(i.MemManage_Handler)
    NMI_Handler                              0x08003b93   Thumb Code     2  stm32f4xx_it.o(i.NMI_Handler)
    PID_ANGLE                                0x08003bb5   Thumb Code   102  control_function.o(i.PID_ANGLE)
    PID_L                                    0x08003c31   Thumb Code   102  control_function.o(i.PID_L)
    PID_R                                    0x08003cad   Thumb Code   102  control_function.o(i.PID_R)
    PendSV_Handler                           0x08003d29   Thumb Code     2  stm32f4xx_it.o(i.PendSV_Handler)
    SVC_Handler                              0x08003d2b   Thumb Code     2  stm32f4xx_it.o(i.SVC_Handler)
    String_Analysis                          0x08003d2d   Thumb Code   336  communication_function.o(i.String_Analysis)
    SysTick_Handler                          0x08003e95   Thumb Code     4  stm32f4xx_it.o(i.SysTick_Handler)
    SystemClock_Config                       0x08003e99   Thumb Code   126  main.o(i.SystemClock_Config)
    SystemInit                               0x08003f21   Thumb Code    66  system_stm32f4xx.o(i.SystemInit)
    TIM1_TRG_COM_TIM11_IRQHandler            0x08003f75   Thumb Code    22  stm32f4xx_it.o(i.TIM1_TRG_COM_TIM11_IRQHandler)
    TIM1_UP_TIM10_IRQHandler                 0x08003f95   Thumb Code    42  stm32f4xx_it.o(i.TIM1_UP_TIM10_IRQHandler)
    TIM4_IRQHandler                          0x08003fc9   Thumb Code     6  stm32f4xx_it.o(i.TIM4_IRQHandler)
    TIM_Base_SetConfig                       0x08003fd5   Thumb Code   114  stm32f4xx_hal_tim.o(i.TIM_Base_SetConfig)
    TIM_CCxChannelCmd                        0x08004065   Thumb Code    22  stm32f4xx_hal_tim.o(i.TIM_CCxChannelCmd)
    TIM_OC2_SetConfig                        0x080040f1   Thumb Code    84  stm32f4xx_hal_tim.o(i.TIM_OC2_SetConfig)
    Transmit_UART                            0x0800422d   Thumb Code   138  communication_function.o(i.Transmit_UART)
    USART2_IRQHandler                        0x0800477d   Thumb Code    62  stm32f4xx_it.o(i.USART2_IRQHandler)
    USART6_IRQHandler                        0x080047c9   Thumb Code    64  stm32f4xx_it.o(i.USART6_IRQHandler)
    Update_POS                               0x08004815   Thumb Code   388  control_function.o(i.Update_POS)
    UsageFault_Handler                       0x080049fd   Thumb Code     2  stm32f4xx_it.o(i.UsageFault_Handler)
    __0sprintf                               0x08004a01   Thumb Code    34  printfa.o(i.__0sprintf)
    __1sprintf                               0x08004a01   Thumb Code     0  printfa.o(i.__0sprintf)
    __2sprintf                               0x08004a01   Thumb Code     0  printfa.o(i.__0sprintf)
    __c89sprintf                             0x08004a01   Thumb Code     0  printfa.o(i.__0sprintf)
    sprintf                                  0x08004a01   Thumb Code     0  printfa.o(i.__0sprintf)
    __ARM_fpclassify                         0x08004a29   Thumb Code    48  fpclassify.o(i.__ARM_fpclassify)
    __hardfp_cos                             0x08004a59   Thumb Code   180  cos.o(i.__hardfp_cos)
    __hardfp_sin                             0x08004b21   Thumb Code   180  sin.o(i.__hardfp_sin)
    __hardfp_sqrt                            0x08004be9   Thumb Code   122  sqrt.o(i.__hardfp_sqrt)
    __ieee754_rem_pio2                       0x08004c69   Thumb Code   938  rred.o(i.__ieee754_rem_pio2)
    __kernel_cos                             0x080050a1   Thumb Code   322  cos_i.o(i.__kernel_cos)
    __kernel_poly                            0x08005211   Thumb Code   248  poly.o(i.__kernel_poly)
    __kernel_sin                             0x08005309   Thumb Code   280  sin_i.o(i.__kernel_sin)
    __mathlib_dbl_infnan                     0x08005439   Thumb Code    20  dunder.o(i.__mathlib_dbl_infnan)
    __mathlib_dbl_invalid                    0x08005451   Thumb Code    24  dunder.o(i.__mathlib_dbl_invalid)
    __mathlib_dbl_underflow                  0x08005471   Thumb Code    24  dunder.o(i.__mathlib_dbl_underflow)
    __scatterload_copy                       0x08005491   Thumb Code    14  handlers.o(i.__scatterload_copy)
    __scatterload_null                       0x0800549f   Thumb Code     2  handlers.o(i.__scatterload_null)
    __scatterload_zeroinit                   0x080054a1   Thumb Code    14  handlers.o(i.__scatterload_zeroinit)
    __set_errno                              0x080054b1   Thumb Code     6  errno.o(i.__set_errno)
    fabs                                     0x08005d79   Thumb Code    24  fabs.o(i.fabs)
    main                                     0x08005d91   Thumb Code   398  main.o(i.main)
    next_statement                           0x08005f3d   Thumb Code    70  communication_function.o(i.next_statement)
    read_double                              0x08005f83   Thumb Code    42  communication_function.o(i.read_double)
    strtod_M                                 0x08005fad   Thumb Code   158  communication_function.o(i.strtod_M)
    AHBPrescTable                            0x08006058   Data          16  system_stm32f4xx.o(.constdata)
    APBPrescTable                            0x08006068   Data           8  system_stm32f4xx.o(.constdata)
    Region$$Table$$Base                      0x08006190   Number         0  anon$$obj.o(Region$$Table)
    Region$$Table$$Limit                     0x080061b0   Number         0  anon$$obj.o(Region$$Table)
    Indice_Start_RX                          0x20000034   Data           1  main.o(.data)
    Indice_Stop_RX                           0x20000035   Data           1  main.o(.data)
    Indice_Stop_RX_UART2                     0x20000036   Data           1  main.o(.data)
    Indice_Start_TX                          0x20000037   Data           1  main.o(.data)
    Indice_Stop_TX                           0x20000038   Data           1  main.o(.data)
    Indice_Start_RX_UART2                    0x20000039   Data           1  main.o(.data)
    Indice_Start_TX_UART2                    0x2000003a   Data           1  main.o(.data)
    Indice_Stop_TX_UART2                     0x2000003b   Data           1  main.o(.data)
    Encoder_Right_Past                       0x2000003c   Data           2  main.o(.data)
    Encoder_Right                            0x2000003e   Data           2  main.o(.data)
    Encoder_Left_Past                        0x20000040   Data           2  main.o(.data)
    Encoder_Left                             0x20000042   Data           2  main.o(.data)
    ANGLE_POS_RAD                            0x20000044   Data           4  main.o(.data)
    X_POS_MM                                 0x20000048   Data           4  main.o(.data)
    Y_POS_MM                                 0x2000004c   Data           4  main.o(.data)
    ANGLE_POS_RAD_CACHE                      0x20000050   Data           4  main.o(.data)
    X_POS_MM_CACHE                           0x20000054   Data           4  main.o(.data)
    Y_POS_MM_CACHE                           0x20000058   Data           4  main.o(.data)
    ANGLE_DES_RAD                            0x2000005c   Data           4  main.o(.data)
    X_DES_MM                                 0x20000060   Data           4  main.o(.data)
    Y_DES_MM                                 0x20000064   Data           4  main.o(.data)
    ANGLE_DES_RAD_CACHE                      0x20000068   Data           4  main.o(.data)
    X_DES_MM_CACHE                           0x2000006c   Data           4  main.o(.data)
    Y_DES_MM_CACHE                           0x20000070   Data           4  main.o(.data)
    UPDATE_POS_PARAMETERS                    0x20000074   Data           1  main.o(.data)
    UPDATE_DEST_PARAMETERS                   0x20000075   Data           1  main.o(.data)
    CONTROL_ENABLED                          0x20000076   Data           1  main.o(.data)
    UPDATE_CONTROL_PARAMETERS                0x20000077   Data           1  main.o(.data)
    TICS_2_MM                                0x20000078   Data           4  main.o(.data)
    TICS_2_MM_CACHE                          0x2000007c   Data           4  main.o(.data)
    SPACING_WHEELS                           0x20000080   Data           4  main.o(.data)
    SPACING_WHEELS_CACHE                     0x20000084   Data           4  main.o(.data)
    FINAL_BOOL_DISTANCE_MM                   0x20000088   Data           4  main.o(.data)
    FINAL_BOOL_DISTANCE_MM_CACHE             0x2000008c   Data           4  main.o(.data)
    SPEED_MAX_DISTANCE_MM_S                  0x20000090   Data           2  main.o(.data)
    SPEED_MAX_DISTANCE_MM_S_CACHE            0x20000092   Data           2  main.o(.data)
    ACCELERATION_MAX_DISTANCE_MM_S2          0x20000094   Data           2  main.o(.data)
    ACCELERATION_MAX_DISTANCE_MM_S2_CACHE    0x20000096   Data           2  main.o(.data)
    BRAKING_MAX_DISTANCE_MM_S2               0x20000098   Data           2  main.o(.data)
    BRAKING_MAX_DISTANCE_MM_S2_CACHE         0x2000009a   Data           2  main.o(.data)
    SPEED_MAX_ANGLE_MM_S                     0x2000009c   Data           2  main.o(.data)
    SPEED_MAX_ANGLE_MM_S_CACHE               0x2000009e   Data           2  main.o(.data)
    ACCELERATION_MAX_ANGLE_MM_S2             0x200000a0   Data           2  main.o(.data)
    ACCELERATION_MAX_ANGLE_MM_S2_CACHE       0x200000a2   Data           2  main.o(.data)
    BRAKING_MAX_ANGLE_MM_S2                  0x200000a4   Data           2  main.o(.data)
    BRAKING_MAX_ANGLE_MM_S2_CACHE            0x200000a6   Data           2  main.o(.data)
    ANTICIPATION_PERCENTAGE                  0x200000a8   Data           4  main.o(.data)
    ANTICIPATION_PERCENTAGE_CACHE            0x200000ac   Data           4  main.o(.data)
    LOOP_CONTROL_TIMING_HZ                   0x200000b0   Data           4  main.o(.data)
    R_SPEED_TARGET                           0x200000b4   Data           4  main.o(.data)
    L_SPEED_TARGET                           0x200000b8   Data           4  main.o(.data)
    P_SPEED                                  0x200000bc   Data           4  main.o(.data)
    P_SPEED_CACHE                            0x200000c0   Data           4  main.o(.data)
    I_SPEED                                  0x200000c4   Data           4  main.o(.data)
    I_SPEED_CACHE                            0x200000c8   Data           4  main.o(.data)
    D_SPEED                                  0x200000cc   Data           4  main.o(.data)
    D_SPEED_CACHE                            0x200000d0   Data           4  main.o(.data)
    P_ANGLE                                  0x200000d4   Data           4  main.o(.data)
    P_ANGLE_CACHE                            0x200000d8   Data           4  main.o(.data)
    I_ANGLE                                  0x200000dc   Data           4  main.o(.data)
    I_ANGLE_CACHE                            0x200000e0   Data           4  main.o(.data)
    D_ANGLE                                  0x200000e4   Data           4  main.o(.data)
    D_ANGLE_CACHE                            0x200000e8   Data           4  main.o(.data)
    uwTickFreq                               0x200000ec   Data           1  stm32f4xx_hal.o(.data)
    uwTickPrio                               0x200000f0   Data           4  stm32f4xx_hal.o(.data)
    uwTick                                   0x200000f4   Data           4  stm32f4xx_hal.o(.data)
    SystemCoreClock                          0x200000f8   Data           4  system_stm32f4xx.o(.data)
    UART_RX_Analyse                          0x20000178   Data          64  main.o(.bss)
    Result_ADC                               0x200001b8   Data          52  main.o(.bss)
    BUFFER_RX                                0x200001ec   Data         512  main.o(.bss)
    BUFFER_RX_UART2                          0x200003ec   Data         512  main.o(.bss)
    hadc1                                    0x200005ec   Data          72  main.o(.bss)
    htim1                                    0x20000634   Data          60  main.o(.bss)
    htim2                                    0x20000670   Data          60  main.o(.bss)
    htim3                                    0x200006ac   Data          60  main.o(.bss)
    htim4                                    0x200006e8   Data          60  main.o(.bss)
    htim9                                    0x20000724   Data          60  main.o(.bss)
    htim10                                   0x20000760   Data          60  main.o(.bss)
    htim11                                   0x2000079c   Data          60  main.o(.bss)
    huart2                                   0x200007d8   Data          64  main.o(.bss)
    huart6                                   0x20000818   Data          64  main.o(.bss)
    hdma_usart2_rx                           0x20000858   Data          96  main.o(.bss)
    hdma_usart6_rx                           0x200008b8   Data          96  main.o(.bss)
    BUFFER_TX                                0x20000918   Data         512  main.o(.bss)
    BUFFER_TX_UART2                          0x20000b18   Data         512  main.o(.bss)
    hdma_adc1                                0x20000d18   Data          96  main.o(.bss)
    hdma_usart2_tx                           0x20000d78   Data          96  main.o(.bss)
    hdma_usart6_tx                           0x20000dd8   Data          96  main.o(.bss)
    __initial_sp                             0x20001238   Data           0  startup_stm32f401xe.o(STACK)



==============================================================================

Memory Map of the image

  Image Entry point : 0x08000195

  Load Region LR_IROM1 (Base: 0x08000000, Size: 0x000062b0, Max: 0x00080000, ABSOLUTE)

    Execution Region ER_IROM1 (Exec base: 0x08000000, Load base: 0x08000000, Size: 0x000061b0, Max: 0x00080000, ABSOLUTE)

    Exec Addr    Load Addr    Size         Type   Attr      Idx    E Section Name        Object

    0x08000000   0x08000000   0x00000194   Data   RO            3    RESET               startup_stm32f401xe.o
    0x08000194   0x08000194   0x00000000   Code   RO         3347  * .ARM.Collect$$$$00000000  mc_w.l(entry.o)
    0x08000194   0x08000194   0x00000004   Code   RO         3657    .ARM.Collect$$$$00000001  mc_w.l(entry2.o)
    0x08000198   0x08000198   0x00000004   Code   RO         3660    .ARM.Collect$$$$00000004  mc_w.l(entry5.o)
    0x0800019c   0x0800019c   0x00000000   Code   RO         3662    .ARM.Collect$$$$00000008  mc_w.l(entry7b.o)
    0x0800019c   0x0800019c   0x00000000   Code   RO         3664    .ARM.Collect$$$$0000000A  mc_w.l(entry8b.o)
    0x0800019c   0x0800019c   0x00000008   Code   RO         3665    .ARM.Collect$$$$0000000B  mc_w.l(entry9a.o)
    0x080001a4   0x080001a4   0x00000000   Code   RO         3667    .ARM.Collect$$$$0000000D  mc_w.l(entry10a.o)
    0x080001a4   0x080001a4   0x00000000   Code   RO         3669    .ARM.Collect$$$$0000000F  mc_w.l(entry11a.o)
    0x080001a4   0x080001a4   0x00000004   Code   RO         3658    .ARM.Collect$$$$00002712  mc_w.l(entry2.o)
    0x080001a8   0x080001a8   0x00000024   Code   RO            4    .text               startup_stm32f401xe.o
    0x080001cc   0x080001cc   0x00000062   Code   RO         3350    .text               mc_w.l(uldiv.o)
    0x0800022e   0x0800022e   0x00000024   Code   RO         3352    .text               mc_w.l(memseta.o)
    0x08000252   0x08000252   0x0000000e   Code   RO         3354    .text               mc_w.l(strlen.o)
    0x08000260   0x08000260   0x00000012   Code   RO         3356    .text               mc_w.l(strcpy.o)
    0x08000272   0x08000272   0x0000014e   Code   RO         3619    .text               mf_w.l(dadd.o)
    0x080003c0   0x080003c0   0x000000e4   Code   RO         3621    .text               mf_w.l(dmul.o)
    0x080004a4   0x080004a4   0x00000022   Code   RO         3623    .text               mf_w.l(dflti.o)
    0x080004c6   0x080004c6   0x00000026   Code   RO         3625    .text               mf_w.l(f2d.o)
    0x080004ec   0x080004ec   0x00000038   Code   RO         3627    .text               mf_w.l(d2f.o)
    0x08000524   0x08000524   0x0000002c   Code   RO         3674    .text               mc_w.l(uidiv.o)
    0x08000550   0x08000550   0x0000001e   Code   RO         3676    .text               mc_w.l(llshl.o)
    0x0800056e   0x0800056e   0x00000020   Code   RO         3678    .text               mc_w.l(llushr.o)
    0x0800058e   0x0800058e   0x00000024   Code   RO         3680    .text               mc_w.l(llsshr.o)
    0x080005b2   0x080005b2   0x00000000   Code   RO         3689    .text               mc_w.l(iusefp.o)
    0x080005b2   0x080005b2   0x0000006e   Code   RO         3690    .text               mf_w.l(fepilogue.o)
    0x08000620   0x08000620   0x000000ba   Code   RO         3692    .text               mf_w.l(depilogue.o)
    0x080006da   0x080006da   0x000000de   Code   RO         3694    .text               mf_w.l(ddiv.o)
    0x080007b8   0x080007b8   0x000000a2   Code   RO         3698    .text               mf_w.l(dsqrt.o)
    0x0800085a   0x0800085a   0x00000030   Code   RO         3700    .text               mf_w.l(dfixul.o)
    0x0800088a   0x0800088a   0x00000002   PAD
    0x0800088c   0x0800088c   0x00000030   Code   RO         3704    .text               mf_w.l(cdrcmple.o)
    0x080008bc   0x080008bc   0x00000024   Code   RO         3716    .text               mc_w.l(init.o)
    0x080008e0   0x080008e0   0x0000001a   Code   RO         3720    .text               mf_w.l(dfltui.o)
    0x080008fa   0x080008fa   0x0000003e   Code   RO         3722    .text               mf_w.l(dfixi.o)
    0x08000938   0x08000938   0x00000062   Code   RO          712    i.ADC_DMAConvCplt   stm32f4xx_hal_adc.o
    0x0800099a   0x0800099a   0x00000016   Code   RO          713    i.ADC_DMAError      stm32f4xx_hal_adc.o
    0x080009b0   0x080009b0   0x0000000a   Code   RO          714    i.ADC_DMAHalfConvCplt  stm32f4xx_hal_adc.o
    0x080009ba   0x080009ba   0x00000002   PAD
    0x080009bc   0x080009bc   0x0000000c   Code   RO          466    i.ADC_IRQHandler    stm32f4xx_it.o
    0x080009c8   0x080009c8   0x00000124   Code   RO          715    i.ADC_Init          stm32f4xx_hal_adc.o
    0x08000aec   0x08000aec   0x0000005c   Code   RO           13    i.Analyse_RX_Buffer  communication_function.o
    0x08000b48   0x08000b48   0x00000002   Code   RO          467    i.BusFault_Handler  stm32f4xx_it.o
    0x08000b4a   0x08000b4a   0x00000002   PAD
    0x08000b4c   0x08000b4c   0x00000110   Code   RO           14    i.COMMAND_G0        communication_function.o
    0x08000c5c   0x08000c5c   0x00000090   Code   RO           15    i.COMMAND_G1        communication_function.o
    0x08000cec   0x08000cec   0x000000f8   Code   RO           16    i.COMMAND_G92       communication_function.o
    0x08000de4   0x08000de4   0x00000040   Code   RO           17    i.COMMAND_M112      communication_function.o
    0x08000e24   0x08000e24   0x00000054   Code   RO           18    i.COMMAND_M135      communication_function.o
    0x08000e78   0x08000e78   0x00000208   Code   RO           19    i.COMMAND_M201      communication_function.o
    0x08001080   0x08001080   0x0000007c   Code   RO           20    i.COMMAND_M202      communication_function.o
    0x080010fc   0x080010fc   0x00000038   Code   RO           21    i.COMMAND_M3        communication_function.o
    0x08001134   0x08001134   0x0000022c   Code   RO           22    i.COMMAND_M301      communication_function.o
    0x08001360   0x08001360   0x000000c8   Code   RO           23    i.COMMAND_M92       communication_function.o
    0x08001428   0x08001428   0x000000c4   Code   RO           24    i.COMMAND_O1        communication_function.o
    0x080014ec   0x080014ec   0x00000418   Code   RO          245    i.Control           control_function.o
    0x08001904   0x08001904   0x0000000c   Code   RO          468    i.DMA1_Stream5_IRQHandler  stm32f4xx_it.o
    0x08001910   0x08001910   0x0000000c   Code   RO          469    i.DMA1_Stream6_IRQHandler  stm32f4xx_it.o
    0x0800191c   0x0800191c   0x0000000c   Code   RO          470    i.DMA2_Stream0_IRQHandler  stm32f4xx_it.o
    0x08001928   0x08001928   0x0000000c   Code   RO          471    i.DMA2_Stream1_IRQHandler  stm32f4xx_it.o
    0x08001934   0x08001934   0x0000000c   Code   RO          472    i.DMA2_Stream6_IRQHandler  stm32f4xx_it.o
    0x08001940   0x08001940   0x00000028   Code   RO         2666    i.DMA_CalcBaseAndBitshift  stm32f4xx_hal_dma.o
    0x08001968   0x08001968   0x00000054   Code   RO         2667    i.DMA_CheckFifoParam  stm32f4xx_hal_dma.o
    0x080019bc   0x080019bc   0x00000028   Code   RO         2668    i.DMA_SetConfig     stm32f4xx_hal_dma.o
    0x080019e4   0x080019e4   0x00000002   Code   RO          473    i.DebugMon_Handler  stm32f4xx_it.o
    0x080019e6   0x080019e6   0x00000002   Code   RO          302    i.Error_Handler     main.o
    0x080019e8   0x080019e8   0x00000002   Code   RO          886    i.HAL_ADCEx_InjectedConvCpltCallback  stm32f4xx_hal_adc_ex.o
    0x080019ea   0x080019ea   0x00000002   PAD
    0x080019ec   0x080019ec   0x0000014c   Code   RO          717    i.HAL_ADC_ConfigChannel  stm32f4xx_hal_adc.o
    0x08001b38   0x08001b38   0x00000002   Code   RO          718    i.HAL_ADC_ConvCpltCallback  stm32f4xx_hal_adc.o
    0x08001b3a   0x08001b3a   0x00000002   Code   RO          719    i.HAL_ADC_ConvHalfCpltCallback  stm32f4xx_hal_adc.o
    0x08001b3c   0x08001b3c   0x00000002   Code   RO          721    i.HAL_ADC_ErrorCallback  stm32f4xx_hal_adc.o
    0x08001b3e   0x08001b3e   0x0000013c   Code   RO          725    i.HAL_ADC_IRQHandler  stm32f4xx_hal_adc.o
    0x08001c7a   0x08001c7a   0x00000054   Code   RO          726    i.HAL_ADC_Init      stm32f4xx_hal_adc.o
    0x08001cce   0x08001cce   0x00000002   Code   RO          727    i.HAL_ADC_LevelOutOfWindowCallback  stm32f4xx_hal_adc.o
    0x08001cd0   0x08001cd0   0x000000ec   Code   RO          622    i.HAL_ADC_MspInit   stm32f4xx_hal_msp.o
    0x08001dbc   0x08001dbc   0x00000100   Code   RO          733    i.HAL_ADC_Start_DMA  stm32f4xx_hal_adc.o
    0x08001ebc   0x08001ebc   0x0000008e   Code   RO         2669    i.HAL_DMA_Abort     stm32f4xx_hal_dma.o
    0x08001f4a   0x08001f4a   0x00000024   Code   RO         2670    i.HAL_DMA_Abort_IT  stm32f4xx_hal_dma.o
    0x08001f6e   0x08001f6e   0x00000002   PAD
    0x08001f70   0x08001f70   0x000001a0   Code   RO         2674    i.HAL_DMA_IRQHandler  stm32f4xx_hal_dma.o
    0x08002110   0x08002110   0x000000d4   Code   RO         2675    i.HAL_DMA_Init      stm32f4xx_hal_dma.o
    0x080021e4   0x080021e4   0x00000078   Code   RO         2679    i.HAL_DMA_Start_IT  stm32f4xx_hal_dma.o
    0x0800225c   0x0800225c   0x00000188   Code   RO         2562    i.HAL_GPIO_Init     stm32f4xx_hal_gpio.o
    0x080023e4   0x080023e4   0x0000000a   Code   RO         2566    i.HAL_GPIO_WritePin  stm32f4xx_hal_gpio.o
    0x080023ee   0x080023ee   0x00000002   PAD
    0x080023f0   0x080023f0   0x0000000c   Code   RO         3118    i.HAL_GetTick       stm32f4xx_hal.o
    0x080023fc   0x080023fc   0x00000010   Code   RO         3122    i.HAL_IncTick       stm32f4xx_hal.o
    0x0800240c   0x0800240c   0x00000034   Code   RO         3123    i.HAL_Init          stm32f4xx_hal.o
    0x08002440   0x08002440   0x00000040   Code   RO         3124    i.HAL_InitTick      stm32f4xx_hal.o
    0x08002480   0x08002480   0x00000034   Code   RO          623    i.HAL_MspInit       stm32f4xx_hal_msp.o
    0x080024b4   0x080024b4   0x00000016   Code   RO         2975    i.HAL_NVIC_EnableIRQ  stm32f4xx_hal_cortex.o
    0x080024ca   0x080024ca   0x00000002   PAD
    0x080024cc   0x080024cc   0x00000040   Code   RO         2981    i.HAL_NVIC_SetPriority  stm32f4xx_hal_cortex.o
    0x0800250c   0x0800250c   0x00000024   Code   RO         2982    i.HAL_NVIC_SetPriorityGrouping  stm32f4xx_hal_cortex.o
    0x08002530   0x08002530   0x00000130   Code   RO         2184    i.HAL_RCC_ClockConfig  stm32f4xx_hal_rcc.o
    0x08002660   0x08002660   0x00000020   Code   RO         2191    i.HAL_RCC_GetPCLK1Freq  stm32f4xx_hal_rcc.o
    0x08002680   0x08002680   0x00000020   Code   RO         2192    i.HAL_RCC_GetPCLK2Freq  stm32f4xx_hal_rcc.o
    0x080026a0   0x080026a0   0x00000060   Code   RO         2193    i.HAL_RCC_GetSysClockFreq  stm32f4xx_hal_rcc.o
    0x08002700   0x08002700   0x0000031c   Code   RO         2196    i.HAL_RCC_OscConfig  stm32f4xx_hal_rcc.o
    0x08002a1c   0x08002a1c   0x00000028   Code   RO         2986    i.HAL_SYSTICK_Config  stm32f4xx_hal_cortex.o
    0x08002a44   0x08002a44   0x00000002   Code   RO         1618    i.HAL_TIMEx_BreakCallback  stm32f4xx_hal_tim_ex.o
    0x08002a46   0x08002a46   0x00000002   Code   RO         1619    i.HAL_TIMEx_CommutationCallback  stm32f4xx_hal_tim_ex.o
    0x08002a48   0x08002a48   0x00000050   Code   RO         1635    i.HAL_TIMEx_MasterConfigSynchronization  stm32f4xx_hal_tim_ex.o
    0x08002a98   0x08002a98   0x00000036   Code   RO          989    i.HAL_TIM_Base_Init  stm32f4xx_hal_tim.o
    0x08002ace   0x08002ace   0x00000002   PAD
    0x08002ad0   0x08002ad0   0x00000098   Code   RO          625    i.HAL_TIM_Base_MspInit  stm32f4xx_hal_msp.o
    0x08002b68   0x08002b68   0x00000018   Code   RO          994    i.HAL_TIM_Base_Start_IT  stm32f4xx_hal_tim.o
    0x08002b80   0x08002b80   0x000000f2   Code   RO          998    i.HAL_TIM_ConfigClockSource  stm32f4xx_hal_tim.o
    0x08002c72   0x08002c72   0x00000096   Code   RO         1007    i.HAL_TIM_Encoder_Init  stm32f4xx_hal_tim.o
    0x08002d08   0x08002d08   0x000000d0   Code   RO          627    i.HAL_TIM_Encoder_MspInit  stm32f4xx_hal_msp.o
    0x08002dd8   0x08002dd8   0x00000034   Code   RO         1010    i.HAL_TIM_Encoder_Start  stm32f4xx_hal_tim.o
    0x08002e0c   0x08002e0c   0x00000002   Code   RO         1018    i.HAL_TIM_IC_CaptureCallback  stm32f4xx_hal_tim.o
    0x08002e0e   0x08002e0e   0x00000166   Code   RO         1031    i.HAL_TIM_IRQHandler  stm32f4xx_hal_tim.o
    0x08002f74   0x08002f74   0x00000050   Code   RO          628    i.HAL_TIM_MspPostInit  stm32f4xx_hal_msp.o
    0x08002fc4   0x08002fc4   0x00000056   Code   RO         1032    i.HAL_TIM_OC_ConfigChannel  stm32f4xx_hal_tim.o
    0x0800301a   0x0800301a   0x00000002   Code   RO         1034    i.HAL_TIM_OC_DelayElapsedCallback  stm32f4xx_hal_tim.o
    0x0800301c   0x0800301c   0x00000036   Code   RO         1036    i.HAL_TIM_OC_Init   stm32f4xx_hal_tim.o
    0x08003052   0x08003052   0x00000002   Code   RO         1038    i.HAL_TIM_OC_MspInit  stm32f4xx_hal_tim.o
    0x08003054   0x08003054   0x00000030   Code   RO         1039    i.HAL_TIM_OC_Start  stm32f4xx_hal_tim.o
    0x08003084   0x08003084   0x000000d0   Code   RO         1055    i.HAL_TIM_PWM_ConfigChannel  stm32f4xx_hal_tim.o
    0x08003154   0x08003154   0x00000036   Code   RO         1058    i.HAL_TIM_PWM_Init  stm32f4xx_hal_tim.o
    0x0800318a   0x0800318a   0x00000002   PAD
    0x0800318c   0x0800318c   0x0000003c   Code   RO          630    i.HAL_TIM_PWM_MspInit  stm32f4xx_hal_msp.o
    0x080031c8   0x080031c8   0x00000002   Code   RO         1061    i.HAL_TIM_PWM_PulseFinishedCallback  stm32f4xx_hal_tim.o
    0x080031ca   0x080031ca   0x00000002   PAD
    0x080031cc   0x080031cc   0x00000030   Code   RO         1062    i.HAL_TIM_PWM_Start  stm32f4xx_hal_tim.o
    0x080031fc   0x080031fc   0x00000060   Code   RO         1064    i.HAL_TIM_PWM_Start_IT  stm32f4xx_hal_tim.o
    0x0800325c   0x0800325c   0x00000002   Code   RO         1068    i.HAL_TIM_PeriodElapsedCallback  stm32f4xx_hal_tim.o
    0x0800325e   0x0800325e   0x00000002   Code   RO         1072    i.HAL_TIM_TriggerCallback  stm32f4xx_hal_tim.o
    0x08003260   0x08003260   0x00000058   Code   RO         1876    i.HAL_UART_DMAStop  stm32f4xx_hal_uart.o
    0x080032b8   0x080032b8   0x00000002   Code   RO         1878    i.HAL_UART_ErrorCallback  stm32f4xx_hal_uart.o
    0x080032ba   0x080032ba   0x00000002   PAD
    0x080032bc   0x080032bc   0x00000110   Code   RO         1881    i.HAL_UART_IRQHandler  stm32f4xx_hal_uart.o
    0x080033cc   0x080033cc   0x00000062   Code   RO         1882    i.HAL_UART_Init     stm32f4xx_hal_uart.o
    0x0800342e   0x0800342e   0x00000002   PAD
    0x08003430   0x08003430   0x000001a0   Code   RO          632    i.HAL_UART_MspInit  stm32f4xx_hal_msp.o
    0x080035d0   0x080035d0   0x00000098   Code   RO         1886    i.HAL_UART_Receive_DMA  stm32f4xx_hal_uart.o
    0x08003668   0x08003668   0x00000002   Code   RO         1888    i.HAL_UART_RxCpltCallback  stm32f4xx_hal_uart.o
    0x0800366a   0x0800366a   0x00000002   Code   RO         1889    i.HAL_UART_RxHalfCpltCallback  stm32f4xx_hal_uart.o
    0x0800366c   0x0800366c   0x00000080   Code   RO         1891    i.HAL_UART_Transmit_DMA  stm32f4xx_hal_uart.o
    0x080036ec   0x080036ec   0x000000c0   Code   RO          474    i.HAL_UART_TxCpltCallback  stm32f4xx_it.o
    0x080037ac   0x080037ac   0x00000002   Code   RO         1894    i.HAL_UART_TxHalfCpltCallback  stm32f4xx_hal_uart.o
    0x080037ae   0x080037ae   0x00000002   Code   RO          475    i.HardFault_Handler  stm32f4xx_it.o
    0x080037b0   0x080037b0   0x00000108   Code   RO          303    i.MX_ADC1_Init      main.o
    0x080038b8   0x080038b8   0x0000007c   Code   RO          304    i.MX_DMA_Init       main.o
    0x08003934   0x08003934   0x000000b0   Code   RO          305    i.MX_GPIO_Init      main.o
    0x080039e4   0x080039e4   0x00000060   Code   RO          306    i.MX_TIM1_Init      main.o
    0x08003a44   0x08003a44   0x00000094   Code   RO          307    i.MX_TIM2_Init      main.o
    0x08003ad8   0x08003ad8   0x0000005c   Code   RO          308    i.MX_TIM3_Init      main.o
    0x08003b34   0x08003b34   0x0000005c   Code   RO          309    i.MX_TIM4_Init      main.o
    0x08003b90   0x08003b90   0x00000002   Code   RO          476    i.MemManage_Handler  stm32f4xx_it.o
    0x08003b92   0x08003b92   0x00000002   Code   RO          477    i.NMI_Handler       stm32f4xx_it.o
    0x08003b94   0x08003b94   0x00000020   Code   RO         2988    i.NVIC_SetPriority  stm32f4xx_hal_cortex.o
    0x08003bb4   0x08003bb4   0x0000007c   Code   RO          246    i.PID_ANGLE         control_function.o
    0x08003c30   0x08003c30   0x0000007c   Code   RO          247    i.PID_L             control_function.o
    0x08003cac   0x08003cac   0x0000007c   Code   RO          248    i.PID_R             control_function.o
    0x08003d28   0x08003d28   0x00000002   Code   RO          478    i.PendSV_Handler    stm32f4xx_it.o
    0x08003d2a   0x08003d2a   0x00000002   Code   RO          479    i.SVC_Handler       stm32f4xx_it.o
    0x08003d2c   0x08003d2c   0x00000168   Code   RO           25    i.String_Analysis   communication_function.o
    0x08003e94   0x08003e94   0x00000004   Code   RO          480    i.SysTick_Handler   stm32f4xx_it.o
    0x08003e98   0x08003e98   0x00000088   Code   RO          310    i.SystemClock_Config  main.o
    0x08003f20   0x08003f20   0x00000054   Code   RO         3277    i.SystemInit        system_stm32f4xx.o
    0x08003f74   0x08003f74   0x00000020   Code   RO          481    i.TIM1_TRG_COM_TIM11_IRQHandler  stm32f4xx_it.o
    0x08003f94   0x08003f94   0x00000034   Code   RO          482    i.TIM1_UP_TIM10_IRQHandler  stm32f4xx_it.o
    0x08003fc8   0x08003fc8   0x0000000c   Code   RO          483    i.TIM4_IRQHandler   stm32f4xx_it.o
    0x08003fd4   0x08003fd4   0x00000090   Code   RO         1073    i.TIM_Base_SetConfig  stm32f4xx_hal_tim.o
    0x08004064   0x08004064   0x00000016   Code   RO         1074    i.TIM_CCxChannelCmd  stm32f4xx_hal_tim.o
    0x0800407a   0x0800407a   0x00000014   Code   RO         1080    i.TIM_ETR_SetConfig  stm32f4xx_hal_tim.o
    0x0800408e   0x0800408e   0x00000010   Code   RO         1081    i.TIM_ITRx_SetConfig  stm32f4xx_hal_tim.o
    0x0800409e   0x0800409e   0x00000002   PAD
    0x080040a0   0x080040a0   0x00000050   Code   RO         1082    i.TIM_OC1_SetConfig  stm32f4xx_hal_tim.o
    0x080040f0   0x080040f0   0x00000058   Code   RO         1083    i.TIM_OC2_SetConfig  stm32f4xx_hal_tim.o
    0x08004148   0x08004148   0x00000058   Code   RO         1084    i.TIM_OC3_SetConfig  stm32f4xx_hal_tim.o
    0x080041a0   0x080041a0   0x00000044   Code   RO         1085    i.TIM_OC4_SetConfig  stm32f4xx_hal_tim.o
    0x080041e4   0x080041e4   0x00000022   Code   RO         1087    i.TIM_TI1_ConfigInputStage  stm32f4xx_hal_tim.o
    0x08004206   0x08004206   0x00000024   Code   RO         1089    i.TIM_TI2_ConfigInputStage  stm32f4xx_hal_tim.o
    0x0800422a   0x0800422a   0x00000002   PAD
    0x0800422c   0x0800422c   0x000000ac   Code   RO           26    i.Transmit_UART     communication_function.o
    0x080042d8   0x080042d8   0x00000010   Code   RO         1895    i.UART_DMAAbortOnError  stm32f4xx_hal_uart.o
    0x080042e8   0x080042e8   0x0000004a   Code   RO         1896    i.UART_DMAError     stm32f4xx_hal_uart.o
    0x08004332   0x08004332   0x0000003c   Code   RO         1897    i.UART_DMAReceiveCplt  stm32f4xx_hal_uart.o
    0x0800436e   0x0800436e   0x0000000a   Code   RO         1899    i.UART_DMARxHalfCplt  stm32f4xx_hal_uart.o
    0x08004378   0x08004378   0x0000002e   Code   RO         1901    i.UART_DMATransmitCplt  stm32f4xx_hal_uart.o
    0x080043a6   0x080043a6   0x0000000a   Code   RO         1903    i.UART_DMATxHalfCplt  stm32f4xx_hal_uart.o
    0x080043b0   0x080043b0   0x0000001c   Code   RO         1905    i.UART_EndRxTransfer  stm32f4xx_hal_uart.o
    0x080043cc   0x080043cc   0x00000012   Code   RO         1906    i.UART_EndTxTransfer  stm32f4xx_hal_uart.o
    0x080043de   0x080043de   0x0000008c   Code   RO         1907    i.UART_Receive_IT   stm32f4xx_hal_uart.o
    0x0800446a   0x0800446a   0x00000002   PAD
    0x0800446c   0x0800446c   0x000002ac   Code   RO         1908    i.UART_SetConfig    stm32f4xx_hal_uart.o
    0x08004718   0x08004718   0x00000062   Code   RO         1909    i.UART_Transmit_IT  stm32f4xx_hal_uart.o
    0x0800477a   0x0800477a   0x00000002   PAD
    0x0800477c   0x0800477c   0x0000004c   Code   RO          484    i.USART2_IRQHandler  stm32f4xx_it.o
    0x080047c8   0x080047c8   0x0000004c   Code   RO          485    i.USART6_IRQHandler  stm32f4xx_it.o
    0x08004814   0x08004814   0x000001e8   Code   RO          249    i.Update_POS        control_function.o
    0x080049fc   0x080049fc   0x00000002   Code   RO          486    i.UsageFault_Handler  stm32f4xx_it.o
    0x080049fe   0x080049fe   0x00000002   PAD
    0x08004a00   0x08004a00   0x00000028   Code   RO         3593    i.__0sprintf        mc_w.l(printfa.o)
    0x08004a28   0x08004a28   0x00000030   Code   RO         3712    i.__ARM_fpclassify  m_wm.l(fpclassify.o)
    0x08004a58   0x08004a58   0x000000c8   Code   RO         3311    i.__hardfp_cos      m_wm.l(cos.o)
    0x08004b20   0x08004b20   0x000000c8   Code   RO         3323    i.__hardfp_sin      m_wm.l(sin.o)
    0x08004be8   0x08004be8   0x0000007a   Code   RO         3335    i.__hardfp_sqrt     m_wm.l(sqrt.o)
    0x08004c62   0x08004c62   0x00000006   PAD
    0x08004c68   0x08004c68   0x00000438   Code   RO         3646    i.__ieee754_rem_pio2  m_wm.l(rred.o)
    0x080050a0   0x080050a0   0x00000170   Code   RO         3629    i.__kernel_cos      m_wm.l(cos_i.o)
    0x08005210   0x08005210   0x000000f8   Code   RO         3714    i.__kernel_poly     m_wm.l(poly.o)
    0x08005308   0x08005308   0x00000130   Code   RO         3651    i.__kernel_sin      m_wm.l(sin_i.o)
    0x08005438   0x08005438   0x00000014   Code   RO         3633    i.__mathlib_dbl_infnan  m_wm.l(dunder.o)
    0x0800544c   0x0800544c   0x00000004   PAD
    0x08005450   0x08005450   0x00000020   Code   RO         3635    i.__mathlib_dbl_invalid  m_wm.l(dunder.o)
    0x08005470   0x08005470   0x00000020   Code   RO         3638    i.__mathlib_dbl_underflow  m_wm.l(dunder.o)
    0x08005490   0x08005490   0x0000000e   Code   RO         3726    i.__scatterload_copy  mc_w.l(handlers.o)
    0x0800549e   0x0800549e   0x00000002   Code   RO         3727    i.__scatterload_null  mc_w.l(handlers.o)
    0x080054a0   0x080054a0   0x0000000e   Code   RO         3728    i.__scatterload_zeroinit  mc_w.l(handlers.o)
    0x080054ae   0x080054ae   0x00000002   PAD
    0x080054b0   0x080054b0   0x0000000c   Code   RO         3684    i.__set_errno       mc_w.l(errno.o)
    0x080054bc   0x080054bc   0x00000184   Code   RO         3598    i._fp_digits        mc_w.l(printfa.o)
    0x08005640   0x08005640   0x000006dc   Code   RO         3599    i._printf_core      mc_w.l(printfa.o)
    0x08005d1c   0x08005d1c   0x00000024   Code   RO         3600    i._printf_post_padding  mc_w.l(printfa.o)
    0x08005d40   0x08005d40   0x0000002e   Code   RO         3601    i._printf_pre_padding  mc_w.l(printfa.o)
    0x08005d6e   0x08005d6e   0x0000000a   Code   RO         3603    i._sputc            mc_w.l(printfa.o)
    0x08005d78   0x08005d78   0x00000018   Code   RO         3708    i.fabs              m_wm.l(fabs.o)
    0x08005d90   0x08005d90   0x000001ac   Code   RO          313    i.main              main.o
    0x08005f3c   0x08005f3c   0x00000046   Code   RO           27    i.next_statement    communication_function.o
    0x08005f82   0x08005f82   0x0000002a   Code   RO           28    i.read_double       communication_function.o
    0x08005fac   0x08005fac   0x000000a4   Code   RO           29    i.strtod_M          communication_function.o
    0x08006050   0x08006050   0x00000008   Data   RO         2681    .constdata          stm32f4xx_hal_dma.o
    0x08006058   0x08006058   0x00000010   Data   RO         3278    .constdata          system_stm32f4xx.o
    0x08006068   0x08006068   0x00000008   Data   RO         3279    .constdata          system_stm32f4xx.o
    0x08006070   0x08006070   0x00000030   Data   RO         3630    .constdata          m_wm.l(cos_i.o)
    0x080060a0   0x080060a0   0x000000c8   Data   RO         3648    .constdata          m_wm.l(rred.o)
    0x08006168   0x08006168   0x00000028   Data   RO         3652    .constdata          m_wm.l(sin_i.o)
    0x08006190   0x08006190   0x00000020   Data   RO         3724    Region$$Table       anon$$obj.o


    Execution Region RW_IRAM1 (Exec base: 0x20000000, Load base: 0x080061b0, Size: 0x00001238, Max: 0x00018000, ABSOLUTE)

    Exec Addr    Load Addr    Size         Type   Attr      Idx    E Section Name        Object

    0x20000000   0x080061b0   0x00000034   Data   RW          251    .data               control_function.o
    0x20000034   0x080061e4   0x00000001   Data   RW          321    .data               main.o
    0x20000035   0x080061e5   0x00000002   Data   RW          322    .data               main.o
    0x20000037   0x080061e7   0x00000001   Data   RW          323    .data               main.o
    0x20000038   0x080061e8   0x00000001   Data   RW          324    .data               main.o
    0x20000039   0x080061e9   0x00000001   Data   RW          325    .data               main.o
    0x2000003a   0x080061ea   0x00000001   Data   RW          326    .data               main.o
    0x2000003b   0x080061eb   0x00000001   Data   RW          327    .data               main.o
    0x2000003c   0x080061ec   0x00000002   Data   RW          329    .data               main.o
    0x2000003e   0x080061ee   0x00000002   Data   RW          330    .data               main.o
    0x20000040   0x080061f0   0x00000002   Data   RW          331    .data               main.o
    0x20000042   0x080061f2   0x00000002   Data   RW          332    .data               main.o
    0x20000044   0x080061f4   0x00000004   Data   RW          333    .data               main.o
    0x20000048   0x080061f8   0x00000004   Data   RW          334    .data               main.o
    0x2000004c   0x080061fc   0x00000004   Data   RW          335    .data               main.o
    0x20000050   0x08006200   0x00000004   Data   RW          336    .data               main.o
    0x20000054   0x08006204   0x00000004   Data   RW          337    .data               main.o
    0x20000058   0x08006208   0x00000004   Data   RW          338    .data               main.o
    0x2000005c   0x0800620c   0x00000004   Data   RW          339    .data               main.o
    0x20000060   0x08006210   0x00000004   Data   RW          340    .data               main.o
    0x20000064   0x08006214   0x00000004   Data   RW          341    .data               main.o
    0x20000068   0x08006218   0x00000004   Data   RW          342    .data               main.o
    0x2000006c   0x0800621c   0x00000004   Data   RW          343    .data               main.o
    0x20000070   0x08006220   0x00000004   Data   RW          344    .data               main.o
    0x20000074   0x08006224   0x00000001   Data   RW          345    .data               main.o
    0x20000075   0x08006225   0x00000001   Data   RW          346    .data               main.o
    0x20000076   0x08006226   0x00000001   Data   RW          347    .data               main.o
    0x20000077   0x08006227   0x00000001   Data   RW          348    .data               main.o
    0x20000078   0x08006228   0x00000004   Data   RW          349    .data               main.o
    0x2000007c   0x0800622c   0x00000004   Data   RW          350    .data               main.o
    0x20000080   0x08006230   0x00000004   Data   RW          351    .data               main.o
    0x20000084   0x08006234   0x00000004   Data   RW          352    .data               main.o
    0x20000088   0x08006238   0x00000004   Data   RW          353    .data               main.o
    0x2000008c   0x0800623c   0x00000004   Data   RW          354    .data               main.o
    0x20000090   0x08006240   0x00000002   Data   RW          355    .data               main.o
    0x20000092   0x08006242   0x00000002   Data   RW          356    .data               main.o
    0x20000094   0x08006244   0x00000002   Data   RW          357    .data               main.o
    0x20000096   0x08006246   0x00000002   Data   RW          358    .data               main.o
    0x20000098   0x08006248   0x00000002   Data   RW          359    .data               main.o
    0x2000009a   0x0800624a   0x00000002   Data   RW          360    .data               main.o
    0x2000009c   0x0800624c   0x00000002   Data   RW          361    .data               main.o
    0x2000009e   0x0800624e   0x00000002   Data   RW          362    .data               main.o
    0x200000a0   0x08006250   0x00000002   Data   RW          363    .data               main.o
    0x200000a2   0x08006252   0x00000002   Data   RW          364    .data               main.o
    0x200000a4   0x08006254   0x00000002   Data   RW          365    .data               main.o
    0x200000a6   0x08006256   0x00000002   Data   RW          366    .data               main.o
    0x200000a8   0x08006258   0x00000004   Data   RW          367    .data               main.o
    0x200000ac   0x0800625c   0x00000004   Data   RW          368    .data               main.o
    0x200000b0   0x08006260   0x00000004   Data   RW          369    .data               main.o
    0x200000b4   0x08006264   0x00000004   Data   RW          370    .data               main.o
    0x200000b8   0x08006268   0x00000004   Data   RW          371    .data               main.o
    0x200000bc   0x0800626c   0x00000004   Data   RW          372    .data               main.o
    0x200000c0   0x08006270   0x00000004   Data   RW          373    .data               main.o
    0x200000c4   0x08006274   0x00000004   Data   RW          374    .data               main.o
    0x200000c8   0x08006278   0x00000004   Data   RW          375    .data               main.o
    0x200000cc   0x0800627c   0x00000004   Data   RW          376    .data               main.o
    0x200000d0   0x08006280   0x00000004   Data   RW          377    .data               main.o
    0x200000d4   0x08006284   0x00000004   Data   RW          378    .data               main.o
    0x200000d8   0x08006288   0x00000004   Data   RW          379    .data               main.o
    0x200000dc   0x0800628c   0x00000004   Data   RW          380    .data               main.o
    0x200000e0   0x08006290   0x00000004   Data   RW          381    .data               main.o
    0x200000e4   0x08006294   0x00000004   Data   RW          382    .data               main.o
    0x200000e8   0x08006298   0x00000004   Data   RW          383    .data               main.o
    0x200000ec   0x0800629c   0x0000000c   Data   RW         3130    .data               stm32f4xx_hal.o
    0x200000f8   0x080062a8   0x00000004   Data   RW         3280    .data               system_stm32f4xx.o
    0x200000fc   0x080062ac   0x00000004   Data   RW         3685    .data               mc_w.l(errno.o)
    0x20000100        -       0x00000078   Zero   RW          250    .bss                control_function.o
    0x20000178        -       0x00000040   Zero   RW          314    .bss                main.o
    0x200001b8        -       0x00000760   Zero   RW          315    .bss                main.o
    0x20000918        -       0x00000200   Zero   RW          316    .bss                main.o
    0x20000b18        -       0x00000200   Zero   RW          317    .bss                main.o
    0x20000d18        -       0x00000060   Zero   RW          318    .bss                main.o
    0x20000d78        -       0x00000060   Zero   RW          319    .bss                main.o
    0x20000dd8        -       0x00000060   Zero   RW          320    .bss                main.o
    0x20000e38        -       0x00000400   Zero   RW            1    STACK               startup_stm32f401xe.o


==============================================================================

Image component sizes


      Code (inc. data)   RO Data    RW Data    ZI Data      Debug   Object Name

      3364        864          0          0          0     445625   communication_function.o
      1908        424          0         52        120       5551   control_function.o
      1558        102          0        184       3264      13077   main.o
        36          8        404          0       1024        940   startup_stm32f401xe.o
       144         24          0         12          0       4557   stm32f4xx_hal.o
      1418         56          0          0          0      10137   stm32f4xx_hal_adc.o
         2          0          0          0          0       1189   stm32f4xx_hal_adc_ex.o
       194         14          0          0          0      31015   stm32f4xx_hal_cortex.o
      1090         16          8          0          0       8282   stm32f4xx_hal_dma.o
       402         34          0          0          0       2712   stm32f4xx_hal_gpio.o
      1204        138          0          0          0       6684   stm32f4xx_hal_msp.o
      1260         76          0          0          0       5764   stm32f4xx_hal_rcc.o
      2082         66          0          0          0      24405   stm32f4xx_hal_tim.o
        84          0          0          0          0       2826   stm32f4xx_hal_tim_ex.o
      1930         42          0          0          0      16223   stm32f4xx_hal_uart.o
       532        128          0          0          0      13091   stm32f4xx_it.o
        84         18         24          4          0       1467   system_stm32f4xx.o

    ----------------------------------------------------------------------
     17324       2010        468        252       4408     593545   Object Totals
         0          0         32          0          0          0   (incl. Generated)
        32          0          0          0          0          0   (incl. Padding)

    ----------------------------------------------------------------------

      Code (inc. data)   RO Data    RW Data    ZI Data      Debug   Library Member Name

       200         20          0          0          0        164   cos.o
       368         46         48          0          0        200   cos_i.o
        84         16          0          0          0        372   dunder.o
        24          0          0          0          0        124   fabs.o
        48          0          0          0          0        124   fpclassify.o
       248          0          0          0          0        152   poly.o
      1080        142        200          0          0        188   rred.o
       200         20          0          0          0        164   sin.o
       304         24         40          0          0        208   sin_i.o
       122          0          0          0          0        148   sqrt.o
         0          0          0          0          0          0   entry.o
         0          0          0          0          0          0   entry10a.o
         0          0          0          0          0          0   entry11a.o
         8          4          0          0          0          0   entry2.o
         4          0          0          0          0          0   entry5.o
         0          0          0          0          0          0   entry7b.o
         0          0          0          0          0          0   entry8b.o
         8          4          0          0          0          0   entry9a.o
        12          6          0          4          0         68   errno.o
        30          0          0          0          0          0   handlers.o
        36          8          0          0          0         68   init.o
         0          0          0          0          0          0   iusefp.o
        30          0          0          0          0         68   llshl.o
        36          0          0          0          0         68   llsshr.o
        32          0          0          0          0         68   llushr.o
        36          0          0          0          0        108   memseta.o
      2276         86          0          0          0        520   printfa.o
        18          0          0          0          0         68   strcpy.o
        14          0          0          0          0         68   strlen.o
        44          0          0          0          0         80   uidiv.o
        98          0          0          0          0         92   uldiv.o
        48          0          0          0          0         68   cdrcmple.o
        56          0          0          0          0         88   d2f.o
       334          0          0          0          0        148   dadd.o
       222          0          0          0          0        100   ddiv.o
       186          0          0          0          0        176   depilogue.o
        62          0          0          0          0         80   dfixi.o
        48          0          0          0          0         68   dfixul.o
        34          0          0          0          0         76   dflti.o
        26          0          0          0          0         76   dfltui.o
       228          0          0          0          0         96   dmul.o
       162          0          0          0          0        100   dsqrt.o
        38          0          0          0          0         68   f2d.o
       110          0          0          0          0        168   fepilogue.o

    ----------------------------------------------------------------------
      6928        376        288          4          0       4432   Library Totals
        14          0          0          0          0          0   (incl. Padding)

    ----------------------------------------------------------------------

      Code (inc. data)   RO Data    RW Data    ZI Data      Debug   Library Name

      2678        268        288          0          0       1844   m_wm.l
      2682        108          0          4          0       1276   mc_w.l
      1554          0          0          0          0       1312   mf_w.l

    ----------------------------------------------------------------------
      6928        376        288          4          0       4432   Library Totals

    ----------------------------------------------------------------------

==============================================================================


      Code (inc. data)   RO Data    RW Data    ZI Data      Debug   

     24252       2386        756        256       4408     581429   Grand Totals
     24252       2386        756        256       4408     581429   ELF Image Totals
     24252       2386        756        256          0          0   ROM Totals

==============================================================================

    Total RO  Size (Code + RO Data)                25008 (  24.42kB)
    Total RW  Size (RW Data + ZI Data)              4664 (   4.55kB)
    Total ROM Size (Code + RO Data + RW Data)      25264 (  24.67kB)

==============================================================================

