Component: ARM Compiler 5.06 update 6 (build 750) Tool: armlink [4d35ed]

==============================================================================

Section Cross References

    startup_stm32f401xe.o(RESET) refers to startup_stm32f401xe.o(STACK) for __initial_sp
    startup_stm32f401xe.o(RESET) refers to startup_stm32f401xe.o(.text) for Reset_Handler
    startup_stm32f401xe.o(RESET) refers to stm32f4xx_it.o(i.NMI_Handler) for NMI_Handler
    startup_stm32f401xe.o(RESET) refers to stm32f4xx_it.o(i.HardFault_Handler) for HardFault_Handler
    startup_stm32f401xe.o(RESET) refers to stm32f4xx_it.o(i.MemManage_Handler) for MemManage_Handler
    startup_stm32f401xe.o(RESET) refers to stm32f4xx_it.o(i.BusFault_Handler) for BusFault_Handler
    startup_stm32f401xe.o(RESET) refers to stm32f4xx_it.o(i.UsageFault_Handler) for UsageFault_Handler
    startup_stm32f401xe.o(RESET) refers to stm32f4xx_it.o(i.SVC_Handler) for SVC_Handler
    startup_stm32f401xe.o(RESET) refers to stm32f4xx_it.o(i.DebugMon_Handler) for DebugMon_Handler
    startup_stm32f401xe.o(RESET) refers to stm32f4xx_it.o(i.PendSV_Handler) for PendSV_Handler
    startup_stm32f401xe.o(RESET) refers to stm32f4xx_it.o(i.SysTick_Handler) for SysTick_Handler
    startup_stm32f401xe.o(RESET) refers to stm32f4xx_it.o(i.DMA1_Stream5_IRQHandler) for DMA1_Stream5_IRQHandler
    startup_stm32f401xe.o(RESET) refers to stm32f4xx_it.o(i.DMA1_Stream6_IRQHandler) for DMA1_Stream6_IRQHandler
    startup_stm32f401xe.o(RESET) refers to stm32f4xx_it.o(i.TIM1_UP_TIM10_IRQHandler) for TIM1_UP_TIM10_IRQHandler
    startup_stm32f401xe.o(RESET) refers to stm32f4xx_it.o(i.USART2_IRQHandler) for USART2_IRQHandler
    startup_stm32f401xe.o(RESET) refers to stm32f4xx_it.o(i.DMA2_Stream1_IRQHandler) for DMA2_Stream1_IRQHandler
    startup_stm32f401xe.o(RESET) refers to stm32f4xx_it.o(i.DMA2_Stream5_IRQHandler) for DMA2_Stream5_IRQHandler
    startup_stm32f401xe.o(RESET) refers to stm32f4xx_it.o(i.DMA2_Stream6_IRQHandler) for DMA2_Stream6_IRQHandler
    startup_stm32f401xe.o(RESET) refers to stm32f4xx_it.o(i.USART6_IRQHandler) for USART6_IRQHandler
    startup_stm32f401xe.o(.text) refers to system_stm32f4xx.o(i.SystemInit) for SystemInit
    startup_stm32f401xe.o(.text) refers to entry.o(.ARM.Collect$$$$00000000) for __main
    communication_function.o(i.Analyse_RX_Buffer) refers to strcpy.o(.text) for strcpy
    communication_function.o(i.Analyse_RX_Buffer) refers to communication_function.o(i.String_Analysis) for String_Analysis
    communication_function.o(i.Analyse_RX_Buffer) refers to main.o(.data) for Indice_Start_RX
    communication_function.o(i.Analyse_RX_Buffer) refers to main.o(.data) for Indice_Stop_RX
    communication_function.o(i.Analyse_RX_Buffer) refers to main.o(.bss) for BUFFER_RX
    communication_function.o(i.Analyse_RX_Buffer) refers to main.o(.data) for Indice_Start_RX_UART2
    communication_function.o(i.Analyse_RX_Buffer) refers to main.o(.bss) for UART_RX_Analyse
    communication_function.o(i.COMMAND_G92) refers to f2d.o(.text) for __aeabi_f2d
    communication_function.o(i.COMMAND_G92) refers to printfa.o(i.__0sprintf) for __2sprintf
    communication_function.o(i.COMMAND_G92) refers to communication_function.o(i.Transmit_UART) for Transmit_UART
    communication_function.o(i.COMMAND_G92) refers to main.o(.data) for UPDATE_POS_PARAMETERS
    communication_function.o(i.COMMAND_G92) refers to main.o(.data) for X_POS_MM_CACHE
    communication_function.o(i.COMMAND_G92) refers to main.o(.data) for Y_POS_MM_CACHE
    communication_function.o(i.COMMAND_G92) refers to main.o(.data) for ANGLE_POS_RAD_CACHE
    communication_function.o(i.COMMAND_G92) refers to main.o(.data) for ANGLE_POS_RAD
    communication_function.o(i.COMMAND_G92) refers to main.o(.data) for X_POS_MM
    communication_function.o(i.COMMAND_G92) refers to main.o(.data) for Y_POS_MM
    communication_function.o(i.String_Analysis) refers to communication_function.o(i.next_statement) for next_statement
    communication_function.o(i.String_Analysis) refers to printfa.o(i.__0sprintf) for __2sprintf
    communication_function.o(i.String_Analysis) refers to communication_function.o(i.Transmit_UART) for Transmit_UART
    communication_function.o(i.String_Analysis) refers to communication_function.o(i.COMMAND_G92) for COMMAND_G92
    communication_function.o(i.String_Analysis) refers to main.o(.bss) for UART_RX_Analyse
    communication_function.o(i.Transmit_UART) refers to strcpy.o(.text) for strcpy
    communication_function.o(i.Transmit_UART) refers to strlen.o(.text) for strlen
    communication_function.o(i.Transmit_UART) refers to stm32f4xx_hal_uart.o(i.HAL_UART_Transmit_DMA) for HAL_UART_Transmit_DMA
    communication_function.o(i.Transmit_UART) refers to main.o(.bss) for BUFFER_TX
    communication_function.o(i.Transmit_UART) refers to main.o(.data) for Indice_Stop_TX
[...]
    i.HAL_UART_Receive_DMA                   0x080023c4   Section        0  stm32f4xx_hal_uart.o(i.HAL_UART_Receive_DMA)
    i.HAL_UART_RxCpltCallback                0x0800245c   Section        0  stm32f4xx_hal_uart.o(i.HAL_UART_RxCpltCallback)
    i.HAL_UART_RxHalfCpltCallback            0x0800245e   Section        0  stm32f4xx_hal_uart.o(i.HAL_UART_RxHalfCpltCallback)
    i.HAL_UART_Transmit_DMA                  0x08002460   Section        0  stm32f4xx_hal_uart.o(i.HAL_UART_Transmit_DMA)
    i.HAL_UART_TxCpltCallback                0x080024e0   Section        0  stm32f4xx_it.o(i.HAL_UART_TxCpltCallback)
    i.HAL_UART_TxHalfCpltCallback            0x080025a0   Section        0  stm32f4xx_hal_uart.o(i.HAL_UART_TxHalfCpltCallback)
    i.HardFault_Handler                      0x080025a2   Section        0  stm32f4xx_it.o(i.HardFault_Handler)
    i.MX_DMA_Init                            0x080025a4   Section        0  main.o(i.MX_DMA_Init)
    MX_DMA_Init                              0x080025a5   Thumb Code   120  main.o(i.MX_DMA_Init)
    i.MX_GPIO_Init                           0x08002620   Section        0  main.o(i.MX_GPIO_Init)
    MX_GPIO_Init                             0x08002621   Thumb Code   160  main.o(i.MX_GPIO_Init)
    i.MX_TIM1_Init                           0x080026d0   Section        0  main.o(i.MX_TIM1_Init)
    MX_TIM1_Init                             0x080026d1   Thumb Code    88  main.o(i.MX_TIM1_Init)
    i.MX_TIM2_Init                           0x08002730   Section        0  main.o(i.MX_TIM2_Init)
    MX_TIM2_Init                             0x08002731   Thumb Code    94  main.o(i.MX_TIM2_Init)
    i.MX_TIM3_Init                           0x08002794   Section        0  main.o(i.MX_TIM3_Init)
    MX_TIM3_Init                             0x08002795   Thumb Code   130  main.o(i.MX_TIM3_Init)
    i.MX_TIM4_Init                           0x08002820   Section        0  main.o(i.MX_TIM4_Init)
    MX_TIM4_Init                             0x08002821   Thumb Code   130  main.o(i.MX_TIM4_Init)
    i.MX_TIM5_Init                           0x080028ac   Section        0  main.o(i.MX_TIM5_Init)
    MX_TIM5_Init                             0x080028ad   Thumb Code    82  main.o(i.MX_TIM5_Init)
    i.MemManage_Handler                      0x08002908   Section        0  stm32f4xx_it.o(i.MemManage_Handler)
    i.NMI_Handler                            0x0800290a   Section        0  stm32f4xx_it.o(i.NMI_Handler)
    i.NVIC_SetPriority                       0x0800290c   Section        0  stm32f4xx_hal_cortex.o(i.NVIC_SetPriority)
    NVIC_SetPriority                         0x0800290d   Thumb Code    32  stm32f4xx_hal_cortex.o(i.NVIC_SetPriority)
    i.PendSV_Handler                         0x0800292c   Section        0  stm32f4xx_it.o(i.PendSV_Handler)
    i.SVC_Handler                            0x0800292e   Section        0  stm32f4xx_it.o(i.SVC_Handler)
    i.String_Analysis                        0x08002930   Section        0  communication_function.o(i.String_Analysis)
    i.SysTick_Handler                        0x080029c0   Section        0  stm32f4xx_it.o(i.SysTick_Handler)
    i.SystemClock_Config                     0x080029c4   Section        0  main.o(i.SystemClock_Config)
    i.SystemInit                             0x08002a4c   Section        0  system_stm32f4xx.o(i.SystemInit)
    i.TIM1_UP_TIM10_IRQHandler               0x08002aa0   Section        0  stm32f4xx_it.o(i.TIM1_UP_TIM10_IRQHandler)
    i.TIM_Base_SetConfig                     0x08003050   Section        0  stm32f4xx_hal_tim.o(i.TIM_Base_SetConfig)
    i.TIM_CCxChannelCmd                      0x080030e0   Section        0  stm32f4xx_hal_tim.o(i.TIM_CCxChannelCmd)
    i.TIM_ETR_SetConfig                      0x080030f6   Section        0  stm32f4xx_hal_tim.o(i.TIM_ETR_SetConfig)
    TIM_ETR_SetConfig                        0x080030f7   Thumb Code    20  stm32f4xx_hal_tim.o(i.TIM_ETR_SetConfig)
    i.TIM_ITRx_SetConfig                     0x0800310a   Section        0  stm32f4xx_hal_tim.o(i.TIM_ITRx_SetConfig)
    TIM_ITRx_SetConfig                       0x0800310b   Thumb Code    16  stm32f4xx_hal_tim.o(i.TIM_ITRx_SetConfig)
    i.TIM_OC1_SetConfig                      0x0800311c   Section        0  stm32f4xx_hal_tim.o(i.TIM_OC1_SetConfig)
    TIM_OC1_SetConfig                        0x0800311d   Thumb Code    74  stm32f4xx_hal_tim.o(i.TIM_OC1_SetConfig)
    i.TIM_OC2_SetConfig                      0x0800316c   Section        0  stm32f4xx_hal_tim.o(i.TIM_OC2_SetConfig)
    i.TIM_OC3_SetConfig                      0x080031c4   Section        0  stm32f4xx_hal_tim.o(i.TIM_OC3_SetConfig)
    TIM_OC3_SetConfig                        0x080031c5   Thumb Code    82  stm32f4xx_hal_tim.o(i.TIM_OC3_SetConfig)
    i.TIM_OC4_SetConfig                      0x0800321c   Section        0  stm32f4xx_hal_tim.o(i.TIM_OC4_SetConfig)
    TIM_OC4_SetConfig                        0x0800321d   Thumb Code    64  stm32f4xx_hal_tim.o(i.TIM_OC4_SetConfig)
    i.TIM_TI1_ConfigInputStage               0x08003260   Section        0  stm32f4xx_hal_tim.o(i.TIM_TI1_ConfigInputStage)
    TIM_TI1_ConfigInputStage                 0x08003261   Thumb Code    34  stm32f4xx_hal_tim.o(i.TIM_TI1_ConfigInputStage)
    i.TIM_TI1_SetConfig                      0x08003284   Section        0  stm32f4xx_hal_tim.o(i.TIM_TI1_SetConfig)
    i.TIM_TI2_ConfigInputStage               0x080032f4   Section        0  stm32f4xx_hal_tim.o(i.TIM_TI2_ConfigInputStage)
    TIM_TI2_ConfigInputStage                 0x080032f5   Thumb Code    36  stm32f4xx_hal_tim.o(i.TIM_TI2_ConfigInputStage)
    i.TIM_TI2_SetConfig                      0x08003318   Section        0  stm32f4xx_hal_tim.o(i.TIM_TI2_SetConfig)
    TIM_TI2_SetConfig                        0x08003319   Thumb Code    54  stm32f4xx_hal_tim.o(i.TIM_TI2_SetConfig)
    i.Transmit_UART                          0x08003350   Section        0  communication_function.o(i.Transmit_UART)
    i.UART_DMAAbortOnError                   0x080033fc   Section        0  stm32f4xx_hal_uart.o(i.UART_DMAAbortOnError)
    UART_DMAAbortOnError                     0x080033fd   Thumb Code    16  stm32f4xx_hal_uart.o(i.UART_DMAAbortOnError)
    i.UART_DMAError                          0x0800340c   Section        0  stm32f4xx_hal_uart.o(i.UART_DMAError)
    UART_DMAError                            0x0800340d   Thumb Code    74  stm32f4xx_hal_uart.o(i.UART_DMAError)
    i.UART_DMAReceiveCplt                    0x08003456   Section        0  stm32f4xx_hal_uart.o(i.UART_DMAReceiveCplt)
    UART_DMAReceiveCplt                      0x08003457   Thumb Code    60  stm32f4xx_hal_uart.o(i.UART_DMAReceiveCplt)
    i.UART_DMARxHalfCplt                     0x08003492   Section        0  stm32f4xx_hal_uart.o(i.UART_DMARxHalfCplt)
    UART_DMARxHalfCplt                       0x08003493   Thumb Code    10  stm32f4xx_hal_uart.o(i.UART_DMARxHalfCplt)
    i.UART_DMATransmitCplt                   0x0800349c   Section        0  stm32f4xx_hal_uart.o(i.UART_DMATransmitCplt)
    UART_DMATransmitCplt                     0x0800349d   Thumb Code    46  stm32f4xx_hal_uart.o(i.UART_DMATransmitCplt)
    i.UART_DMATxHalfCplt                     0x080034ca   Section        0  stm32f4xx_hal_uart.o(i.UART_DMATxHalfCplt)
    UART_DMATxHalfCplt                       0x080034cb   Thumb Code    10  stm32f4xx_hal_uart.o(i.UART_DMATxHalfCplt)
    i.UART_EndRxTransfer                     0x080034d4   Section        0  stm32f4xx_hal_uart.o(i.UART_EndRxTransfer)
    UART_EndRxTransfer                       0x080034d5   Thumb Code    28  stm32f4xx_hal_uart.o(i.UART_EndRxTransfer)
    i.UART_EndTxTransfer                     0x080034f0   Section        0  stm32f4xx_hal_uart.o(i.UART_EndTxTransfer)
    UART_EndTxTransfer                       0x080034f1   Thumb Code    18  stm32f4xx_hal_uart.o(i.UART_EndTxTransfer)
    i.UART_Receive_IT                        0x08003502   Section        0  stm32f4xx_hal_uart.o(i.UART_Receive_IT)
    UART_Receive_IT                          0x08003503   Thumb Code   140  stm32f4xx_hal_uart.o(i.UART_Receive_IT)
    i.UART_SetConfig                         0x08003590   Section        0  stm32f4xx_hal_uart.o(i.UART_SetConfig)
    UART_SetConfig                           0x08003591   Thumb Code   676  stm32f4xx_hal_uart.o(i.UART_SetConfig)
    i.UART_Transmit_IT                       0x0800383c   Section        0  stm32f4xx_hal_uart.o(i.UART_Transmit_IT)
    UART_Transmit_IT                         0x0800383d   Thumb Code    98  stm32f4xx_hal_uart.o(i.UART_Transmit_IT)
    i.USART2_IRQHandler                      0x080038a0   Section        0  stm32f4xx_it.o(i.USART2_IRQHandler)
    i.USART6_IRQHandler                      0x080038ec   Section        0  stm32f4xx_it.o(i.USART6_IRQHandler)
    i.UsageFault_Handler                     0x08003938   Section        0  stm32f4xx_it.o(i.UsageFault_Handler)
    i.__0sprintf                             0x0800393c   Section        0  printfa.o(i.__0sprintf)
    i.__ARM_fpclassify                       0x08003964   Section        0  fpclassify.o(i.__ARM_fpclassify)
    i.__hardfp_atan                          0x08003998   Section        0  atan.o(i.__hardfp_atan)
    i.__hardfp_atan2                         0x08003c70   Section        0  atan2.o(i.__hardfp_atan2)
    i.__hardfp_cos                           0x08003e60   Section        0  cos.o(i.__hardfp_cos)
    i.__hardfp_sin                           0x08003f28   Section        0  sin.o(i.__hardfp_sin)
    i.__hardfp_sqrt                          0x08003ff0   Section        0  sqrt.o(i.__hardfp_sqrt)
    i.__ieee754_rem_pio2                     0x08004070   Section        0  rred.o(i.__ieee754_rem_pio2)
    i.__kernel_cos                           0x080044a8   Section        0  cos_i.o(i.__kernel_cos)
    i.__kernel_poly                          0x08004618   Section        0  poly.o(i.__kernel_poly)
    i.__kernel_sin                           0x08004710   Section        0  sin_i.o(i.__kernel_sin)
    i.__mathlib_dbl_infnan                   0x08004840   Section        0  dunder.o(i.__mathlib_dbl_infnan)
    i.__mathlib_dbl_infnan2                  0x08004854   Section        0  dunder.o(i.__mathlib_dbl_infnan2)
    i.__mathlib_dbl_invalid                  0x08004868   Section        0  dunder.o(i.__mathlib_dbl_invalid)
    i.__mathlib_dbl_underflow                0x08004888   Section        0  dunder.o(i.__mathlib_dbl_underflow)
    i.__scatterload_copy                     0x080048a8   Section       14  handlers.o(i.__scatterload_copy)
    i.__scatterload_null                     0x080048b6   Section        2  handlers.o(i.__scatterload_null)
    i.__scatterload_zeroinit                 0x080048b8   Section       14  handlers.o(i.__scatterload_zeroinit)
    i.__set_errno                            0x080048c8   Section        0  errno.o(i.__set_errno)
    i._fp_digits                             0x080048d4   Section        0  printfa.o(i._fp_digits)
    _fp_digits                               0x080048d5   Thumb Code   366  printfa.o(i._fp_digits)
    i._printf_core                           0x08004a58   Section        0  printfa.o(i._printf_core)
    _printf_core                             0x08004a59   Thumb Code  1744  printfa.o(i._printf_core)
    i._printf_post_padding                   0x08005134   Section        0  printfa.o(i._printf_post_padding)
    _printf_post_padding                     0x08005135   Thumb Code    36  printfa.o(i._printf_post_padding)
    i._printf_pre_padding                    0x08005158   Section        0  printfa.o(i._printf_pre_padding)
    _printf_pre_padding                      0x08005159   Thumb Code    46  printfa.o(i._printf_pre_padding)
    i._sputc                                 0x08005186   Section        0  printfa.o(i._sputc)
    _sputc                                   0x08005187   Thumb Code    10  printfa.o(i._sputc)
    i.atan                                   0x08005190   Section        0  atan.o(i.atan)
    i.fabs                                   0x080051a0   Section        0  fabs.o(i.fabs)
    i.main                                   0x080051b8   Section        0  main.o(i.main)
    i.next_statement                         0x08005334   Section        0  communication_function.o(i.next_statement)
    i.read_double                            0x0800537a   Section        0  communication_function.o(i.read_double)
    i.strtod_M                               0x080053a4   Section        0  communication_function.o(i.strtod_M)
    .constdata                               0x08005448   Section        8  stm32f4xx_hal_dma.o(.constdata)
    flagBitshiftOffset                       0x08005448   Data           8  stm32f4xx_hal_dma.o(.constdata)
    .constdata                               0x08005450   Section       16  system_stm32f4xx.o(.constdata)
    .constdata                               0x08005460   Section        8  system_stm32f4xx.o(.constdata)
    .constdata                               0x08005468   Section      152  atan.o(.constdata)
    atanhi                                   0x08005468   Data          32  atan.o(.constdata)
    atanlo                                   0x08005488   Data          32  atan.o(.constdata)
    aTodd                                    0x080054a8   Data          40  atan.o(.constdata)
    aTeven                                   0x080054d0   Data          48  atan.o(.constdata)
    .constdata                               0x08005500   Section       48  cos_i.o(.constdata)
    C                                        0x08005500   Data          48  cos_i.o(.constdata)
    .constdata                               0x08005530   Section        8  qnan.o(.constdata)
    .constdata                               0x08005538   Section      200  rred.o(.constdata)
    pio2s                                    0x08005538   Data          48  rred.o(.constdata)
    twooverpi                                0x08005568   Data         152  rred.o(.constdata)
    .constdata                               0x08005600   Section       40  sin_i.o(.constdata)
    S                                        0x08005600   Data          40  sin_i.o(.constdata)
    .data                                    0x20000000   Section        1  main.o(.data)
    .data                                    0x20000001   Section        2  main.o(.data)
    .data                                    0x20000003   Section        1  main.o(.data)
    .data                                    0x20000004   Section        1  main.o(.data)
    .data                                    0x20000005   Section        1  main.o(.data)
    .data                                    0x20000006   Section        1  main.o(.data)
    .data                                    0x20000007   Section        1  main.o(.data)
    .data                                    0x20000008   Section        2  main.o(.data)
    .data                                    0x2000000a   Section        2  main.o(.data)
    .data                                    0x2000000c   Section        2  main.o(.data)
    .data                                    0x2000000e   Section        2  main.o(.data)
    .data                                    0x20000010   Section        4  main.o(.data)
    .data                                    0x20000014   Section        4  main.o(.data)
    .data                                    0x20000018   Section        4  main.o(.data)
    .data                                    0x2000001c   Section        4  main.o(.data)
    .data                                    0x20000020   Section        4  main.o(.data)
    .data                                    0x20000024   Section        4  main.o(.data)
    .data                                    0x20000028   Section        4  main.o(.data)
    .data                                    0x2000002c   Section        4  main.o(.data)
    .data                                    0x20000030   Section        4  main.o(.data)
    .data                                    0x20000034   Section        4  main.o(.data)
    .data                                    0x20000038   Section        4  main.o(.data)
    .data                                    0x2000003c   Section        4  main.o(.data)
    .data                                    0x20000040   Section        1  main.o(.data)
    .data                                    0x20000041   Section        1  main.o(.data)
    .data                                    0x20000042   Section        1  main.o(.data)
    .data                                    0x20000043   Section        1  main.o(.data)
    .data                                    0x20000044   Section        2  main.o(.data)
    .data                                    0x20000046   Section        2  main.o(.data)
    .data                                    0x20000048   Section        2  main.o(.data)
    .data                                    0x2000004a   Section        2  main.o(.data)
    .data                                    0x2000004c   Section        2  main.o(.data)
    .data                                    0x2000004e   Section        2  main.o(.data)
    .data                                    0x20000050   Section        2  main.o(.data)
    .data                                    0x20000052   Section        2  main.o(.data)
    .data                                    0x20000054   Section        2  main.o(.data)
    .data                                    0x20000056   Section        2  main.o(.data)
    .data                                    0x20000058   Section        2  main.o(.data)
    .data                                    0x2000005a   Section        2  main.o(.data)
    .data                                    0x2000005c   Section        2  main.o(.data)
    .data                                    0x2000005e   Section        2  main.o(.data)
    .data                                    0x20000060   Section        2  main.o(.data)
    .data                                    0x20000062   Section        2  main.o(.data)
    .data                                    0x20000064   Section        2  main.o(.data)
    .data                                    0x20000066   Section        2  main.o(.data)
    .data                                    0x20000068   Section        2  main.o(.data)
    .data                                    0x2000006a   Section        2  main.o(.data)
    .data                                    0x2000006c   Section        2  main.o(.data)
    .data                                    0x2000006e   Section        2  main.o(.data)
    .data                                    0x20000070   Section        2  main.o(.data)
    .data                                    0x20000072   Section        2  main.o(.data)
    .data                                    0x20000074   Section        2  main.o(.data)
    .data                                    0x20000076   Section        2  main.o(.data)
    .data                                    0x20000078   Section        2  main.o(.data)
    .data                                    0x2000007a   Section        2  main.o(.data)
    .data                                    0x2000007c   Section        2  main.o(.data)
    .data                                    0x2000007e   Section        2  main.o(.data)
    .data                                    0x20000080   Section        2  main.o(.data)
    .data                                    0x20000082   Section        2  main.o(.data)
    .data                                    0x20000084   Section        2  main.o(.data)
    .data                                    0x20000086   Section       12  stm32f4xx_it.o(.data)
    Previous_Error_Distance                  0x20000086   Data           2  stm32f4xx_it.o(.data)
    Previous_Error_Angle_Rad                 0x20000088   Data           2  stm32f4xx_it.o(.data)
    Previous_Speed_Distance                  0x2000008a   Data           2  stm32f4xx_it.o(.data)
    Previous_Speed_Angle                     0x2000008c   Data           2  stm32f4xx_it.o(.data)
    Previous_Target_Distance_Speed           0x2000008e   Data           2  stm32f4xx_it.o(.data)
    Previous_Target_Angle_Speed              0x20000090   Data           2  stm32f4xx_it.o(.data)
    .data                                    0x20000094   Section       12  stm32f4xx_hal.o(.data)
    .data                                    0x200000a0   Section        4  system_stm32f4xx.o(.data)
    .data                                    0x200000a4   Section        4  errno.o(.data)
    _errno                                   0x200000a4   Data           4  errno.o(.data)
    .bss                                     0x200000a8   Section       64  main.o(.bss)
    .bss                                     0x200000e8   Section     1764  main.o(.bss)
    .bss                                     0x200007cc   Section      512  main.o(.bss)
    .bss                                     0x200009cc   Section      512  main.o(.bss)
    .bss                                     0x20000bcc   Section       96  main.o(.bss)
    .bss                                     0x20000c2c   Section       96  main.o(.bss)
    .bss                                     0x20000c8c   Section       96  main.o(.bss)
    STACK                                    0x20000cf0   Section     1024  startup_stm32f401xe.o(STACK)

    Global Symbols

    Symbol Name                              Value     Ov Type        Size  Object(Section)

    BuildAttributes$$THM_ISAv4$E$P$D$K$B$S$7EM$VFPi3$EXTD16$VFPS$VFMA$PE$A:L22UL41UL21$X:L11$S22US41US21$IEEE1$IW$USESV6$~STKCKD$USESV7$~SHL$OTIME$ROPI$IEEEX$EBA8$MICROLIB$REQ8$PRES8$EABIv2 0x00000000   Number         0  anon$$obj.o ABSOLUTE
    __ARM_use_no_argv                        0x00000000   Number         0  main.o ABSOLUTE
    _printf_a                                0x00000000   Number         0  stubs.o ABSOLUTE
    _printf_c                                0x00000000   Number         0  stubs.o ABSOLUTE
    _printf_charcount                        0x00000000   Number         0  stubs.o ABSOLUTE
    _printf_d                                0x00000000   Number         0  stubs.o ABSOLUTE
    _printf_e                                0x00000000   Number         0  stubs.o ABSOLUTE
    _printf_f                                0x00000000   Number         0  stubs.o ABSOLUTE
    _printf_flags                            0x00000000   Number         0  stubs.o ABSOLUTE
    _printf_fp_dec                           0x00000000   Number         0  stubs.o ABSOLUTE
    _printf_fp_hex                           0x00000000   Number         0  stubs.o ABSOLUTE
    _printf_g                                0x00000000   Number         0  stubs.o ABSOLUTE
    _printf_i                                0x00000000   Number         0  stubs.o ABSOLUTE
    _printf_int_dec                          0x00000000   Number         0  stubs.o ABSOLUTE
    _printf_l                                0x00000000   Number         0  stubs.o ABSOLUTE
    _printf_lc                               0x00000000   Number         0  stubs.o ABSOLUTE
    _printf_ll                               0x00000000   Number         0  stubs.o ABSOLUTE
    _printf_lld                              0x00000000   Number         0  stubs.o ABSOLUTE
    _printf_lli                              0x00000000   Number         0  stubs.o ABSOLUTE
    _printf_llo                              0x00000000   Number         0  stubs.o ABSOLUTE
    _printf_llu                              0x00000000   Number         0  stubs.o ABSOLUTE
    _printf_llx                              0x00000000   Number         0  stubs.o ABSOLUTE
    _printf_longlong_dec                     0x00000000   Number         0  stubs.o ABSOLUTE
    _printf_longlong_hex                     0x00000000   Number         0  stubs.o ABSOLUTE
    _printf_longlong_oct                     0x00000000   Number         0  stubs.o ABSOLUTE
    _printf_ls                               0x00000000   Number         0  stubs.o ABSOLUTE
    _printf_mbtowc                           0x00000000   Number         0  stubs.o ABSOLUTE
    _printf_n                                0x00000000   Number         0  stubs.o ABSOLUTE
    _printf_o                                0x00000000   Number         0  stubs.o ABSOLUTE
    _printf_p                                0x00000000   Number         0  stubs.o ABSOLUTE
    _printf_percent                          0x00000000   Number         0  stubs.o ABSOLUTE
    _printf_pre_padding                      0x00000000   Number         0  stubs.o ABSOLUTE
    _printf_return_value                     0x00000000   Number         0  stubs.o ABSOLUTE
    _printf_s                                0x00000000   Number         0  stubs.o ABSOLUTE
    _printf_sizespec                         0x00000000   Number         0  stubs.o ABSOLUTE
    _printf_str                              0x00000000   Number         0  stubs.o ABSOLUTE
    _printf_truncate_signed                  0x00000000   Number         0  stubs.o ABSOLUTE
    _printf_truncate_unsigned                0x00000000   Number         0  stubs.o ABSOLUTE
    _printf_u                                0x00000000   Number         0  stubs.o ABSOLUTE
    _printf_wc                               0x00000000   Number         0  stubs.o ABSOLUTE
    _printf_wctomb                           0x00000000   Number         0  stubs.o ABSOLUTE
    _printf_widthprec                        0x00000000   Number         0  stubs.o ABSOLUTE
    _printf_x                                0x00000000   Number         0  stubs.o ABSOLUTE
    __cpp_initialize__aeabi_                  - Undefined Weak Reference
    __cxa_finalize                            - Undefined Weak Reference
    __decompress                              - Undefined Weak Reference
    _clock_init                               - Undefined Weak Reference
    _microlib_exit                            - Undefined Weak Reference
    __Vectors_Size                           0x00000194   Number         0  startup_stm32f401xe.o ABSOLUTE
    __Vectors                                0x08000000   Data           4  startup_stm32f401xe.o(RESET)
    __Vectors_End                            0x08000194   Data           0  startup_stm32f401xe.o(RESET)
    __main                                   0x08000195   Thumb Code     0  entry.o(.ARM.Collect$$$$00000000)
    _main_stk                                0x08000195   Thumb Code     0  entry2.o(.ARM.Collect$$$$00000001)
    _main_scatterload                        0x08000199   Thumb Code     0  entry5.o(.ARM.Collect$$$$00000004)
    __main_after_scatterload                 0x0800019d   Thumb Code     0  entry5.o(.ARM.Collect$$$$00000004)
    _main_clock                              0x0800019d   Thumb Code     0  entry7b.o(.ARM.Collect$$$$00000008)
    _main_cpp_init                           0x0800019d   Thumb Code     0  entry8b.o(.ARM.Collect$$$$0000000A)
    _main_init                               0x0800019d   Thumb Code     0  entry9a.o(.ARM.Collect$$$$0000000B)
    __rt_final_cpp                           0x080001a5   Thumb Code     0  entry10a.o(.ARM.Collect$$$$0000000D)
    __rt_final_exit                          0x080001a5   Thumb Code     0  entry11a.o(.ARM.Collect$$$$0000000F)
    Reset_Handler                            0x080001a9   Thumb Code     8  startup_stm32f401xe.o(.text)
    ADC_IRQHandler                           0x080001c3   Thumb Code     0  startup_stm32f401xe.o(.text)
    DMA1_Stream0_IRQHandler                  0x080001c3   Thumb Code     0  startup_stm32f401xe.o(.text)
    DMA1_Stream1_IRQHandler                  0x080001c3   Thumb Code     0  startup_stm32f401xe.o(.text)
    DMA1_Stream2_IRQHandler                  0x080001c3   Thumb Code     0  startup_stm32f401xe.o(.text)
    DMA1_Stream3_IRQHandler                  0x080001c3   Thumb Code     0  startup_stm32f401xe.o(.text)
    DMA1_Stream4_IRQHandler                  0x080001c3   Thumb Code     0  startup_stm32f401xe.o(.text)
    DMA1_Stream7_IRQHandler                  0x080001c3   Thumb Code     0  startup_stm32f401xe.o(.text)
    DMA2_Stream0_IRQHandler                  0x080001c3   Thumb Code     0  startup_stm32f401xe.o(.text)
    DMA2_Stream2_IRQHandler                  0x080001c3   Thumb Code     0  startup_stm32f401xe.o(.text)
    DMA2_Stream3_IRQHandler                  0x080001c3   Thumb Code     0  startup_stm32f401xe.o(.text)
    DMA2_Stream4_IRQHandler                  0x080001c3   Thumb Code     0  startup_stm32f401xe.o(.text)
    DMA2_Stream7_IRQHandler                  0x080001c3   Thumb Code     0  startup_stm32f401xe.o(.text)
    EXTI0_IRQHandler                         0x080001c3   Thumb Code     0  startup_stm32f401xe.o(.text)
    EXTI15_10_IRQHandler                     0x080001c3   Thumb Code     0  startup_stm32f401xe.o(.text)
    EXTI1_IRQHandler                         0x080001c3   Thumb Code     0  startup_stm32f401xe.o(.text)
    EXTI2_IRQHandler                         0x080001c3   Thumb Code     0  startup_stm32f401xe.o(.text)
    EXTI3_IRQHandler                         0x080001c3   Thumb Code     0  startup_stm32f401xe.o(.text)
    EXTI4_IRQHandler                         0x080001c3   Thumb Code     0  startup_stm32f401xe.o(.text)
    EXTI9_5_IRQHandler                       0x080001c3   Thumb Code     0  startup_stm32f401xe.o(.text)
    FLASH_IRQHandler                         0x080001c3   Thumb Code     0  startup_stm32f401xe.o(.text)
    FPU_IRQHandler                           0x080001c3   Thumb Code     0  startup_stm32f401xe.o(.text)
    I2C1_ER_IRQHandler                       0x080001c3   Thumb Code     0  startup_stm32f401xe.o(.text)
    I2C1_EV_IRQHandler                       0x080001c3   Thumb Code     0  startup_stm32f401xe.o(.text)
    I2C2_ER_IRQHandler                       0x080001c3   Thumb Code     0  startup_stm32f401xe.o(.text)
    I2C2_EV_IRQHandler                       0x080001c3   Thumb Code     0  startup_stm32f401xe.o(.text)
    I2C3_ER_IRQHandler                       0x080001c3   Thumb Code     0  startup_stm32f401xe.o(.text)
    I2C3_EV_IRQHandler                       0x080001c3   Thumb Code     0  startup_stm32f401xe.o(.text)
    OTG_FS_IRQHandler                        0x080001c3   Thumb Code     0  startup_stm32f401xe.o(.text)
    OTG_FS_WKUP_IRQHandler                   0x080001c3   Thumb Code     0  startup_stm32f401xe.o(.text)
    PVD_IRQHandler                           0x080001c3   Thumb Code     0  startup_stm32f401xe.o(.text)
    RCC_IRQHandler                           0x080001c3   Thumb Code     0  startup_stm32f401xe.o(.text)
    RTC_Alarm_IRQHandler                     0x080001c3   Thumb Code     0  startup_stm32f401xe.o(.text)
    RTC_WKUP_IRQHandler                      0x080001c3   Thumb Code     0  startup_stm32f401xe.o(.text)
    SDIO_IRQHandler                          0x080001c3   Thumb Code     0  startup_stm32f401xe.o(.text)
    SPI1_IRQHandler                          0x080001c3   Thumb Code     0  startup_stm32f401xe.o(.text)
    SPI2_IRQHandler                          0x080001c3   Thumb Code     0  startup_stm32f401xe.o(.text)
    SPI3_IRQHandler                          0x080001c3   Thumb Code     0  startup_stm32f401xe.o(.text)
    SPI4_IRQHandler                          0x080001c3   Thumb Code     0  startup_stm32f401xe.o(.text)
    TAMP_STAMP_IRQHandler                    0x080001c3   Thumb Code     0  startup_stm32f401xe.o(.text)
    TIM1_BRK_TIM9_IRQHandler                 0x080001c3   Thumb Code     0  startup_stm32f401xe.o(.text)
    TIM1_CC_IRQHandler                       0x080001c3   Thumb Code     0  startup_stm32f401xe.o(.text)
    TIM1_TRG_COM_TIM11_IRQHandler            0x080001c3   Thumb Code     0  startup_stm32f401xe.o(.text)
    TIM2_IRQHandler                          0x080001c3   Thumb Code     0  startup_stm32f401xe.o(.text)
    TIM3_IRQHandler                          0x080001c3   Thumb Code     0  startup_stm32f401xe.o(.text)
    TIM4_IRQHandler                          0x080001c3   Thumb Code     0  startup_stm32f401xe.o(.text)
    TIM5_IRQHandler                          0x080001c3   Thumb Code     0  startup_stm32f401xe.o(.text)
    USART1_IRQHandler                        0x080001c3   Thumb Code     0  startup_stm32f401xe.o(.text)
    WWDG_IRQHandler                          0x080001c3   Thumb Code     0  startup_stm32f401xe.o(.text)
    __aeabi_uldivmod                         0x080001cd   Thumb Code    98  uldiv.o(.text)
    __aeabi_memset                           0x0800022f   Thumb Code    14  memseta.o(.text)
    __aeabi_memset4                          0x0800022f   Thumb Code     0  memseta.o(.text)
    __aeabi_memset8                          0x0800022f   Thumb Code     0  memseta.o(.text)
    __aeabi_memclr                           0x0800023d   Thumb Code     4  memseta.o(.text)
    __aeabi_memclr4                          0x0800023d   Thumb Code     0  memseta.o(.text)
    __aeabi_memclr8                          0x0800023d   Thumb Code     0  memseta.o(.text)
    _memset$wrapper                          0x08000241   Thumb Code    18  memseta.o(.text)
    strlen                                   0x08000253   Thumb Code    14  strlen.o(.text)
    strcpy                                   0x08000261   Thumb Code    18  strcpy.o(.text)
    __aeabi_dadd                             0x08000273   Thumb Code   322  dadd.o(.text)
    __aeabi_dsub                             0x080003b5   Thumb Code     6  dadd.o(.text)
    __aeabi_drsub                            0x080003bb   Thumb Code     6  dadd.o(.text)
    __aeabi_dmul                             0x080003c1   Thumb Code   228  dmul.o(.text)
    __aeabi_i2d                              0x080004a5   Thumb Code    34  dflti.o(.text)
    __aeabi_d2iz                             0x080004c7   Thumb Code    62  dfixi.o(.text)
    __aeabi_f2d                              0x08000505   Thumb Code    38  f2d.o(.text)
    __aeabi_cdcmpeq                          0x0800052d   Thumb Code     0  cdcmple.o(.text)
    __aeabi_cdcmple                          0x0800052d   Thumb Code    48  cdcmple.o(.text)
    __aeabi_cdrcmple                         0x0800055d   Thumb Code    48  cdrcmple.o(.text)
    __aeabi_d2f                              0x0800058d   Thumb Code    56  d2f.o(.text)
    __aeabi_uidiv                            0x080005c5   Thumb Code     0  uidiv.o(.text)
    __aeabi_uidivmod                         0x080005c5   Thumb Code    44  uidiv.o(.text)
    __aeabi_llsl                             0x080005f1   Thumb Code    30  llshl.o(.text)
    _ll_shift_l                              0x080005f1   Thumb Code     0  llshl.o(.text)
    __aeabi_llsr                             0x0800060f   Thumb Code    32  llushr.o(.text)
    _ll_ushift_r                             0x0800060f   Thumb Code     0  llushr.o(.text)
    __aeabi_lasr                             0x0800062f   Thumb Code    36  llsshr.o(.text)
    _ll_sshift_r                             0x0800062f   Thumb Code     0  llsshr.o(.text)
    __I$use$fp                               0x08000653   Thumb Code     0  iusefp.o(.text)
    _float_round                             0x08000653   Thumb Code    18  fepilogue.o(.text)
    _float_epilogue                          0x08000665   Thumb Code    92  fepilogue.o(.text)
    _double_round                            0x080006c1   Thumb Code    30  depilogue.o(.text)
    _double_epilogue                         0x080006df   Thumb Code   156  depilogue.o(.text)
    __aeabi_ddiv                             0x0800077b   Thumb Code   222  ddiv.o(.text)
    _dsqrt                                   0x08000859   Thumb Code   162  dsqrt.o(.text)
    __aeabi_d2ulz                            0x080008fb   Thumb Code    48  dfixul.o(.text)
    __scatterload                            0x0800092d   Thumb Code    28  init.o(.text)
    __scatterload_rt2                        0x0800092d   Thumb Code     0  init.o(.text)
    __aeabi_ui2d                             0x08000951   Thumb Code    26  dfltui.o(.text)
    Analyse_RX_Buffer                        0x0800096d   Thumb Code    64  communication_function.o(i.Analyse_RX_Buffer)
    BusFault_Handler                         0x080009c9   Thumb Code     2  stm32f4xx_it.o(i.BusFault_Handler)
    COMMAND_G92                              0x080009cd   Thumb Code   186  communication_function.o(i.COMMAND_G92)
    DMA1_Stream5_IRQHandler                  0x08000ac5   Thumb Code     6  stm32f4xx_it.o(i.DMA1_Stream5_IRQHandler)
    DMA1_Stream6_IRQHandler                  0x08000ad1   Thumb Code     6  stm32f4xx_it.o(i.DMA1_Stream6_IRQHandler)
    DMA2_Stream1_IRQHandler                  0x08000add   Thumb Code     6  stm32f4xx_it.o(i.DMA2_Stream1_IRQHandler)
    DMA2_Stream5_IRQHandler                  0x08000ae9   Thumb Code     6  stm32f4xx_it.o(i.DMA2_Stream5_IRQHandler)
    DMA2_Stream6_IRQHandler                  0x08000af5   Thumb Code     6  stm32f4xx_it.o(i.DMA2_Stream6_IRQHandler)
    DebugMon_Handler                         0x08000ba5   Thumb Code     2  stm32f4xx_it.o(i.DebugMon_Handler)
    Error_Handler                            0x08000ba7   Thumb Code     2  main.o(i.Error_Handler)
    HAL_DMA_Abort                            0x08000ba9   Thumb Code   142  stm32f4xx_hal_dma.o(i.HAL_DMA_Abort)
    HAL_DMA_Abort_IT                         0x08000c37   Thumb Code    36  stm32f4xx_hal_dma.o(i.HAL_DMA_Abort_IT)
    HAL_DMA_IRQHandler                       0x08000c5d   Thumb Code   412  stm32f4xx_hal_dma.o(i.HAL_DMA_IRQHandler)
    HAL_DMA_Init                             0x08000dfd   Thumb Code   206  stm32f4xx_hal_dma.o(i.HAL_DMA_Init)
    HAL_DMA_Start_IT                         0x08000ed1   Thumb Code   120  stm32f4xx_hal_dma.o(i.HAL_DMA_Start_IT)
    HAL_Delay                                0x08000f49   Thumb Code    32  stm32f4xx_hal.o(i.HAL_Delay)
    HAL_GPIO_Init                            0x08000f6d   Thumb Code   358  stm32f4xx_hal_gpio.o(i.HAL_GPIO_Init)
    HAL_GPIO_WritePin                        0x080010f5   Thumb Code    10  stm32f4xx_hal_gpio.o(i.HAL_GPIO_WritePin)
    HAL_GetTick                              0x08001101   Thumb Code     6  stm32f4xx_hal.o(i.HAL_GetTick)
    HAL_IncTick                              0x0800110d   Thumb Code    12  stm32f4xx_hal.o(i.HAL_IncTick)
    HAL_Init                                 0x0800111d   Thumb Code    48  stm32f4xx_hal.o(i.HAL_Init)
    HAL_InitTick                             0x08001151   Thumb Code    54  stm32f4xx_hal.o(i.HAL_InitTick)
    HAL_MspInit                              0x08001191   Thumb Code    48  stm32f4xx_hal_msp.o(i.HAL_MspInit)
    HAL_NVIC_EnableIRQ                       0x080011c5   Thumb Code    22  stm32f4xx_hal_cortex.o(i.HAL_NVIC_EnableIRQ)
    HAL_NVIC_SetPriority                     0x080011dd   Thumb Code    60  stm32f4xx_hal_cortex.o(i.HAL_NVIC_SetPriority)
    HAL_NVIC_SetPriorityGrouping             0x0800121d   Thumb Code    26  stm32f4xx_hal_cortex.o(i.HAL_NVIC_SetPriorityGrouping)
    HAL_RCC_ClockConfig                      0x08001241   Thumb Code   286  stm32f4xx_hal_rcc.o(i.HAL_RCC_ClockConfig)
    HAL_RCC_GetPCLK1Freq                     0x08001371   Thumb Code    20  stm32f4xx_hal_rcc.o(i.HAL_RCC_GetPCLK1Freq)
    HAL_RCC_GetPCLK2Freq                     0x08001391   Thumb Code    20  stm32f4xx_hal_rcc.o(i.HAL_RCC_GetPCLK2Freq)
    HAL_RCC_GetSysClockFreq                  0x080013b1   Thumb Code    88  stm32f4xx_hal_rcc.o(i.HAL_RCC_GetSysClockFreq)
    HAL_RCC_OscConfig                        0x08001411   Thumb Code   770  stm32f4xx_hal_rcc.o(i.HAL_RCC_OscConfig)
    HAL_SYSTICK_Config                       0x0800172d   Thumb Code    40  stm32f4xx_hal_cortex.o(i.HAL_SYSTICK_Config)
    HAL_TIMEx_BreakCallback                  0x08001755   Thumb Code     2  stm32f4xx_hal_tim_ex.o(i.HAL_TIMEx_BreakCallback)
    HAL_TIMEx_CommutationCallback            0x08001757   Thumb Code     2  stm32f4xx_hal_tim_ex.o(i.HAL_TIMEx_CommutationCallback)
    HAL_TIMEx_MasterConfigSynchronization    0x08001759   Thumb Code    80  stm32f4xx_hal_tim_ex.o(i.HAL_TIMEx_MasterConfigSynchronization)
    HAL_TIM_Base_Init                        0x080017a9   Thumb Code    54  stm32f4xx_hal_tim.o(i.HAL_TIM_Base_Init)
    HAL_TIM_Base_MspInit                     0x080017e1   Thumb Code   238  stm32f4xx_hal_msp.o(i.HAL_TIM_Base_MspInit)
    HAL_TIM_Base_Start_IT                    0x080018ed   Thumb Code    24  stm32f4xx_hal_tim.o(i.HAL_TIM_Base_Start_IT)
    HAL_TIM_ConfigClockSource                0x08001905   Thumb Code   242  stm32f4xx_hal_tim.o(i.HAL_TIM_ConfigClockSource)
    HAL_TIM_Encoder_Init                     0x080019f7   Thumb Code   150  stm32f4xx_hal_tim.o(i.HAL_TIM_Encoder_Init)
    HAL_TIM_Encoder_MspInit                  0x08001a8d   Thumb Code   224  stm32f4xx_hal_msp.o(i.HAL_TIM_Encoder_MspInit)
    HAL_TIM_Encoder_Start                    0x08001b85   Thumb Code    52  stm32f4xx_hal_tim.o(i.HAL_TIM_Encoder_Start)
    HAL_TIM_IC_CaptureCallback               0x08001bb9   Thumb Code     2  stm32f4xx_hal_tim.o(i.HAL_TIM_IC_CaptureCallback)
    HAL_TIM_IC_ConfigChannel                 0x08001bbd   Thumb Code   286  stm32f4xx_hal_tim.o(i.HAL_TIM_IC_ConfigChannel)
    HAL_TIM_IC_Init                          0x08001cdb   Thumb Code    54  stm32f4xx_hal_tim.o(i.HAL_TIM_IC_Init)
    HAL_TIM_IC_MspInit                       0x08001d11   Thumb Code     2  stm32f4xx_hal_tim.o(i.HAL_TIM_IC_MspInit)
    HAL_TIM_IRQHandler                       0x08001d13   Thumb Code   358  stm32f4xx_hal_tim.o(i.HAL_TIM_IRQHandler)
    HAL_TIM_MspPostInit                      0x08001e79   Thumb Code   108  stm32f4xx_hal_msp.o(i.HAL_TIM_MspPostInit)
    HAL_TIM_OC_DelayElapsedCallback          0x08001ef1   Thumb Code     2  stm32f4xx_hal_tim.o(i.HAL_TIM_OC_DelayElapsedCallback)
    HAL_TIM_PWM_ConfigChannel                0x08001ef3   Thumb Code   208  stm32f4xx_hal_tim.o(i.HAL_TIM_PWM_ConfigChannel)
    HAL_TIM_PWM_Init                         0x08001fc3   Thumb Code    54  stm32f4xx_hal_tim.o(i.HAL_TIM_PWM_Init)
    HAL_TIM_PWM_MspInit                      0x08001ff9   Thumb Code    30  stm32f4xx_hal_msp.o(i.HAL_TIM_PWM_MspInit)
    HAL_TIM_PWM_PulseFinishedCallback        0x0800201d   Thumb Code     2  stm32f4xx_hal_tim.o(i.HAL_TIM_PWM_PulseFinishedCallback)
    HAL_TIM_PWM_Start                        0x08002021   Thumb Code    42  stm32f4xx_hal_tim.o(i.HAL_TIM_PWM_Start)
    HAL_TIM_PeriodElapsedCallback            0x08002051   Thumb Code     2  stm32f4xx_hal_tim.o(i.HAL_TIM_PeriodElapsedCallback)
    HAL_TIM_TriggerCallback                  0x08002053   Thumb Code     2  stm32f4xx_hal_tim.o(i.HAL_TIM_TriggerCallback)
    HAL_UART_DMAStop                         0x08002055   Thumb Code    88  stm32f4xx_hal_uart.o(i.HAL_UART_DMAStop)
    HAL_UART_ErrorCallback                   0x080020ad   Thumb Code     2  stm32f4xx_hal_uart.o(i.HAL_UART_ErrorCallback)
    HAL_UART_IRQHandler                      0x080020b1   Thumb Code   266  stm32f4xx_hal_uart.o(i.HAL_UART_IRQHandler)
    HAL_UART_Init                            0x080021c1   Thumb Code    98  stm32f4xx_hal_uart.o(i.HAL_UART_Init)
    HAL_UART_MspInit                         0x08002225   Thumb Code   370  stm32f4xx_hal_msp.o(i.HAL_UART_MspInit)
    HAL_UART_Receive_DMA                     0x080023c5   Thumb Code   138  stm32f4xx_hal_uart.o(i.HAL_UART_Receive_DMA)
    HAL_UART_RxCpltCallback                  0x0800245d   Thumb Code     2  stm32f4xx_hal_uart.o(i.HAL_UART_RxCpltCallback)
    HAL_UART_RxHalfCpltCallback              0x0800245f   Thumb Code     2  stm32f4xx_hal_uart.o(i.HAL_UART_RxHalfCpltCallback)
    HAL_UART_Transmit_DMA                    0x08002461   Thumb Code   114  stm32f4xx_hal_uart.o(i.HAL_UART_Transmit_DMA)
    HAL_UART_TxCpltCallback                  0x080024e1   Thumb Code   152  stm32f4xx_it.o(i.HAL_UART_TxCpltCallback)
    HAL_UART_TxHalfCpltCallback              0x080025a1   Thumb Code     2  stm32f4xx_hal_uart.o(i.HAL_UART_TxHalfCpltCallback)
    HardFault_Handler                        0x080025a3   Thumb Code     2  stm32f4xx_it.o(i.HardFault_Handler)
    MemManage_Handler                        0x08002909   Thumb Code     2  stm32f4xx_it.o(i.MemManage_Handler)
    NMI_Handler                              0x0800290b   Thumb Code     2  stm32f4xx_it.o(i.NMI_Handler)
    PendSV_Handler                           0x0800292d   Thumb Code     2  stm32f4xx_it.o(i.PendSV_Handler)
    SVC_Handler                              0x0800292f   Thumb Code     2  stm32f4xx_it.o(i.SVC_Handler)
    String_Analysis                          0x08002931   Thumb Code   118  communication_function.o(i.String_Analysis)
    SysTick_Handler                          0x080029c1   Thumb Code     4  stm32f4xx_it.o(i.SysTick_Handler)
    SystemClock_Config                       0x080029c5   Thumb Code   126  main.o(i.SystemClock_Config)
    SystemInit                               0x08002a4d   Thumb Code    66  system_stm32f4xx.o(i.SystemInit)
    TIM1_UP_TIM10_IRQHandler                 0x08002aa1   Thumb Code  1434  stm32f4xx_it.o(i.TIM1_UP_TIM10_IRQHandler)
    TIM_Base_SetConfig                       0x08003051   Thumb Code   114  stm32f4xx_hal_tim.o(i.TIM_Base_SetConfig)
    TIM_CCxChannelCmd                        0x080030e1   Thumb Code    22  stm32f4xx_hal_tim.o(i.TIM_CCxChannelCmd)
    TIM_OC2_SetConfig                        0x0800316d   Thumb Code    84  stm32f4xx_hal_tim.o(i.TIM_OC2_SetConfig)
    TIM_TI1_SetConfig                        0x08003285   Thumb Code    92  stm32f4xx_hal_tim.o(i.TIM_TI1_SetConfig)
    Transmit_UART                            0x08003351   Thumb Code   138  communication_function.o(i.Transmit_UART)
    USART2_IRQHandler                        0x080038a1   Thumb Code    62  stm32f4xx_it.o(i.USART2_IRQHandler)
    USART6_IRQHandler                        0x080038ed   Thumb Code    64  stm32f4xx_it.o(i.USART6_IRQHandler)
    UsageFault_Handler                       0x08003939   Thumb Code     2  stm32f4xx_it.o(i.UsageFault_Handler)
    __0sprintf                               0x0800393d   Thumb Code    34  printfa.o(i.__0sprintf)
    __1sprintf                               0x0800393d   Thumb Code     0  printfa.o(i.__0sprintf)
    __2sprintf                               0x0800393d   Thumb Code     0  printfa.o(i.__0sprintf)
    __c89sprintf                             0x0800393d   Thumb Code     0  printfa.o(i.__0sprintf)
    sprintf                                  0x0800393d   Thumb Code     0  printfa.o(i.__0sprintf)
    __ARM_fpclassify                         0x08003965   Thumb Code    48  fpclassify.o(i.__ARM_fpclassify)
    __hardfp_atan                            0x08003999   Thumb Code   622  atan.o(i.__hardfp_atan)
    __hardfp_atan2                           0x08003c71   Thumb Code   432  atan2.o(i.__hardfp_atan2)
    __hardfp_cos                             0x08003e61   Thumb Code   180  cos.o(i.__hardfp_cos)
    __hardfp_sin                             0x08003f29   Thumb Code   180  sin.o(i.__hardfp_sin)
    __hardfp_sqrt                            0x08003ff1   Thumb Code   122  sqrt.o(i.__hardfp_sqrt)
    __ieee754_rem_pio2                       0x08004071   Thumb Code   938  rred.o(i.__ieee754_rem_pio2)
    __kernel_cos                             0x080044a9   Thumb Code   322  cos_i.o(i.__kernel_cos)
    __kernel_poly                            0x08004619   Thumb Code   248  poly.o(i.__kernel_poly)
    __kernel_sin                             0x08004711   Thumb Code   280  sin_i.o(i.__kernel_sin)
    __mathlib_dbl_infnan                     0x08004841   Thumb Code    20  dunder.o(i.__mathlib_dbl_infnan)
    __mathlib_dbl_infnan2                    0x08004855   Thumb Code    20  dunder.o(i.__mathlib_dbl_infnan2)
    __mathlib_dbl_invalid                    0x08004869   Thumb Code    24  dunder.o(i.__mathlib_dbl_invalid)
    __mathlib_dbl_underflow                  0x08004889   Thumb Code    24  dunder.o(i.__mathlib_dbl_underflow)
    __scatterload_copy                       0x080048a9   Thumb Code    14  handlers.o(i.__scatterload_copy)
    __scatterload_null                       0x080048b7   Thumb Code     2  handlers.o(i.__scatterload_null)
    __scatterload_zeroinit                   0x080048b9   Thumb Code    14  handlers.o(i.__scatterload_zeroinit)
    __set_errno                              0x080048c9   Thumb Code     6  errno.o(i.__set_errno)
    atan                                     0x08005191   Thumb Code    16  atan.o(i.atan)
    fabs                                     0x080051a1   Thumb Code    24  fabs.o(i.fabs)
    main                                     0x080051b9   Thumb Code   352  main.o(i.main)
    next_statement                           0x08005335   Thumb Code    70  communication_function.o(i.next_statement)
    read_double                              0x0800537b   Thumb Code    42  communication_function.o(i.read_double)
    strtod_M                                 0x080053a5   Thumb Code   158  communication_function.o(i.strtod_M)
    AHBPrescTable                            0x08005450   Data          16  system_stm32f4xx.o(.constdata)
    APBPrescTable                            0x08005460   Data           8  system_stm32f4xx.o(.constdata)
    __mathlib_zero                           0x08005530   Data           8  qnan.o(.constdata)
    Region$$Table$$Base                      0x08005628   Number         0  anon$$obj.o(Region$$Table)
    Region$$Table$$Limit                     0x08005648   Number         0  anon$$obj.o(Region$$Table)
    Indice_Start_RX                          0x20000000   Data           1  main.o(.data)
    Indice_Stop_RX                           0x20000001   Data           1  main.o(.data)
    Indice_Stop_RX_UART2                     0x20000002   Data           1  main.o(.data)
    Indice_Start_TX                          0x20000003   Data           1  main.o(.data)
    Indice_Stop_TX                           0x20000004   Data           1  main.o(.data)
    Indice_Start_RX_UART2                    0x20000005   Data           1  main.o(.data)
    Indice_Start_TX_UART2                    0x20000006   Data           1  main.o(.data)
    Indice_Stop_TX_UART2                     0x20000007   Data           1  main.o(.data)
    Encoder_Right_Past                       0x20000008   Data           2  main.o(.data)
    Encoder_Right                            0x2000000a   Data           2  main.o(.data)
    Encoder_Left_Past                        0x2000000c   Data           2  main.o(.data)
    Encoder_Left                             0x2000000e   Data           2  main.o(.data)
    ANGLE_POS_RAD                            0x20000010   Data           4  main.o(.data)
    X_POS_MM                                 0x20000014   Data           4  main.o(.data)
    Y_POS_MM                                 0x20000018   Data           4  main.o(.data)
    ANGLE_POS_RAD_CACHE                      0x2000001c   Data           4  main.o(.data)
    X_POS_MM_CACHE                           0x20000020   Data           4  main.o(.data)
    Y_POS_MM_CACHE                           0x20000024   Data           4  main.o(.data)
    ANGLE_DES_RAD                            0x20000028   Data           4  main.o(.data)
    X_DES_MM                                 0x2000002c   Data           4  main.o(.data)
    Y_DES_MM                                 0x20000030   Data           4  main.o(.data)
    ANGLE_DES_RAD_CACHE                      0x20000034   Data           4  main.o(.data)
    X_DES_MM_CACHE                           0x20000038   Data           4  main.o(.data)
    Y_DES_MM_CACHE                           0x2000003c   Data           4  main.o(.data)
    UPDATE_POS_PARAMETERS                    0x20000040   Data           1  main.o(.data)
    UPDATE_DEST_PARAMETERS                   0x20000041   Data           1  main.o(.data)
    CONTROL_ENABLED                          0x20000042   Data           1  main.o(.data)
    UPDATE_CONTROL_PARAMETERS                0x20000043   Data           1  main.o(.data)
    TICS_2_MM                                0x20000044   Data           2  main.o(.data)
    TICS_2_MM_CACHE                          0x20000046   Data           2  main.o(.data)
    SPACING_WHEELS                           0x20000048   Data           2  main.o(.data)
    SPACING_WHEELS_CACHE                     0x2000004a   Data           2  main.o(.data)
    FINAL_BOOL_DISTANCE_MM_CACHE             0x2000004c   Data           2  main.o(.data)
    SPEED_MAX_DISTANCE_MM_S                  0x2000004e   Data           2  main.o(.data)
    SPEED_MAX_DISTANCE_MM_S_CACHE            0x20000050   Data           2  main.o(.data)
    ACCELERATION_MAX_DISTANCE_MM_S2          0x20000052   Data           2  main.o(.data)
    ACCELERATION_MAX_DISTANCE_MM_S2_CACHE    0x20000054   Data           2  main.o(.data)
    BRAKING_MAX_DISTANCE_MM_S2               0x20000056   Data           2  main.o(.data)
    BRAKING_MAX_DISTANCE_MM_S2_CACHE         0x20000058   Data           2  main.o(.data)
    SPEED_MAX_ANGLE_MM_S                     0x2000005a   Data           2  main.o(.data)
    SPEED_MAX_ANGLE_MM_S_CACHE               0x2000005c   Data           2  main.o(.data)
    ACCELERATION_MAX_ANGLE_MM_S2             0x2000005e   Data           2  main.o(.data)
    ACCELERATION_MAX_ANGLE_MM_S2_CACHE       0x20000060   Data           2  main.o(.data)
    BRAKING_MAX_ANGLE_MM_S2                  0x20000062   Data           2  main.o(.data)
    BRAKING_MAX_ANGLE_MM_S2_CACHE            0x20000064   Data           2  main.o(.data)
    ANTICIPATION_PERCENTAGE                  0x20000066   Data           2  main.o(.data)
    ANTICIPATION_PERCENTAGE_CACHE            0x20000068   Data           2  main.o(.data)
    LOOP_CONTROL_TIMING                      0x2000006a   Data           2  main.o(.data)
    P_DISTANCE                               0x2000006c   Data           2  main.o(.data)
    P_DISTANCE_CACHE                         0x2000006e   Data           2  main.o(.data)
    I_DISTANCE                               0x20000070   Data           2  main.o(.data)
    I_DISTANCE_CACHE                         0x20000072   Data           2  main.o(.data)
    D_DISTANCE                               0x20000074   Data           2  main.o(.data)
    D_DISTANCE_CACHE                         0x20000076   Data           2  main.o(.data)
    P_ANGLE                                  0x20000078   Data           2  main.o(.data)
    P_ANGLE_CACHE                            0x2000007a   Data           2  main.o(.data)
    I_ANGLE                                  0x2000007c   Data           2  main.o(.data)
    I_ANGLE_CACHE                            0x2000007e   Data           2  main.o(.data)
    D_ANGLE                                  0x20000080   Data           2  main.o(.data)
    D_ANGLE_CACHE                            0x20000082   Data           2  main.o(.data)
    FINAL_BOOL_DISTANCE_MM                   0x20000084   Data           2  main.o(.data)
    uwTickFreq                               0x20000094   Data           1  stm32f4xx_hal.o(.data)
    uwTickPrio                               0x20000098   Data           4  stm32f4xx_hal.o(.data)
    uwTick                                   0x2000009c   Data           4  stm32f4xx_hal.o(.data)
    SystemCoreClock                          0x200000a0   Data           4  system_stm32f4xx.o(.data)
    UART_RX_Analyse                          0x200000a8   Data          64  main.o(.bss)
    BUFFER_RX                                0x200000e8   Data         512  main.o(.bss)
    BUFFER_RX_UART2                          0x200002e8   Data         512  main.o(.bss)
    htim1                                    0x200004e8   Data          60  main.o(.bss)
    htim2                                    0x20000524   Data          60  main.o(.bss)
    htim3                                    0x20000560   Data          60  main.o(.bss)
    htim4                                    0x2000059c   Data          60  main.o(.bss)
    htim5                                    0x200005d8   Data          60  main.o(.bss)
    htim9                                    0x20000614   Data          60  main.o(.bss)
    htim10                                   0x20000650   Data          60  main.o(.bss)
    huart2                                   0x2000068c   Data          64  main.o(.bss)
    huart6                                   0x200006cc   Data          64  main.o(.bss)
    hdma_usart2_rx                           0x2000070c   Data          96  main.o(.bss)
    hdma_usart6_rx                           0x2000076c   Data          96  main.o(.bss)
    BUFFER_TX                                0x200007cc   Data         512  main.o(.bss)
    BUFFER_TX_UART2                          0x200009cc   Data         512  main.o(.bss)
    hdma_tim1_up                             0x20000bcc   Data          96  main.o(.bss)
    hdma_usart2_tx                           0x20000c2c   Data          96  main.o(.bss)
    hdma_usart6_tx                           0x20000c8c   Data          96  main.o(.bss)
    __initial_sp                             0x200010f0   Data           0  startup_stm32f401xe.o(STACK)



==============================================================================

Memory Map of the image

  Image Entry point : 0x08000195

  Load Region LR_IROM1 (Base: 0x08000000, Size: 0x000056f0, Max: 0x00080000, ABSOLUTE)

    Execution Region ER_IROM1 (Exec base: 0x08000000, Load base: 0x08000000, Size: 0x00005648, Max: 0x00080000, ABSOLUTE)

    Exec Addr    Load Addr    Size         Type   Attr      Idx    E Section Name        Object

    0x08000000   0x08000000   0x00000194   Data   RO            3    RESET               startup_stm32f401xe.o
    0x08000194   0x08000194   0x00000000   Code   RO         2930  * .ARM.Collect$$$$00000000  mc_w.l(entry.o)
    0x08000194   0x08000194   0x00000004   Code   RO         3267    .ARM.Collect$$$$00000001  mc_w.l(entry2.o)
    0x08000198   0x08000198   0x00000004   Code   RO         3270    .ARM.Collect$$$$00000004  mc_w.l(entry5.o)
    0x0800019c   0x0800019c   0x00000000   Code   RO         3272    .ARM.Collect$$$$00000008  mc_w.l(entry7b.o)
    0x0800019c   0x0800019c   0x00000000   Code   RO         3274    .ARM.Collect$$$$0000000A  mc_w.l(entry8b.o)
    0x0800019c   0x0800019c   0x00000008   Code   RO         3275    .ARM.Collect$$$$0000000B  mc_w.l(entry9a.o)
    0x080001a4   0x080001a4   0x00000000   Code   RO         3277    .ARM.Collect$$$$0000000D  mc_w.l(entry10a.o)
    0x080001a4   0x080001a4   0x00000000   Code   RO         3279    .ARM.Collect$$$$0000000F  mc_w.l(entry11a.o)
    0x080001a4   0x080001a4   0x00000004   Code   RO         3268    .ARM.Collect$$$$00002712  mc_w.l(entry2.o)
    0x080001a8   0x080001a8   0x00000024   Code   RO            4    .text               startup_stm32f401xe.o
    0x080001cc   0x080001cc   0x00000062   Code   RO         2933    .text               mc_w.l(uldiv.o)
    0x0800022e   0x0800022e   0x00000024   Code   RO         2935    .text               mc_w.l(memseta.o)
    0x08000252   0x08000252   0x0000000e   Code   RO         2937    .text               mc_w.l(strlen.o)
    0x08000260   0x08000260   0x00000012   Code   RO         2939    .text               mc_w.l(strcpy.o)
    0x08000272   0x08000272   0x0000014e   Code   RO         3202    .text               mf_w.l(dadd.o)
    0x080003c0   0x080003c0   0x000000e4   Code   RO         3204    .text               mf_w.l(dmul.o)
    0x080004a4   0x080004a4   0x00000022   Code   RO         3206    .text               mf_w.l(dflti.o)
    0x080004c6   0x080004c6   0x0000003e   Code   RO         3208    .text               mf_w.l(dfixi.o)
    0x08000504   0x08000504   0x00000026   Code   RO         3210    .text               mf_w.l(f2d.o)
    0x0800052a   0x0800052a   0x00000002   PAD
    0x0800052c   0x0800052c   0x00000030   Code   RO         3212    .text               mf_w.l(cdcmple.o)
    0x0800055c   0x0800055c   0x00000030   Code   RO         3214    .text               mf_w.l(cdrcmple.o)
    0x0800058c   0x0800058c   0x00000038   Code   RO         3216    .text               mf_w.l(d2f.o)
    0x080005c4   0x080005c4   0x0000002c   Code   RO         3284    .text               mc_w.l(uidiv.o)
    0x080005f0   0x080005f0   0x0000001e   Code   RO         3286    .text               mc_w.l(llshl.o)
    0x0800060e   0x0800060e   0x00000020   Code   RO         3288    .text               mc_w.l(llushr.o)
    0x0800062e   0x0800062e   0x00000024   Code   RO         3290    .text               mc_w.l(llsshr.o)
    0x08000652   0x08000652   0x00000000   Code   RO         3299    .text               mc_w.l(iusefp.o)
    0x08000652   0x08000652   0x0000006e   Code   RO         3300    .text               mf_w.l(fepilogue.o)
    0x080006c0   0x080006c0   0x000000ba   Code   RO         3302    .text               mf_w.l(depilogue.o)
    0x0800077a   0x0800077a   0x000000de   Code   RO         3304    .text               mf_w.l(ddiv.o)
    0x08000858   0x08000858   0x000000a2   Code   RO         3308    .text               mf_w.l(dsqrt.o)
    0x080008fa   0x080008fa   0x00000030   Code   RO         3310    .text               mf_w.l(dfixul.o)
    0x0800092a   0x0800092a   0x00000002   PAD
    0x0800092c   0x0800092c   0x00000024   Code   RO         3316    .text               mc_w.l(init.o)
    0x08000950   0x08000950   0x0000001a   Code   RO         3320    .text               mf_w.l(dfltui.o)
    0x0800096a   0x0800096a   0x00000002   PAD
    0x0800096c   0x0800096c   0x0000005c   Code   RO           13    i.Analyse_RX_Buffer  communication_function.o
    0x080009c8   0x080009c8   0x00000002   Code   RO          344    i.BusFault_Handler  stm32f4xx_it.o
    0x080009ca   0x080009ca   0x00000002   PAD
    0x080009cc   0x080009cc   0x000000f8   Code   RO           14    i.COMMAND_G92       communication_function.o
    0x08000ac4   0x08000ac4   0x0000000c   Code   RO          345    i.DMA1_Stream5_IRQHandler  stm32f4xx_it.o
    0x08000ad0   0x08000ad0   0x0000000c   Code   RO          346    i.DMA1_Stream6_IRQHandler  stm32f4xx_it.o
    0x08000adc   0x08000adc   0x0000000c   Code   RO          347    i.DMA2_Stream1_IRQHandler  stm32f4xx_it.o
    0x08000ae8   0x08000ae8   0x0000000c   Code   RO          348    i.DMA2_Stream5_IRQHandler  stm32f4xx_it.o
    0x08000af4   0x08000af4   0x0000000c   Code   RO          349    i.DMA2_Stream6_IRQHandler  stm32f4xx_it.o
    0x08000b00   0x08000b00   0x00000028   Code   RO         2237    i.DMA_CalcBaseAndBitshift  stm32f4xx_hal_dma.o
    0x08000b28   0x08000b28   0x00000054   Code   RO         2238    i.DMA_CheckFifoParam  stm32f4xx_hal_dma.o
    0x08000b7c   0x08000b7c   0x00000028   Code   RO         2239    i.DMA_SetConfig     stm32f4xx_hal_dma.o
    0x08000ba4   0x08000ba4   0x00000002   Code   RO          350    i.DebugMon_Handler  stm32f4xx_it.o
    0x08000ba6   0x08000ba6   0x00000002   Code   RO          180    i.Error_Handler     main.o
    0x08000ba8   0x08000ba8   0x0000008e   Code   RO         2240    i.HAL_DMA_Abort     stm32f4xx_hal_dma.o
    0x08000c36   0x08000c36   0x00000024   Code   RO         2241    i.HAL_DMA_Abort_IT  stm32f4xx_hal_dma.o
    0x08000c5a   0x08000c5a   0x00000002   PAD
    0x08000c5c   0x08000c5c   0x000001a0   Code   RO         2245    i.HAL_DMA_IRQHandler  stm32f4xx_hal_dma.o
    0x08000dfc   0x08000dfc   0x000000d4   Code   RO         2246    i.HAL_DMA_Init      stm32f4xx_hal_dma.o
    0x08000ed0   0x08000ed0   0x00000078   Code   RO         2250    i.HAL_DMA_Start_IT  stm32f4xx_hal_dma.o
    0x08000f48   0x08000f48   0x00000024   Code   RO         2683    i.HAL_Delay         stm32f4xx_hal.o
    0x08000f6c   0x08000f6c   0x00000188   Code   RO         2133    i.HAL_GPIO_Init     stm32f4xx_hal_gpio.o
    0x080010f4   0x080010f4   0x0000000a   Code   RO         2137    i.HAL_GPIO_WritePin  stm32f4xx_hal_gpio.o
    0x080010fe   0x080010fe   0x00000002   PAD
    0x08001100   0x08001100   0x0000000c   Code   RO         2689    i.HAL_GetTick       stm32f4xx_hal.o
    0x0800110c   0x0800110c   0x00000010   Code   RO         2693    i.HAL_IncTick       stm32f4xx_hal.o
    0x0800111c   0x0800111c   0x00000034   Code   RO         2694    i.HAL_Init          stm32f4xx_hal.o
    0x08001150   0x08001150   0x00000040   Code   RO         2695    i.HAL_InitTick      stm32f4xx_hal.o
    0x08001190   0x08001190   0x00000034   Code   RO          479    i.HAL_MspInit       stm32f4xx_hal_msp.o
    0x080011c4   0x080011c4   0x00000016   Code   RO         2546    i.HAL_NVIC_EnableIRQ  stm32f4xx_hal_cortex.o
    0x080011da   0x080011da   0x00000002   PAD
    0x080011dc   0x080011dc   0x00000040   Code   RO         2552    i.HAL_NVIC_SetPriority  stm32f4xx_hal_cortex.o
    0x0800121c   0x0800121c   0x00000024   Code   RO         2553    i.HAL_NVIC_SetPriorityGrouping  stm32f4xx_hal_cortex.o
    0x08001240   0x08001240   0x00000130   Code   RO         1755    i.HAL_RCC_ClockConfig  stm32f4xx_hal_rcc.o
    0x08001370   0x08001370   0x00000020   Code   RO         1762    i.HAL_RCC_GetPCLK1Freq  stm32f4xx_hal_rcc.o
    0x08001390   0x08001390   0x00000020   Code   RO         1763    i.HAL_RCC_GetPCLK2Freq  stm32f4xx_hal_rcc.o
    0x080013b0   0x080013b0   0x00000060   Code   RO         1764    i.HAL_RCC_GetSysClockFreq  stm32f4xx_hal_rcc.o
    0x08001410   0x08001410   0x0000031c   Code   RO         1767    i.HAL_RCC_OscConfig  stm32f4xx_hal_rcc.o
    0x0800172c   0x0800172c   0x00000028   Code   RO         2557    i.HAL_SYSTICK_Config  stm32f4xx_hal_cortex.o
    0x08001754   0x08001754   0x00000002   Code   RO         1189    i.HAL_TIMEx_BreakCallback  stm32f4xx_hal_tim_ex.o
    0x08001756   0x08001756   0x00000002   Code   RO         1190    i.HAL_TIMEx_CommutationCallback  stm32f4xx_hal_tim_ex.o
    0x08001758   0x08001758   0x00000050   Code   RO         1206    i.HAL_TIMEx_MasterConfigSynchronization  stm32f4xx_hal_tim_ex.o
    0x080017a8   0x080017a8   0x00000036   Code   RO          560    i.HAL_TIM_Base_Init  stm32f4xx_hal_tim.o
    0x080017de   0x080017de   0x00000002   PAD
    0x080017e0   0x080017e0   0x0000010c   Code   RO          481    i.HAL_TIM_Base_MspInit  stm32f4xx_hal_msp.o
    0x080018ec   0x080018ec   0x00000018   Code   RO          565    i.HAL_TIM_Base_Start_IT  stm32f4xx_hal_tim.o
    0x08001904   0x08001904   0x000000f2   Code   RO          569    i.HAL_TIM_ConfigClockSource  stm32f4xx_hal_tim.o
    0x080019f6   0x080019f6   0x00000096   Code   RO          578    i.HAL_TIM_Encoder_Init  stm32f4xx_hal_tim.o
    0x08001a8c   0x08001a8c   0x000000f8   Code   RO          483    i.HAL_TIM_Encoder_MspInit  stm32f4xx_hal_msp.o
    0x08001b84   0x08001b84   0x00000034   Code   RO          581    i.HAL_TIM_Encoder_Start  stm32f4xx_hal_tim.o
    0x08001bb8   0x08001bb8   0x00000002   Code   RO          589    i.HAL_TIM_IC_CaptureCallback  stm32f4xx_hal_tim.o
    0x08001bba   0x08001bba   0x00000002   PAD
    0x08001bbc   0x08001bbc   0x0000011e   Code   RO          590    i.HAL_TIM_IC_ConfigChannel  stm32f4xx_hal_tim.o
    0x08001cda   0x08001cda   0x00000036   Code   RO          593    i.HAL_TIM_IC_Init   stm32f4xx_hal_tim.o
    0x08001d10   0x08001d10   0x00000002   Code   RO          595    i.HAL_TIM_IC_MspInit  stm32f4xx_hal_tim.o
    0x08001d12   0x08001d12   0x00000166   Code   RO          602    i.HAL_TIM_IRQHandler  stm32f4xx_hal_tim.o
    0x08001e78   0x08001e78   0x00000078   Code   RO          484    i.HAL_TIM_MspPostInit  stm32f4xx_hal_msp.o
    0x08001ef0   0x08001ef0   0x00000002   Code   RO          605    i.HAL_TIM_OC_DelayElapsedCallback  stm32f4xx_hal_tim.o
    0x08001ef2   0x08001ef2   0x000000d0   Code   RO          626    i.HAL_TIM_PWM_ConfigChannel  stm32f4xx_hal_tim.o
    0x08001fc2   0x08001fc2   0x00000036   Code   RO          629    i.HAL_TIM_PWM_Init  stm32f4xx_hal_tim.o
    0x08001ff8   0x08001ff8   0x00000024   Code   RO          486    i.HAL_TIM_PWM_MspInit  stm32f4xx_hal_msp.o
    0x0800201c   0x0800201c   0x00000002   Code   RO          632    i.HAL_TIM_PWM_PulseFinishedCallback  stm32f4xx_hal_tim.o
    0x0800201e   0x0800201e   0x00000002   PAD
    0x08002020   0x08002020   0x00000030   Code   RO          633    i.HAL_TIM_PWM_Start  stm32f4xx_hal_tim.o
    0x08002050   0x08002050   0x00000002   Code   RO          639    i.HAL_TIM_PeriodElapsedCallback  stm32f4xx_hal_tim.o
    0x08002052   0x08002052   0x00000002   Code   RO          643    i.HAL_TIM_TriggerCallback  stm32f4xx_hal_tim.o
    0x08002054   0x08002054   0x00000058   Code   RO         1447    i.HAL_UART_DMAStop  stm32f4xx_hal_uart.o
    0x080020ac   0x080020ac   0x00000002   Code   RO         1449    i.HAL_UART_ErrorCallback  stm32f4xx_hal_uart.o
    0x080020ae   0x080020ae   0x00000002   PAD
    0x080020b0   0x080020b0   0x00000110   Code   RO         1452    i.HAL_UART_IRQHandler  stm32f4xx_hal_uart.o
    0x080021c0   0x080021c0   0x00000062   Code   RO         1453    i.HAL_UART_Init     stm32f4xx_hal_uart.o
    0x08002222   0x08002222   0x00000002   PAD
    0x08002224   0x08002224   0x000001a0   Code   RO          488    i.HAL_UART_MspInit  stm32f4xx_hal_msp.o
    0x080023c4   0x080023c4   0x00000098   Code   RO         1457    i.HAL_UART_Receive_DMA  stm32f4xx_hal_uart.o
    0x0800245c   0x0800245c   0x00000002   Code   RO         1459    i.HAL_UART_RxCpltCallback  stm32f4xx_hal_uart.o
    0x0800245e   0x0800245e   0x00000002   Code   RO         1460    i.HAL_UART_RxHalfCpltCallback  stm32f4xx_hal_uart.o
    0x08002460   0x08002460   0x00000080   Code   RO         1462    i.HAL_UART_Transmit_DMA  stm32f4xx_hal_uart.o
    0x080024e0   0x080024e0   0x000000c0   Code   RO          351    i.HAL_UART_TxCpltCallback  stm32f4xx_it.o
    0x080025a0   0x080025a0   0x00000002   Code   RO         1465    i.HAL_UART_TxHalfCpltCallback  stm32f4xx_hal_uart.o
    0x080025a2   0x080025a2   0x00000002   Code   RO          352    i.HardFault_Handler  stm32f4xx_it.o
    0x080025a4   0x080025a4   0x0000007c   Code   RO          181    i.MX_DMA_Init       main.o
    0x08002620   0x08002620   0x000000b0   Code   RO          182    i.MX_GPIO_Init      main.o
    0x080026d0   0x080026d0   0x00000060   Code   RO          183    i.MX_TIM1_Init      main.o
    0x08002730   0x08002730   0x00000064   Code   RO          184    i.MX_TIM2_Init      main.o
    0x08002794   0x08002794   0x0000008c   Code   RO          185    i.MX_TIM3_Init      main.o
    0x08002820   0x08002820   0x0000008c   Code   RO          186    i.MX_TIM4_Init      main.o
    0x080028ac   0x080028ac   0x0000005c   Code   RO          187    i.MX_TIM5_Init      main.o
    0x08002908   0x08002908   0x00000002   Code   RO          353    i.MemManage_Handler  stm32f4xx_it.o
    0x0800290a   0x0800290a   0x00000002   Code   RO          354    i.NMI_Handler       stm32f4xx_it.o
    0x0800290c   0x0800290c   0x00000020   Code   RO         2559    i.NVIC_SetPriority  stm32f4xx_hal_cortex.o
    0x0800292c   0x0800292c   0x00000002   Code   RO          355    i.PendSV_Handler    stm32f4xx_it.o
    0x0800292e   0x0800292e   0x00000002   Code   RO          356    i.SVC_Handler       stm32f4xx_it.o
    0x08002930   0x08002930   0x00000090   Code   RO           15    i.String_Analysis   communication_function.o
    0x080029c0   0x080029c0   0x00000004   Code   RO          357    i.SysTick_Handler   stm32f4xx_it.o
    0x080029c4   0x080029c4   0x00000088   Code   RO          188    i.SystemClock_Config  main.o
    0x08002a4c   0x08002a4c   0x00000054   Code   RO         2848    i.SystemInit        system_stm32f4xx.o
    0x08002aa0   0x08002aa0   0x000005b0   Code   RO          358    i.TIM1_UP_TIM10_IRQHandler  stm32f4xx_it.o
    0x08003050   0x08003050   0x00000090   Code   RO          644    i.TIM_Base_SetConfig  stm32f4xx_hal_tim.o
    0x080030e0   0x080030e0   0x00000016   Code   RO          645    i.TIM_CCxChannelCmd  stm32f4xx_hal_tim.o
    0x080030f6   0x080030f6   0x00000014   Code   RO          651    i.TIM_ETR_SetConfig  stm32f4xx_hal_tim.o
    0x0800310a   0x0800310a   0x00000010   Code   RO          652    i.TIM_ITRx_SetConfig  stm32f4xx_hal_tim.o
    0x0800311a   0x0800311a   0x00000002   PAD
    0x0800311c   0x0800311c   0x00000050   Code   RO          653    i.TIM_OC1_SetConfig  stm32f4xx_hal_tim.o
    0x0800316c   0x0800316c   0x00000058   Code   RO          654    i.TIM_OC2_SetConfig  stm32f4xx_hal_tim.o
    0x080031c4   0x080031c4   0x00000058   Code   RO          655    i.TIM_OC3_SetConfig  stm32f4xx_hal_tim.o
    0x0800321c   0x0800321c   0x00000044   Code   RO          656    i.TIM_OC4_SetConfig  stm32f4xx_hal_tim.o
    0x08003260   0x08003260   0x00000022   Code   RO          658    i.TIM_TI1_ConfigInputStage  stm32f4xx_hal_tim.o
    0x08003282   0x08003282   0x00000002   PAD
    0x08003284   0x08003284   0x00000070   Code   RO          659    i.TIM_TI1_SetConfig  stm32f4xx_hal_tim.o
    0x080032f4   0x080032f4   0x00000024   Code   RO          660    i.TIM_TI2_ConfigInputStage  stm32f4xx_hal_tim.o
    0x08003318   0x08003318   0x00000036   Code   RO          661    i.TIM_TI2_SetConfig  stm32f4xx_hal_tim.o
    0x0800334e   0x0800334e   0x00000002   PAD
    0x08003350   0x08003350   0x000000ac   Code   RO           16    i.Transmit_UART     communication_function.o
    0x080033fc   0x080033fc   0x00000010   Code   RO         1466    i.UART_DMAAbortOnError  stm32f4xx_hal_uart.o
    0x0800340c   0x0800340c   0x0000004a   Code   RO         1467    i.UART_DMAError     stm32f4xx_hal_uart.o
    0x08003456   0x08003456   0x0000003c   Code   RO         1468    i.UART_DMAReceiveCplt  stm32f4xx_hal_uart.o
    0x08003492   0x08003492   0x0000000a   Code   RO         1470    i.UART_DMARxHalfCplt  stm32f4xx_hal_uart.o
    0x0800349c   0x0800349c   0x0000002e   Code   RO         1472    i.UART_DMATransmitCplt  stm32f4xx_hal_uart.o
    0x080034ca   0x080034ca   0x0000000a   Code   RO         1474    i.UART_DMATxHalfCplt  stm32f4xx_hal_uart.o
    0x080034d4   0x080034d4   0x0000001c   Code   RO         1476    i.UART_EndRxTransfer  stm32f4xx_hal_uart.o
    0x080034f0   0x080034f0   0x00000012   Code   RO         1477    i.UART_EndTxTransfer  stm32f4xx_hal_uart.o
    0x08003502   0x08003502   0x0000008c   Code   RO         1478    i.UART_Receive_IT   stm32f4xx_hal_uart.o
    0x0800358e   0x0800358e   0x00000002   PAD
    0x08003590   0x08003590   0x000002ac   Code   RO         1479    i.UART_SetConfig    stm32f4xx_hal_uart.o
    0x0800383c   0x0800383c   0x00000062   Code   RO         1480    i.UART_Transmit_IT  stm32f4xx_hal_uart.o
    0x0800389e   0x0800389e   0x00000002   PAD
    0x080038a0   0x080038a0   0x0000004c   Code   RO          359    i.USART2_IRQHandler  stm32f4xx_it.o
    0x080038ec   0x080038ec   0x0000004c   Code   RO          360    i.USART6_IRQHandler  stm32f4xx_it.o
    0x08003938   0x08003938   0x00000002   Code   RO          361    i.UsageFault_Handler  stm32f4xx_it.o
    0x0800393a   0x0800393a   0x00000002   PAD
    0x0800393c   0x0800393c   0x00000028   Code   RO         3176    i.__0sprintf        mc_w.l(printfa.o)
    0x08003964   0x08003964   0x00000030   Code   RO         3312    i.__ARM_fpclassify  m_wm.l(fpclassify.o)
    0x08003994   0x08003994   0x00000004   PAD
    0x08003998   0x08003998   0x000002d8   Code   RO         3218    i.__hardfp_atan     m_wm.l(atan.o)
    0x08003c70   0x08003c70   0x000001f0   Code   RO         2882    i.__hardfp_atan2    m_wm.l(atan2.o)
    0x08003e60   0x08003e60   0x000000c8   Code   RO         2894    i.__hardfp_cos      m_wm.l(cos.o)
    0x08003f28   0x08003f28   0x000000c8   Code   RO         2906    i.__hardfp_sin      m_wm.l(sin.o)
    0x08003ff0   0x08003ff0   0x0000007a   Code   RO         2918    i.__hardfp_sqrt     m_wm.l(sqrt.o)
    0x0800406a   0x0800406a   0x00000006   PAD
    0x08004070   0x08004070   0x00000438   Code   RO         3256    i.__ieee754_rem_pio2  m_wm.l(rred.o)
    0x080044a8   0x080044a8   0x00000170   Code   RO         3232    i.__kernel_cos      m_wm.l(cos_i.o)
    0x08004618   0x08004618   0x000000f8   Code   RO         3314    i.__kernel_poly     m_wm.l(poly.o)
    0x08004710   0x08004710   0x00000130   Code   RO         3261    i.__kernel_sin      m_wm.l(sin_i.o)
    0x08004840   0x08004840   0x00000014   Code   RO         3236    i.__mathlib_dbl_infnan  m_wm.l(dunder.o)
    0x08004854   0x08004854   0x00000014   Code   RO         3237    i.__mathlib_dbl_infnan2  m_wm.l(dunder.o)
    0x08004868   0x08004868   0x00000020   Code   RO         3238    i.__mathlib_dbl_invalid  m_wm.l(dunder.o)
    0x08004888   0x08004888   0x00000020   Code   RO         3241    i.__mathlib_dbl_underflow  m_wm.l(dunder.o)
    0x080048a8   0x080048a8   0x0000000e   Code   RO         3324    i.__scatterload_copy  mc_w.l(handlers.o)
    0x080048b6   0x080048b6   0x00000002   Code   RO         3325    i.__scatterload_null  mc_w.l(handlers.o)
    0x080048b8   0x080048b8   0x0000000e   Code   RO         3326    i.__scatterload_zeroinit  mc_w.l(handlers.o)
    0x080048c6   0x080048c6   0x00000002   PAD
    0x080048c8   0x080048c8   0x0000000c   Code   RO         3294    i.__set_errno       mc_w.l(errno.o)
    0x080048d4   0x080048d4   0x00000184   Code   RO         3181    i._fp_digits        mc_w.l(printfa.o)
    0x08004a58   0x08004a58   0x000006dc   Code   RO         3182    i._printf_core      mc_w.l(printfa.o)
    0x08005134   0x08005134   0x00000024   Code   RO         3183    i._printf_post_padding  mc_w.l(printfa.o)
    0x08005158   0x08005158   0x0000002e   Code   RO         3184    i._printf_pre_padding  mc_w.l(printfa.o)
    0x08005186   0x08005186   0x0000000a   Code   RO         3186    i._sputc            mc_w.l(printfa.o)
    0x08005190   0x08005190   0x00000010   Code   RO         3220    i.atan              m_wm.l(atan.o)
    0x080051a0   0x080051a0   0x00000018   Code   RO         3251    i.fabs              m_wm.l(fabs.o)
    0x080051b8   0x080051b8   0x0000017c   Code   RO          191    i.main              main.o
    0x08005334   0x08005334   0x00000046   Code   RO           17    i.next_statement    communication_function.o
    0x0800537a   0x0800537a   0x0000002a   Code   RO           18    i.read_double       communication_function.o
    0x080053a4   0x080053a4   0x000000a4   Code   RO           19    i.strtod_M          communication_function.o
    0x08005448   0x08005448   0x00000008   Data   RO         2252    .constdata          stm32f4xx_hal_dma.o
    0x08005450   0x08005450   0x00000010   Data   RO         2849    .constdata          system_stm32f4xx.o
    0x08005460   0x08005460   0x00000008   Data   RO         2850    .constdata          system_stm32f4xx.o
    0x08005468   0x08005468   0x00000098   Data   RO         3221    .constdata          m_wm.l(atan.o)
    0x08005500   0x08005500   0x00000030   Data   RO         3233    .constdata          m_wm.l(cos_i.o)
    0x08005530   0x08005530   0x00000008   Data   RO         3255    .constdata          m_wm.l(qnan.o)
    0x08005538   0x08005538   0x000000c8   Data   RO         3258    .constdata          m_wm.l(rred.o)
    0x08005600   0x08005600   0x00000028   Data   RO         3262    .constdata          m_wm.l(sin_i.o)
    0x08005628   0x08005628   0x00000020   Data   RO         3322    Region$$Table       anon$$obj.o


    Execution Region RW_IRAM1 (Exec base: 0x20000000, Load base: 0x08005648, Size: 0x000010f0, Max: 0x00018000, ABSOLUTE)

    Exec Addr    Load Addr    Size         Type   Attr      Idx    E Section Name        Object

    0x20000000   0x08005648   0x00000001   Data   RW          199    .data               main.o
    0x20000001   0x08005649   0x00000002   Data   RW          200    .data               main.o
    0x20000003   0x0800564b   0x00000001   Data   RW          201    .data               main.o
    0x20000004   0x0800564c   0x00000001   Data   RW          202    .data               main.o
    0x20000005   0x0800564d   0x00000001   Data   RW          203    .data               main.o
    0x20000006   0x0800564e   0x00000001   Data   RW          204    .data               main.o
    0x20000007   0x0800564f   0x00000001   Data   RW          205    .data               main.o
    0x20000008   0x08005650   0x00000002   Data   RW          206    .data               main.o
    0x2000000a   0x08005652   0x00000002   Data   RW          207    .data               main.o
    0x2000000c   0x08005654   0x00000002   Data   RW          208    .data               main.o
    0x2000000e   0x08005656   0x00000002   Data   RW          209    .data               main.o
    0x20000010   0x08005658   0x00000004   Data   RW          210    .data               main.o
    0x20000014   0x0800565c   0x00000004   Data   RW          211    .data               main.o
    0x20000018   0x08005660   0x00000004   Data   RW          212    .data               main.o
    0x2000001c   0x08005664   0x00000004   Data   RW          213    .data               main.o
    0x20000020   0x08005668   0x00000004   Data   RW          214    .data               main.o
    0x20000024   0x0800566c   0x00000004   Data   RW          215    .data               main.o
    0x20000028   0x08005670   0x00000004   Data   RW          216    .data               main.o
    0x2000002c   0x08005674   0x00000004   Data   RW          217    .data               main.o
    0x20000030   0x08005678   0x00000004   Data   RW          218    .data               main.o
    0x20000034   0x0800567c   0x00000004   Data   RW          219    .data               main.o
    0x20000038   0x08005680   0x00000004   Data   RW          220    .data               main.o
    0x2000003c   0x08005684   0x00000004   Data   RW          221    .data               main.o
    0x20000040   0x08005688   0x00000001   Data   RW          222    .data               main.o
    0x20000041   0x08005689   0x00000001   Data   RW          223    .data               main.o
    0x20000042   0x0800568a   0x00000001   Data   RW          224    .data               main.o
    0x20000043   0x0800568b   0x00000001   Data   RW          225    .data               main.o
    0x20000044   0x0800568c   0x00000002   Data   RW          226    .data               main.o
    0x20000046   0x0800568e   0x00000002   Data   RW          227    .data               main.o
    0x20000048   0x08005690   0x00000002   Data   RW          228    .data               main.o
    0x2000004a   0x08005692   0x00000002   Data   RW          229    .data               main.o
    0x2000004c   0x08005694   0x00000002   Data   RW          230    .data               main.o
    0x2000004e   0x08005696   0x00000002   Data   RW          231    .data               main.o
    0x20000050   0x08005698   0x00000002   Data   RW          232    .data               main.o
    0x20000052   0x0800569a   0x00000002   Data   RW          233    .data               main.o
    0x20000054   0x0800569c   0x00000002   Data   RW          234    .data               main.o
    0x20000056   0x0800569e   0x00000002   Data   RW          235    .data               main.o
    0x20000058   0x080056a0   0x00000002   Data   RW          236    .data               main.o
    0x2000005a   0x080056a2   0x00000002   Data   RW          237    .data               main.o
    0x2000005c   0x080056a4   0x00000002   Data   RW          238    .data               main.o
    0x2000005e   0x080056a6   0x00000002   Data   RW          239    .data               main.o
    0x20000060   0x080056a8   0x00000002   Data   RW          240    .data               main.o
    0x20000062   0x080056aa   0x00000002   Data   RW          241    .data               main.o
    0x20000064   0x080056ac   0x00000002   Data   RW          242    .data               main.o
    0x20000066   0x080056ae   0x00000002   Data   RW          243    .data               main.o
    0x20000068   0x080056b0   0x00000002   Data   RW          244    .data               main.o
    0x2000006a   0x080056b2   0x00000002   Data   RW          245    .data               main.o
    0x2000006c   0x080056b4   0x00000002   Data   RW          246    .data               main.o
    0x2000006e   0x080056b6   0x00000002   Data   RW          247    .data               main.o
    0x20000070   0x080056b8   0x00000002   Data   RW          248    .data               main.o
    0x20000072   0x080056ba   0x00000002   Data   RW          249    .data               main.o
    0x20000074   0x080056bc   0x00000002   Data   RW          250    .data               main.o
    0x20000076   0x080056be   0x00000002   Data   RW          251    .data               main.o
    0x20000078   0x080056c0   0x00000002   Data   RW          252    .data               main.o
    0x2000007a   0x080056c2   0x00000002   Data   RW          253    .data               main.o
    0x2000007c   0x080056c4   0x00000002   Data   RW          254    .data               main.o
    0x2000007e   0x080056c6   0x00000002   Data   RW          255    .data               main.o
    0x20000080   0x080056c8   0x00000002   Data   RW          256    .data               main.o
    0x20000082   0x080056ca   0x00000002   Data   RW          257    .data               main.o
    0x20000084   0x080056cc   0x00000002   Data   RW          258    .data               main.o
    0x20000086   0x080056ce   0x0000000c   Data   RW          362    .data               stm32f4xx_it.o
    0x20000092   0x080056da   0x00000002   PAD
    0x20000094   0x080056dc   0x0000000c   Data   RW         2701    .data               stm32f4xx_hal.o
    0x200000a0   0x080056e8   0x00000004   Data   RW         2851    .data               system_stm32f4xx.o
    0x200000a4   0x080056ec   0x00000004   Data   RW         3295    .data               mc_w.l(errno.o)
    0x200000a8        -       0x00000040   Zero   RW          192    .bss                main.o
    0x200000e8        -       0x000006e4   Zero   RW          193    .bss                main.o
    0x200007cc        -       0x00000200   Zero   RW          194    .bss                main.o
    0x200009cc        -       0x00000200   Zero   RW          195    .bss                main.o
    0x20000bcc        -       0x00000060   Zero   RW          196    .bss                main.o
    0x20000c2c        -       0x00000060   Zero   RW          197    .bss                main.o
    0x20000c8c        -       0x00000060   Zero   RW          198    .bss                main.o
    0x20000cec   0x080056f0   0x00000004   PAD
    0x20000cf0        -       0x00000400   Zero   RW            1    STACK               startup_stm32f401xe.o


==============================================================================

Image component sizes


      Code (inc. data)   RO Data    RW Data    ZI Data      Debug   Object Name

       932        156          0          0          0     415126   communication_function.o
      1386        102          0        134       3140      12868   main.o
        36          8        404          0       1024        940   startup_stm32f401xe.o
       180         28          0         12          0       5297   stm32f4xx_hal.o
       194         14          0          0          0      31015   stm32f4xx_hal_cortex.o
      1090         16          8          0          0       8282   stm32f4xx_hal_dma.o
       402         34          0          0          0       2712   stm32f4xx_hal_gpio.o
      1140        122          0          0          0       6057   stm32f4xx_hal_msp.o
      1260         76          0          0          0       5764   stm32f4xx_hal_rcc.o
      2304         76          0          0          0      24831   stm32f4xx_hal_tim.o
        84          0          0          0          0       2826   stm32f4xx_hal_tim_ex.o
      1930         42          0          0          0      16223   stm32f4xx_hal_uart.o
      1880        394          0         12          0      12633   stm32f4xx_it.o
        84         18         24          4          0       1467   system_stm32f4xx.o

    ----------------------------------------------------------------------
     12932       1086        468        164       4168     546041   Object Totals
         0          0         32          0          0          0   (incl. Generated)
        30          0          0          2          4          0   (incl. Padding)

    ----------------------------------------------------------------------

      Code (inc. data)   RO Data    RW Data    ZI Data      Debug   Library Member Name

       744        106        152          0          0        352   atan.o
       496         64          0          0          0        192   atan2.o
       200         20          0          0          0        164   cos.o
       368         46         48          0          0        200   cos_i.o
       104         16          0          0          0        496   dunder.o
        24          0          0          0          0        124   fabs.o
        48          0          0          0          0        124   fpclassify.o
       248          0          0          0          0        152   poly.o
         0          0          8          0          0          0   qnan.o
      1080        142        200          0          0        188   rred.o
       200         20          0          0          0        164   sin.o
       304         24         40          0          0        208   sin_i.o
       122          0          0          0          0        148   sqrt.o
         0          0          0          0          0          0   entry.o
         0          0          0          0          0          0   entry10a.o
         0          0          0          0          0          0   entry11a.o
         8          4          0          0          0          0   entry2.o
         4          0          0          0          0          0   entry5.o
         0          0          0          0          0          0   entry7b.o
         0          0          0          0          0          0   entry8b.o
         8          4          0          0          0          0   entry9a.o
        12          6          0          4          0         68   errno.o
        30          0          0          0          0          0   handlers.o
        36          8          0          0          0         68   init.o
         0          0          0          0          0          0   iusefp.o
        30          0          0          0          0         68   llshl.o
        36          0          0          0          0         68   llsshr.o
        32          0          0          0          0         68   llushr.o
        36          0          0          0          0        108   memseta.o
      2276         86          0          0          0        520   printfa.o
        18          0          0          0          0         68   strcpy.o
        14          0          0          0          0         68   strlen.o
        44          0          0          0          0         80   uidiv.o
        98          0          0          0          0         92   uldiv.o
        48          0          0          0          0         68   cdcmple.o
        48          0          0          0          0         68   cdrcmple.o
        56          0          0          0          0         88   d2f.o
       334          0          0          0          0        148   dadd.o
       222          0          0          0          0        100   ddiv.o
       186          0          0          0          0        176   depilogue.o
        62          0          0          0          0         80   dfixi.o
        48          0          0          0          0         68   dfixul.o
        34          0          0          0          0         76   dflti.o
        26          0          0          0          0         76   dfltui.o
       228          0          0          0          0         96   dmul.o
       162          0          0          0          0        100   dsqrt.o
        38          0          0          0          0         68   f2d.o
       110          0          0          0          0        168   fepilogue.o

    ----------------------------------------------------------------------
      8240        546        448          4          0       5168   Library Totals
        18          0          0          0          0          0   (incl. Padding)

    ----------------------------------------------------------------------

      Code (inc. data)   RO Data    RW Data    ZI Data      Debug   Library Name

      3938        438        448          0          0       2512   m_wm.l
      2682        108          0          4          0       1276   mc_w.l
      1602          0          0          0          0       1380   mf_w.l

    ----------------------------------------------------------------------
      8240        546        448          4          0       5168   Library Totals

    ----------------------------------------------------------------------

==============================================================================


      Code (inc. data)   RO Data    RW Data    ZI Data      Debug   

     21172       1632        916        168       4168     537409   Grand Totals
     21172       1632        916        168       4168     537409   ELF Image Totals
     21172       1632        916        168          0          0   ROM Totals

==============================================================================

    Total RO  Size (Code + RO Data)                22088 (  21.57kB)
    Total RW  Size (RW Data + ZI Data)              4336 (   4.23kB)
    Total ROM Size (Code + RO Data + RW Data)      22256 (  21.73kB)

==============================================================================

