Component: ARM Compiler 5.06 update 6 (build 750) Tool: armlink [4d35ed]

==============================================================================

Section Cross References

    startup_stm32f401xe.o(RESET) refers to startup_stm32f401xe.o(STACK) for __initial_sp
    startup_stm32f401xe.o(RESET) refers to startup_stm32f401xe.o(.text) for Reset_Handler
    startup_stm32f401xe.o(RESET) refers to stm32f4xx_it.o(i.NMI_Handler) for NMI_Handler
    startup_stm32f401xe.o(RESET) refers to stm32f4xx_it.o(i.HardFault_Handler) for HardFault_Handler
    startup_stm32f401xe.o(RESET) refers to stm32f4xx_it.o(i.MemManage_Handler) for MemManage_Handler
    startup_stm32f401xe.o(RESET) refers to stm32f4xx_it.o(i.BusFault_Handler) for BusFault_Handler
    startup_stm32f401xe.o(RESET) refers to stm32f4xx_it.o(i.UsageFault_Handler) for UsageFault_Handler
    startup_stm32f401xe.o(RESET) refers to stm32f4xx_it.o(i.SVC_Handler) for SVC_Handler
    startup_stm32f401xe.o(RESET) refers to stm32f4xx_it.o(i.DebugMon_Handler) for DebugMon_Handler
    startup_stm32f401xe.o(RESET) refers to stm32f4xx_it.o(i.PendSV_Handler) for PendSV_Handler
    startup_stm32f401xe.o(RESET) refers to stm32f4xx_it.o(i.SysTick_Handler) for SysTick_Handler
    startup_stm32f401xe.o(RESET) refers to stm32f4xx_it.o(i.DMA1_Stream5_IRQHandler) for DMA1_Stream5_IRQHandler
    startup_stm32f401xe.o(RESET) refers to stm32f4xx_it.o(i.DMA1_Stream6_IRQHandler) for DMA1_Stream6_IRQHandler
    startup_stm32f401xe.o(RESET) refers to stm32f4xx_it.o(i.ADC_IRQHandler) for ADC_IRQHandler
    startup_stm32f401xe.o(RESET) refers to stm32f4xx_it.o(i.TIM1_UP_TIM10_IRQHandler) for TIM1_UP_TIM10_IRQHandler
    startup_stm32f401xe.o(RESET) refers to stm32f4xx_it.o(i.TIM1_TRG_COM_TIM11_IRQHandler) for TIM1_TRG_COM_TIM11_IRQHandler
    startup_stm32f401xe.o(RESET) refers to stm32f4xx_it.o(i.TIM4_IRQHandler) for TIM4_IRQHandler
    startup_stm32f401xe.o(RESET) refers to stm32f4xx_it.o(i.USART2_IRQHandler) for USART2_IRQHandler
    startup_stm32f401xe.o(RESET) refers to stm32f4xx_it.o(i.DMA2_Stream0_IRQHandler) for DMA2_Stream0_IRQHandler
    startup_stm32f401xe.o(RESET) refers to stm32f4xx_it.o(i.DMA2_Stream1_IRQHandler) for DMA2_Stream1_IRQHandler
    startup_stm32f401xe.o(RESET) refers to stm32f4xx_it.o(i.DMA2_Stream6_IRQHandler) for DMA2_Stream6_IRQHandler
    startup_stm32f401xe.o(RESET) refers to stm32f4xx_it.o(i.USART6_IRQHandler) for USART6_IRQHandler
    startup_stm32f401xe.o(.text) refers to system_stm32f4xx.o(i.SystemInit) for SystemInit
    startup_stm32f401xe.o(.text) refers to entry.o(.ARM.Collect$$$$00000000) for __main
    communication_function.o(i.Analyse_RX_Buffer) refers to strcpy.o(.text) for strcpy
    communication_function.o(i.Analyse_RX_Buffer) refers to communication_function.o(i.String_Analysis) for String_Analysis
    communication_function.o(i.Analyse_RX_Buffer) refers to main.o(.data) for Indice_Start_RX
    communication_function.o(i.Analyse_RX_Buffer) refers to main.o(.data) for Indice_Stop_RX
    communication_function.o(i.Analyse_RX_Buffer) refers to main.o(.bss) for BUFFER_RX
    communication_function.o(i.Analyse_RX_Buffer) refers to main.o(.bss) for UART_RX_Analyse
    communication_function.o(i.Analyse_RX_Buffer) refers to main.o(.data) for Indice_Start_RX_UART2
    communication_function.o(i.COMMAND_G0) refers to f2d.o(.text) for __aeabi_f2d
    communication_function.o(i.COMMAND_G0) refers to printfa.o(i.__0sprintf) for __2sprintf
    communication_function.o(i.COMMAND_G0) refers to communication_function.o(i.Transmit_UART) for Transmit_UART
    communication_function.o(i.COMMAND_G0) refers to main.o(.data) for UPDATE_DEST_PARAMETERS
    communication_function.o(i.COMMAND_G0) refers to main.o(.data) for X_DES_MM_CACHE
    communication_function.o(i.COMMAND_G0) refers to main.o(.data) for Y_DES_MM_CACHE
    communication_function.o(i.COMMAND_G0) refers to main.o(.data) for ANGLE_DES_RAD_CACHE
    communication_function.o(i.COMMAND_G0) refers to main.o(.data) for TIMEOUT_MS_CACHE
    communication_function.o(i.COMMAND_G0) refers to main.o(.data) for ANGLE_DES_RAD
    communication_function.o(i.COMMAND_G0) refers to main.o(.data) for X_DES_MM
    communication_function.o(i.COMMAND_G0) refers to main.o(.data) for Y_DES_MM
    communication_function.o(i.COMMAND_G0) refers to main.o(.data) for TIMEOUT_MS
    communication_function.o(i.COMMAND_G1) refers to f2d.o(.text) for __aeabi_f2d
    communication_function.o(i.COMMAND_G1) refers to printfa.o(i.__0sprintf) for __2sprintf
    communication_function.o(i.COMMAND_G1) refers to communication_function.o(i.Transmit_UART) for Transmit_UART
    communication_function.o(i.COMMAND_G1) refers to main.o(.data) for UPDATE_DEST_PARAMETERS
    communication_function.o(i.COMMAND_G1) refers to main.o(.data) for SPEED_R_DES_CACHE
    communication_function.o(i.COMMAND_G1) refers to main.o(.data) for SPEED_L_DES_CACHE
[...]
    .data                                    0x20000045   Section        1  main.o(.data)
    .data                                    0x20000046   Section        1  main.o(.data)
    .data                                    0x20000047   Section        1  main.o(.data)
    .data                                    0x20000048   Section        2  main.o(.data)
    .data                                    0x2000004a   Section        2  main.o(.data)
    .data                                    0x2000004c   Section        2  main.o(.data)
    .data                                    0x2000004e   Section        2  main.o(.data)
    .data                                    0x20000050   Section        4  main.o(.data)
    .data                                    0x20000054   Section        4  main.o(.data)
    .data                                    0x20000058   Section        4  main.o(.data)
    .data                                    0x2000005c   Section        4  main.o(.data)
    .data                                    0x20000060   Section        4  main.o(.data)
    .data                                    0x20000064   Section        4  main.o(.data)
    .data                                    0x20000068   Section        4  main.o(.data)
    .data                                    0x2000006c   Section        4  main.o(.data)
    .data                                    0x20000070   Section        4  main.o(.data)
    .data                                    0x20000074   Section        4  main.o(.data)
    .data                                    0x20000078   Section        4  main.o(.data)
    .data                                    0x2000007c   Section        4  main.o(.data)
    .data                                    0x20000080   Section        4  main.o(.data)
    .data                                    0x20000084   Section        4  main.o(.data)
    .data                                    0x20000088   Section        4  main.o(.data)
    .data                                    0x2000008c   Section        4  main.o(.data)
    .data                                    0x20000090   Section        4  main.o(.data)
    .data                                    0x20000094   Section        4  main.o(.data)
    .data                                    0x20000098   Section        4  main.o(.data)
    .data                                    0x2000009c   Section        4  main.o(.data)
    .data                                    0x200000a0   Section        4  main.o(.data)
    .data                                    0x200000a4   Section        4  main.o(.data)
    .data                                    0x200000a8   Section        1  main.o(.data)
    .data                                    0x200000a9   Section        1  main.o(.data)
    .data                                    0x200000aa   Section        1  main.o(.data)
    .data                                    0x200000ab   Section        1  main.o(.data)
    .data                                    0x200000ac   Section        4  main.o(.data)
    .data                                    0x200000b0   Section        4  main.o(.data)
    .data                                    0x200000b4   Section        4  main.o(.data)
    .data                                    0x200000b8   Section        4  main.o(.data)
    .data                                    0x200000bc   Section        4  main.o(.data)
    .data                                    0x200000c0   Section        4  main.o(.data)
    .data                                    0x200000c4   Section        4  main.o(.data)
    .data                                    0x200000c8   Section        2  main.o(.data)
    .data                                    0x200000ca   Section        2  main.o(.data)
    .data                                    0x200000cc   Section        2  main.o(.data)
    .data                                    0x200000ce   Section        2  main.o(.data)
    .data                                    0x200000d0   Section        2  main.o(.data)
    .data                                    0x200000d2   Section        2  main.o(.data)
    .data                                    0x200000d4   Section        2  main.o(.data)
    .data                                    0x200000d6   Section        2  main.o(.data)
    .data                                    0x200000d8   Section        2  main.o(.data)
    .data                                    0x200000da   Section        2  main.o(.data)
    .data                                    0x200000dc   Section        2  main.o(.data)
    .data                                    0x200000de   Section        2  main.o(.data)
    .data                                    0x200000e0   Section        4  main.o(.data)
    .data                                    0x200000e4   Section        4  main.o(.data)
    .data                                    0x200000e8   Section        4  main.o(.data)
    .data                                    0x200000ec   Section        1  main.o(.data)
    .data                                    0x200000ed   Section        1  main.o(.data)
    .data                                    0x200000f0   Section        4  main.o(.data)
    .data                                    0x200000f4   Section        4  main.o(.data)
    .data                                    0x200000f8   Section        4  main.o(.data)
    .data                                    0x200000fc   Section        4  main.o(.data)
    .data                                    0x20000100   Section        4  main.o(.data)
    .data                                    0x20000104   Section        4  main.o(.data)
    .data                                    0x20000108   Section        4  main.o(.data)
    .data                                    0x2000010c   Section        4  main.o(.data)
    .data                                    0x20000110   Section        4  main.o(.data)
    .data                                    0x20000114   Section        4  main.o(.data)
    .data                                    0x20000118   Section        4  main.o(.data)
    .data                                    0x2000011c   Section        4  main.o(.data)
    .data                                    0x20000120   Section        4  main.o(.data)
    .data                                    0x20000124   Section        4  main.o(.data)
    .data                                    0x20000128   Section        4  main.o(.data)
    .data                                    0x2000012c   Section        4  main.o(.data)
    .data                                    0x20000130   Section        4  main.o(.data)
    .data                                    0x20000134   Section        4  main.o(.data)
    .data                                    0x20000138   Section        4  main.o(.data)
    .data                                    0x2000013c   Section        4  main.o(.data)
    .data                                    0x20000140   Section        1  main.o(.data)
    .data                                    0x20000141   Section        1  main.o(.data)
    .data                                    0x20000144   Section       12  stm32f4xx_hal.o(.data)
    .data                                    0x20000150   Section        4  system_stm32f4xx.o(.data)
    .data                                    0x20000154   Section        4  errno.o(.data)
    _errno                                   0x20000154   Data           4  errno.o(.data)
    .bss                                     0x20000158   Section      100  communication_function.o(.bss)
    Table_values                             0x20000158   Data          80  communication_function.o(.bss)
    Table_Letter                             0x200001a8   Data          20  communication_function.o(.bss)
    .bss                                     0x200001bc   Section      160  control_function.o(.bss)
    Table_Error                              0x200001bc   Data          40  control_function.o(.bss)
    Table_Error                              0x200001e4   Data          40  control_function.o(.bss)
    Table_Error                              0x2000020c   Data          40  control_function.o(.bss)
    Table_Error                              0x20000234   Data          40  control_function.o(.bss)
    .bss                                     0x2000025c   Section       64  main.o(.bss)
    .bss                                     0x2000029c   Section     1888  main.o(.bss)
    .bss                                     0x200009fc   Section      512  main.o(.bss)
    .bss                                     0x20000bfc   Section      512  main.o(.bss)
    .bss                                     0x20000dfc   Section       96  main.o(.bss)
    .bss                                     0x20000e5c   Section       96  main.o(.bss)
    .bss                                     0x20000ebc   Section       96  main.o(.bss)
    STACK                                    0x20000f20   Section     1024  startup_stm32f401xe.o(STACK)

    Global Symbols

    Symbol Name                              Value     Ov Type        Size  Object(Section)

    BuildAttributes$$THM_ISAv4$E$P$D$K$B$S$7EM$VFPi3$EXTD16$VFPS$VFMA$PE$A:L22UL41UL21$X:L11$S22US41US21$IEEE1$IW$USESV6$~STKCKD$USESV7$~SHL$OTIME$ROPI$IEEEX$EBA8$MICROLIB$REQ8$PRES8$EABIv2 0x00000000   Number         0  anon$$obj.o ABSOLUTE
    __ARM_use_no_argv                        0x00000000   Number         0  main.o ABSOLUTE
    _printf_a                                0x00000000   Number         0  stubs.o ABSOLUTE
    _printf_c                                0x00000000   Number         0  stubs.o ABSOLUTE
    _printf_charcount                        0x00000000   Number         0  stubs.o ABSOLUTE
    _printf_d                                0x00000000   Number         0  stubs.o ABSOLUTE
    _printf_e                                0x00000000   Number         0  stubs.o ABSOLUTE
    _printf_f                                0x00000000   Number         0  stubs.o ABSOLUTE
    _printf_flags                            0x00000000   Number         0  stubs.o ABSOLUTE
    _printf_fp_dec                           0x00000000   Number         0  stubs.o ABSOLUTE
    _printf_fp_hex                           0x00000000   Number         0  stubs.o ABSOLUTE
    _printf_g                                0x00000000   Number         0  stubs.o ABSOLUTE
    _printf_i                                0x00000000   Number         0  stubs.o ABSOLUTE
    _printf_int_dec                          0x00000000   Number         0  stubs.o ABSOLUTE
    _printf_l                                0x00000000   Number         0  stubs.o ABSOLUTE
    _printf_lc                               0x00000000   Number         0  stubs.o ABSOLUTE
    _printf_ll                               0x00000000   Number         0  stubs.o ABSOLUTE
    _printf_lld                              0x00000000   Number         0  stubs.o ABSOLUTE
    _printf_lli                              0x00000000   Number         0  stubs.o ABSOLUTE
    _printf_llo                              0x00000000   Number         0  stubs.o ABSOLUTE
    _printf_llu                              0x00000000   Number         0  stubs.o ABSOLUTE
    _printf_llx                              0x00000000   Number         0  stubs.o ABSOLUTE
    _printf_longlong_dec                     0x00000000   Number         0  stubs.o ABSOLUTE
    _printf_longlong_hex                     0x00000000   Number         0  stubs.o ABSOLUTE
    _printf_longlong_oct                     0x00000000   Number         0  stubs.o ABSOLUTE
    _printf_ls                               0x00000000   Number         0  stubs.o ABSOLUTE
    _printf_mbtowc                           0x00000000   Number         0  stubs.o ABSOLUTE
    _printf_n                                0x00000000   Number         0  stubs.o ABSOLUTE
    _printf_o                                0x00000000   Number         0  stubs.o ABSOLUTE
    _printf_p                                0x00000000   Number         0  stubs.o ABSOLUTE
    _printf_percent                          0x00000000   Number         0  stubs.o ABSOLUTE
    _printf_pre_padding                      0x00000000   Number         0  stubs.o ABSOLUTE
    _printf_return_value                     0x00000000   Number         0  stubs.o ABSOLUTE
    _printf_s                                0x00000000   Number         0  stubs.o ABSOLUTE
    _printf_sizespec                         0x00000000   Number         0  stubs.o ABSOLUTE
    _printf_str                              0x00000000   Number         0  stubs.o ABSOLUTE
    _printf_truncate_signed                  0x00000000   Number         0  stubs.o ABSOLUTE
    _printf_truncate_unsigned                0x00000000   Number         0  stubs.o ABSOLUTE
    _printf_u                                0x00000000   Number         0  stubs.o ABSOLUTE
    _printf_wc                               0x00000000   Number         0  stubs.o ABSOLUTE
    _printf_wctomb                           0x00000000   Number         0  stubs.o ABSOLUTE
    _printf_widthprec                        0x00000000   Number         0  stubs.o ABSOLUTE
    _printf_x                                0x00000000   Number         0  stubs.o ABSOLUTE
    __cpp_initialize__aeabi_                  - Undefined Weak Reference
    __cxa_finalize                            - Undefined Weak Reference
    _clock_init                               - Undefined Weak Reference
    _microlib_exit                            - Undefined Weak Reference
    __Vectors_Size                           0x00000194   Number         0  startup_stm32f401xe.o ABSOLUTE
    __Vectors                                0x08000000   Data           4  startup_stm32f401xe.o(RESET)
    __Vectors_End                            0x08000194   Data           0  startup_stm32f401xe.o(RESET)
    __main                                   0x08000195   Thumb Code     0  entry.o(.ARM.Collect$$$$00000000)
    _main_stk                                0x08000195   Thumb Code     0  entry2.o(.ARM.Collect$$$$00000001)
    _main_scatterload                        0x08000199   Thumb Code     0  entry5.o(.ARM.Collect$$$$00000004)
    __main_after_scatterload                 0x0800019d   Thumb Code     0  entry5.o(.ARM.Collect$$$$00000004)
    _main_clock                              0x0800019d   Thumb Code     0  entry7b.o(.ARM.Collect$$$$00000008)
    _main_cpp_init                           0x0800019d   Thumb Code     0  entry8b.o(.ARM.Collect$$$$0000000A)
    _main_init                               0x0800019d   Thumb Code     0  entry9a.o(.ARM.Collect$$$$0000000B)
    __rt_final_cpp                           0x080001a5   Thumb Code     0  entry10a.o(.ARM.Collect$$$$0000000D)
    __rt_final_exit                          0x080001a5   Thumb Code     0  entry11a.o(.ARM.Collect$$$$0000000F)
    Reset_Handler                            0x080001a9   Thumb Code     8  startup_stm32f401xe.o(.text)
    DMA1_Stream0_IRQHandler                  0x080001c3   Thumb Code     0  startup_stm32f401xe.o(.text)
    DMA1_Stream1_IRQHandler                  0x080001c3   Thumb Code     0  startup_stm32f401xe.o(.text)
    DMA1_Stream2_IRQHandler                  0x080001c3   Thumb Code     0  startup_stm32f401xe.o(.text)
    DMA1_Stream3_IRQHandler                  0x080001c3   Thumb Code     0  startup_stm32f401xe.o(.text)
    DMA1_Stream4_IRQHandler                  0x080001c3   Thumb Code     0  startup_stm32f401xe.o(.text)
    DMA1_Stream7_IRQHandler                  0x080001c3   Thumb Code     0  startup_stm32f401xe.o(.text)
    DMA2_Stream2_IRQHandler                  0x080001c3   Thumb Code     0  startup_stm32f401xe.o(.text)
    DMA2_Stream3_IRQHandler                  0x080001c3   Thumb Code     0  startup_stm32f401xe.o(.text)
    DMA2_Stream4_IRQHandler                  0x080001c3   Thumb Code     0  startup_stm32f401xe.o(.text)
    DMA2_Stream5_IRQHandler                  0x080001c3   Thumb Code     0  startup_stm32f401xe.o(.text)
    DMA2_Stream7_IRQHandler                  0x080001c3   Thumb Code     0  startup_stm32f401xe.o(.text)
    EXTI0_IRQHandler                         0x080001c3   Thumb Code     0  startup_stm32f401xe.o(.text)
    EXTI15_10_IRQHandler                     0x080001c3   Thumb Code     0  startup_stm32f401xe.o(.text)
    EXTI1_IRQHandler                         0x080001c3   Thumb Code     0  startup_stm32f401xe.o(.text)
    EXTI2_IRQHandler                         0x080001c3   Thumb Code     0  startup_stm32f401xe.o(.text)
    EXTI3_IRQHandler                         0x080001c3   Thumb Code     0  startup_stm32f401xe.o(.text)
    EXTI4_IRQHandler                         0x080001c3   Thumb Code     0  startup_stm32f401xe.o(.text)
    EXTI9_5_IRQHandler                       0x080001c3   Thumb Code     0  startup_stm32f401xe.o(.text)
    FLASH_IRQHandler                         0x080001c3   Thumb Code     0  startup_stm32f401xe.o(.text)
    FPU_IRQHandler                           0x080001c3   Thumb Code     0  startup_stm32f401xe.o(.text)
    I2C1_ER_IRQHandler                       0x080001c3   Thumb Code     0  startup_stm32f401xe.o(.text)
    I2C1_EV_IRQHandler                       0x080001c3   Thumb Code     0  startup_stm32f401xe.o(.text)
    I2C2_ER_IRQHandler                       0x080001c3   Thumb Code     0  startup_stm32f401xe.o(.text)
    I2C2_EV_IRQHandler                       0x080001c3   Thumb Code     0  startup_stm32f401xe.o(.text)
    I2C3_ER_IRQHandler                       0x080001c3   Thumb Code     0  startup_stm32f401xe.o(.text)
    I2C3_EV_IRQHandler                       0x080001c3   Thumb Code     0  startup_stm32f401xe.o(.text)
    OTG_FS_IRQHandler                        0x080001c3   Thumb Code     0  startup_stm32f401xe.o(.text)
    OTG_FS_WKUP_IRQHandler                   0x080001c3   Thumb Code     0  startup_stm32f401xe.o(.text)
    PVD_IRQHandler                           0x080001c3   Thumb Code     0  startup_stm32f401xe.o(.text)
    RCC_IRQHandler                           0x080001c3   Thumb Code     0  startup_stm32f401xe.o(.text)
    RTC_Alarm_IRQHandler                     0x080001c3   Thumb Code     0  startup_stm32f401xe.o(.text)
    RTC_WKUP_IRQHandler                      0x080001c3   Thumb Code     0  startup_stm32f401xe.o(.text)
    SDIO_IRQHandler                          0x080001c3   Thumb Code     0  startup_stm32f401xe.o(.text)
    SPI1_IRQHandler                          0x080001c3   Thumb Code     0  startup_stm32f401xe.o(.text)
    SPI2_IRQHandler                          0x080001c3   Thumb Code     0  startup_stm32f401xe.o(.text)
    SPI3_IRQHandler                          0x080001c3   Thumb Code     0  startup_stm32f401xe.o(.text)
    SPI4_IRQHandler                          0x080001c3   Thumb Code     0  startup_stm32f401xe.o(.text)
    TAMP_STAMP_IRQHandler                    0x080001c3   Thumb Code     0  startup_stm32f401xe.o(.text)
    TIM1_BRK_TIM9_IRQHandler                 0x080001c3   Thumb Code     0  startup_stm32f401xe.o(.text)
    TIM1_CC_IRQHandler                       0x080001c3   Thumb Code     0  startup_stm32f401xe.o(.text)
    TIM2_IRQHandler                          0x080001c3   Thumb Code     0  startup_stm32f401xe.o(.text)
    TIM3_IRQHandler                          0x080001c3   Thumb Code     0  startup_stm32f401xe.o(.text)
    TIM5_IRQHandler                          0x080001c3   Thumb Code     0  startup_stm32f401xe.o(.text)
    USART1_IRQHandler                        0x080001c3   Thumb Code     0  startup_stm32f401xe.o(.text)
    WWDG_IRQHandler                          0x080001c3   Thumb Code     0  startup_stm32f401xe.o(.text)
    __aeabi_uldivmod                         0x080001cd   Thumb Code    98  uldiv.o(.text)
    __aeabi_memset                           0x0800022f   Thumb Code    14  memseta.o(.text)
    __aeabi_memset4                          0x0800022f   Thumb Code     0  memseta.o(.text)
    __aeabi_memset8                          0x0800022f   Thumb Code     0  memseta.o(.text)
    __aeabi_memclr                           0x0800023d   Thumb Code     4  memseta.o(.text)
    __aeabi_memclr4                          0x0800023d   Thumb Code     0  memseta.o(.text)
    __aeabi_memclr8                          0x0800023d   Thumb Code     0  memseta.o(.text)
    _memset$wrapper                          0x08000241   Thumb Code    18  memseta.o(.text)
    strlen                                   0x08000253   Thumb Code    14  strlen.o(.text)
    strcpy                                   0x08000261   Thumb Code    18  strcpy.o(.text)
    __aeabi_dadd                             0x08000273   Thumb Code   322  dadd.o(.text)
    __aeabi_dsub                             0x080003b5   Thumb Code     6  dadd.o(.text)
    __aeabi_drsub                            0x080003bb   Thumb Code     6  dadd.o(.text)
    __aeabi_dmul                             0x080003c1   Thumb Code   228  dmul.o(.text)
    __aeabi_i2d                              0x080004a5   Thumb Code    34  dflti.o(.text)
    __aeabi_f2d                              0x080004c7   Thumb Code    38  f2d.o(.text)
    __aeabi_d2f                              0x080004ed   Thumb Code    56  d2f.o(.text)
    __aeabi_uidiv                            0x08000525   Thumb Code     0  uidiv.o(.text)
    __aeabi_uidivmod                         0x08000525   Thumb Code    44  uidiv.o(.text)
    __aeabi_llsl                             0x08000551   Thumb Code    30  llshl.o(.text)
    _ll_shift_l                              0x08000551   Thumb Code     0  llshl.o(.text)
    __aeabi_llsr                             0x0800056f   Thumb Code    32  llushr.o(.text)
    _ll_ushift_r                             0x0800056f   Thumb Code     0  llushr.o(.text)
    __aeabi_lasr                             0x0800058f   Thumb Code    36  llsshr.o(.text)
    _ll_sshift_r                             0x0800058f   Thumb Code     0  llsshr.o(.text)
    __I$use$fp                               0x080005b3   Thumb Code     0  iusefp.o(.text)
    _float_round                             0x080005b3   Thumb Code    18  fepilogue.o(.text)
    _float_epilogue                          0x080005c5   Thumb Code    92  fepilogue.o(.text)
    _double_round                            0x08000621   Thumb Code    30  depilogue.o(.text)
    _double_epilogue                         0x0800063f   Thumb Code   156  depilogue.o(.text)
    __aeabi_ddiv                             0x080006db   Thumb Code   222  ddiv.o(.text)
    _dsqrt                                   0x080007b9   Thumb Code   162  dsqrt.o(.text)
    __aeabi_d2ulz                            0x0800085b   Thumb Code    48  dfixul.o(.text)
    __aeabi_cdrcmple                         0x0800088d   Thumb Code    48  cdrcmple.o(.text)
    __scatterload                            0x080008bd   Thumb Code    28  init.o(.text)
    __scatterload_rt2                        0x080008bd   Thumb Code     0  init.o(.text)
    __aeabi_ui2d                             0x080008e1   Thumb Code    26  dfltui.o(.text)
    __aeabi_d2iz                             0x080008fb   Thumb Code    62  dfixi.o(.text)
    __decompress                             0x08000939   Thumb Code     0  __dczerorl2.o(.text)
    __decompress1                            0x08000939   Thumb Code    86  __dczerorl2.o(.text)
    ADC_IRQHandler                           0x08000a11   Thumb Code     6  stm32f4xx_it.o(i.ADC_IRQHandler)
    Analyse_RX_Buffer                        0x08000b41   Thumb Code   120  communication_function.o(i.Analyse_RX_Buffer)
    BusFault_Handler                         0x08000bd9   Thumb Code     2  stm32f4xx_it.o(i.BusFault_Handler)
    COMMAND_G0                               0x08000bdd   Thumb Code   254  communication_function.o(i.COMMAND_G0)
    COMMAND_G1                               0x08000d31   Thumb Code   186  communication_function.o(i.COMMAND_G1)
    COMMAND_G2                               0x08000e29   Thumb Code   186  communication_function.o(i.COMMAND_G2)
    COMMAND_G92                              0x08000f21   Thumb Code   186  communication_function.o(i.COMMAND_G92)
    COMMAND_M112                             0x08001019   Thumb Code    36  communication_function.o(i.COMMAND_M112)
    COMMAND_M135                             0x08001059   Thumb Code    52  communication_function.o(i.COMMAND_M135)
    COMMAND_M201                             0x080010ad   Thumb Code   362  communication_function.o(i.COMMAND_M201)
    COMMAND_M202                             0x080012b5   Thumb Code    86  communication_function.o(i.COMMAND_M202)
    COMMAND_M3                               0x08001331   Thumb Code    72  communication_function.o(i.COMMAND_M3)
    COMMAND_M301                             0x080013a1   Thumb Code   524  communication_function.o(i.COMMAND_M301)
    COMMAND_M92                              0x080016a1   Thumb Code   130  communication_function.o(i.COMMAND_M92)
    COMMAND_O1                               0x08001769   Thumb Code   120  communication_function.o(i.COMMAND_O1)
    Control                                  0x0800182d   Thumb Code  1772  control_function.o(i.Control)
    DMA1_Stream5_IRQHandler                  0x08001f75   Thumb Code     6  stm32f4xx_it.o(i.DMA1_Stream5_IRQHandler)
    DMA1_Stream6_IRQHandler                  0x08001f81   Thumb Code     6  stm32f4xx_it.o(i.DMA1_Stream6_IRQHandler)
    DMA2_Stream0_IRQHandler                  0x08001f8d   Thumb Code     6  stm32f4xx_it.o(i.DMA2_Stream0_IRQHandler)
    DMA2_Stream1_IRQHandler                  0x08001f99   Thumb Code     6  stm32f4xx_it.o(i.DMA2_Stream1_IRQHandler)
    DMA2_Stream6_IRQHandler                  0x08001fa5   Thumb Code     6  stm32f4xx_it.o(i.DMA2_Stream6_IRQHandler)
    DebugMon_Handler                         0x08002055   Thumb Code     2  stm32f4xx_it.o(i.DebugMon_Handler)
    Error_Handler                            0x08002057   Thumb Code     2  main.o(i.Error_Handler)
    HAL_ADCEx_InjectedConvCpltCallback       0x08002059   Thumb Code     2  stm32f4xx_hal_adc_ex.o(i.HAL_ADCEx_InjectedConvCpltCallback)
    HAL_ADC_ConfigChannel                    0x0800205d   Thumb Code   316  stm32f4xx_hal_adc.o(i.HAL_ADC_ConfigChannel)
    HAL_ADC_ConvCpltCallback                 0x080021a9   Thumb Code     2  stm32f4xx_hal_adc.o(i.HAL_ADC_ConvCpltCallback)
    HAL_ADC_ConvHalfCpltCallback             0x080021ab   Thumb Code     2  stm32f4xx_hal_adc.o(i.HAL_ADC_ConvHalfCpltCallback)
    HAL_ADC_ErrorCallback                    0x080021ad   Thumb Code     2  stm32f4xx_hal_adc.o(i.HAL_ADC_ErrorCallback)
    HAL_ADC_IRQHandler                       0x080021af   Thumb Code   316  stm32f4xx_hal_adc.o(i.HAL_ADC_IRQHandler)
    HAL_ADC_Init                             0x080022eb   Thumb Code    84  stm32f4xx_hal_adc.o(i.HAL_ADC_Init)
    HAL_ADC_LevelOutOfWindowCallback         0x0800233f   Thumb Code     2  stm32f4xx_hal_adc.o(i.HAL_ADC_LevelOutOfWindowCallback)
    HAL_ADC_MspInit                          0x08002341   Thumb Code   206  stm32f4xx_hal_msp.o(i.HAL_ADC_MspInit)
    HAL_ADC_Start_DMA                        0x0800242d   Thumb Code   228  stm32f4xx_hal_adc.o(i.HAL_ADC_Start_DMA)
    HAL_DMA_Abort                            0x0800252d   Thumb Code   142  stm32f4xx_hal_dma.o(i.HAL_DMA_Abort)
    HAL_DMA_Abort_IT                         0x080025bb   Thumb Code    36  stm32f4xx_hal_dma.o(i.HAL_DMA_Abort_IT)
    HAL_DMA_IRQHandler                       0x080025e1   Thumb Code   412  stm32f4xx_hal_dma.o(i.HAL_DMA_IRQHandler)
    HAL_DMA_Init                             0x08002781   Thumb Code   206  stm32f4xx_hal_dma.o(i.HAL_DMA_Init)
    HAL_DMA_Start_IT                         0x08002855   Thumb Code   120  stm32f4xx_hal_dma.o(i.HAL_DMA_Start_IT)
    HAL_GPIO_Init                            0x080028cd   Thumb Code   358  stm32f4xx_hal_gpio.o(i.HAL_GPIO_Init)
    HAL_GPIO_WritePin                        0x08002a55   Thumb Code    10  stm32f4xx_hal_gpio.o(i.HAL_GPIO_WritePin)
    HAL_GetTick                              0x08002a61   Thumb Code     6  stm32f4xx_hal.o(i.HAL_GetTick)
    HAL_IncTick                              0x08002a6d   Thumb Code    12  stm32f4xx_hal.o(i.HAL_IncTick)
    HAL_Init                                 0x08002a7d   Thumb Code    48  stm32f4xx_hal.o(i.HAL_Init)
    HAL_InitTick                             0x08002ab1   Thumb Code    54  stm32f4xx_hal.o(i.HAL_InitTick)
    HAL_MspInit                              0x08002af1   Thumb Code    48  stm32f4xx_hal_msp.o(i.HAL_MspInit)
    HAL_NVIC_EnableIRQ                       0x08002b25   Thumb Code    22  stm32f4xx_hal_cortex.o(i.HAL_NVIC_EnableIRQ)
    HAL_NVIC_SetPriority                     0x08002b3d   Thumb Code    60  stm32f4xx_hal_cortex.o(i.HAL_NVIC_SetPriority)
    HAL_NVIC_SetPriorityGrouping             0x08002b7d   Thumb Code    26  stm32f4xx_hal_cortex.o(i.HAL_NVIC_SetPriorityGrouping)
    HAL_RCC_ClockConfig                      0x08002ba1   Thumb Code   286  stm32f4xx_hal_rcc.o(i.HAL_RCC_ClockConfig)
    HAL_RCC_GetPCLK1Freq                     0x08002cd1   Thumb Code    20  stm32f4xx_hal_rcc.o(i.HAL_RCC_GetPCLK1Freq)
    HAL_RCC_GetPCLK2Freq                     0x08002cf1   Thumb Code    20  stm32f4xx_hal_rcc.o(i.HAL_RCC_GetPCLK2Freq)
    HAL_RCC_GetSysClockFreq                  0x08002d11   Thumb Code    88  stm32f4xx_hal_rcc.o(i.HAL_RCC_GetSysClockFreq)
    HAL_RCC_OscConfig                        0x08002d71   Thumb Code   770  stm32f4xx_hal_rcc.o(i.HAL_RCC_OscConfig)
    HAL_SYSTICK_Config                       0x0800308d   Thumb Code    40  stm32f4xx_hal_cortex.o(i.HAL_SYSTICK_Config)
    HAL_TIMEx_BreakCallback                  0x080030b5   Thumb Code     2  stm32f4xx_hal_tim_ex.o(i.HAL_TIMEx_BreakCallback)
    HAL_TIMEx_CommutationCallback            0x080030b7   Thumb Code     2  stm32f4xx_hal_tim_ex.o(i.HAL_TIMEx_CommutationCallback)
    HAL_TIMEx_MasterConfigSynchronization    0x080030b9   Thumb Code    80  stm32f4xx_hal_tim_ex.o(i.HAL_TIMEx_MasterConfigSynchronization)
    HAL_TIM_Base_Init                        0x08003109   Thumb Code    54  stm32f4xx_hal_tim.o(i.HAL_TIM_Base_Init)
    HAL_TIM_Base_MspInit                     0x08003141   Thumb Code   134  stm32f4xx_hal_msp.o(i.HAL_TIM_Base_MspInit)
    HAL_TIM_Base_Start_IT                    0x080031d9   Thumb Code    24  stm32f4xx_hal_tim.o(i.HAL_TIM_Base_Start_IT)
    HAL_TIM_ConfigClockSource                0x080031f1   Thumb Code   242  stm32f4xx_hal_tim.o(i.HAL_TIM_ConfigClockSource)
    HAL_TIM_Encoder_Init                     0x080032e3   Thumb Code   150  stm32f4xx_hal_tim.o(i.HAL_TIM_Encoder_Init)
    HAL_TIM_Encoder_MspInit                  0x08003379   Thumb Code   186  stm32f4xx_hal_msp.o(i.HAL_TIM_Encoder_MspInit)
    HAL_TIM_Encoder_Start                    0x08003449   Thumb Code    52  stm32f4xx_hal_tim.o(i.HAL_TIM_Encoder_Start)
    HAL_TIM_IC_CaptureCallback               0x0800347d   Thumb Code     2  stm32f4xx_hal_tim.o(i.HAL_TIM_IC_CaptureCallback)
    HAL_TIM_IRQHandler                       0x0800347f   Thumb Code   358  stm32f4xx_hal_tim.o(i.HAL_TIM_IRQHandler)
    HAL_TIM_MspPostInit                      0x080035e5   Thumb Code    72  stm32f4xx_hal_msp.o(i.HAL_TIM_MspPostInit)
    HAL_TIM_OC_ConfigChannel                 0x08003635   Thumb Code    86  stm32f4xx_hal_tim.o(i.HAL_TIM_OC_ConfigChannel)
    HAL_TIM_OC_DelayElapsedCallback          0x0800368b   Thumb Code     2  stm32f4xx_hal_tim.o(i.HAL_TIM_OC_DelayElapsedCallback)
    HAL_TIM_OC_Init                          0x0800368d   Thumb Code    54  stm32f4xx_hal_tim.o(i.HAL_TIM_OC_Init)
    HAL_TIM_OC_MspInit                       0x080036c3   Thumb Code     2  stm32f4xx_hal_tim.o(i.HAL_TIM_OC_MspInit)
    HAL_TIM_OC_Start                         0x080036c5   Thumb Code    42  stm32f4xx_hal_tim.o(i.HAL_TIM_OC_Start)
    HAL_TIM_PWM_ConfigChannel                0x080036f5   Thumb Code   208  stm32f4xx_hal_tim.o(i.HAL_TIM_PWM_ConfigChannel)
    HAL_TIM_PWM_Init                         0x080037c5   Thumb Code    54  stm32f4xx_hal_tim.o(i.HAL_TIM_PWM_Init)
    HAL_TIM_PWM_MspInit                      0x080037fd   Thumb Code    50  stm32f4xx_hal_msp.o(i.HAL_TIM_PWM_MspInit)
    HAL_TIM_PWM_PulseFinishedCallback        0x08003839   Thumb Code     2  stm32f4xx_hal_tim.o(i.HAL_TIM_PWM_PulseFinishedCallback)
    HAL_TIM_PWM_Start                        0x0800383d   Thumb Code    42  stm32f4xx_hal_tim.o(i.HAL_TIM_PWM_Start)
    HAL_TIM_PWM_Start_IT                     0x0800386d   Thumb Code    92  stm32f4xx_hal_tim.o(i.HAL_TIM_PWM_Start_IT)
    HAL_TIM_PeriodElapsedCallback            0x080038cd   Thumb Code     2  stm32f4xx_hal_tim.o(i.HAL_TIM_PeriodElapsedCallback)
    HAL_TIM_TriggerCallback                  0x080038cf   Thumb Code     2  stm32f4xx_hal_tim.o(i.HAL_TIM_TriggerCallback)
    HAL_UART_DMAStop                         0x080038d1   Thumb Code    88  stm32f4xx_hal_uart.o(i.HAL_UART_DMAStop)
    HAL_UART_ErrorCallback                   0x08003929   Thumb Code     2  stm32f4xx_hal_uart.o(i.HAL_UART_ErrorCallback)
    HAL_UART_IRQHandler                      0x0800392d   Thumb Code   266  stm32f4xx_hal_uart.o(i.HAL_UART_IRQHandler)
    HAL_UART_Init                            0x08003a3d   Thumb Code    98  stm32f4xx_hal_uart.o(i.HAL_UART_Init)
    HAL_UART_MspInit                         0x08003aa1   Thumb Code   370  stm32f4xx_hal_msp.o(i.HAL_UART_MspInit)
    HAL_UART_Receive_DMA                     0x08003c41   Thumb Code   138  stm32f4xx_hal_uart.o(i.HAL_UART_Receive_DMA)
    HAL_UART_RxCpltCallback                  0x08003cd9   Thumb Code     2  stm32f4xx_hal_uart.o(i.HAL_UART_RxCpltCallback)
    HAL_UART_RxHalfCpltCallback              0x08003cdb   Thumb Code     2  stm32f4xx_hal_uart.o(i.HAL_UART_RxHalfCpltCallback)
    HAL_UART_Transmit_DMA                    0x08003cdd   Thumb Code   114  stm32f4xx_hal_uart.o(i.HAL_UART_Transmit_DMA)
    HAL_UART_TxCpltCallback                  0x08003d5d   Thumb Code   152  stm32f4xx_it.o(i.HAL_UART_TxCpltCallback)
    HAL_UART_TxHalfCpltCallback              0x08003e1d   Thumb Code     2  stm32f4xx_hal_uart.o(i.HAL_UART_TxHalfCpltCallback)
    HardFault_Handler                        0x08003e1f   Thumb Code     2  stm32f4xx_it.o(i.HardFault_Handler)
    MemManage_Handler                        0x08004201   Thumb Code     2  stm32f4xx_it.o(i.MemManage_Handler)
    NMI_Handler                              0x08004203   Thumb Code     2  stm32f4xx_it.o(i.NMI_Handler)
    PID_ANGLE                                0x08004225   Thumb Code   102  control_function.o(i.PID_ANGLE)
    PID_DISTANCE                             0x080042a1   Thumb Code   102  control_function.o(i.PID_DISTANCE)
    PID_L                                    0x0800431d   Thumb Code   102  control_function.o(i.PID_L)
    PID_R                                    0x08004399   Thumb Code   102  control_function.o(i.PID_R)
    PendSV_Handler                           0x08004415   Thumb Code     2  stm32f4xx_it.o(i.PendSV_Handler)
    SVC_Handler                              0x08004417   Thumb Code     2  stm32f4xx_it.o(i.SVC_Handler)
    String_Analysis                          0x08004419   Thumb Code   400  communication_function.o(i.String_Analysis)
    SysTick_Handler                          0x080045c9   Thumb Code     4  stm32f4xx_it.o(i.SysTick_Handler)
    SystemClock_Config                       0x080045cd   Thumb Code   126  main.o(i.SystemClock_Config)
    SystemInit                               0x08004655   Thumb Code    66  system_stm32f4xx.o(i.SystemInit)
    TIM1_TRG_COM_TIM11_IRQHandler            0x080046a9   Thumb Code    22  stm32f4xx_it.o(i.TIM1_TRG_COM_TIM11_IRQHandler)
    TIM1_UP_TIM10_IRQHandler                 0x080046c9   Thumb Code    42  stm32f4xx_it.o(i.TIM1_UP_TIM10_IRQHandler)
    TIM4_IRQHandler                          0x080046fd   Thumb Code     6  stm32f4xx_it.o(i.TIM4_IRQHandler)
    TIM_Base_SetConfig                       0x08004709   Thumb Code   114  stm32f4xx_hal_tim.o(i.TIM_Base_SetConfig)
    TIM_CCxChannelCmd                        0x08004799   Thumb Code    22  stm32f4xx_hal_tim.o(i.TIM_CCxChannelCmd)
    TIM_OC2_SetConfig                        0x08004825   Thumb Code    84  stm32f4xx_hal_tim.o(i.TIM_OC2_SetConfig)
    Transmit_UART                            0x08004961   Thumb Code   138  communication_function.o(i.Transmit_UART)
    USART2_IRQHandler                        0x08004eb1   Thumb Code    62  stm32f4xx_it.o(i.USART2_IRQHandler)
    USART6_IRQHandler                        0x08004efd   Thumb Code    64  stm32f4xx_it.o(i.USART6_IRQHandler)
    Update_POS                               0x08004f49   Thumb Code   412  control_function.o(i.Update_POS)
    UsageFault_Handler                       0x08005131   Thumb Code     2  stm32f4xx_it.o(i.UsageFault_Handler)
    __0sprintf                               0x08005135   Thumb Code    34  printfa.o(i.__0sprintf)
    __1sprintf                               0x08005135   Thumb Code     0  printfa.o(i.__0sprintf)
    __2sprintf                               0x08005135   Thumb Code     0  printfa.o(i.__0sprintf)
    __c89sprintf                             0x08005135   Thumb Code     0  printfa.o(i.__0sprintf)
    sprintf                                  0x08005135   Thumb Code     0  printfa.o(i.__0sprintf)
    __ARM_fpclassify                         0x0800515d   Thumb Code    48  fpclassify.o(i.__ARM_fpclassify)
    __hardfp_atan                            0x08005191   Thumb Code   622  atan.o(i.__hardfp_atan)
    __hardfp_atan2                           0x08005469   Thumb Code   432  atan2.o(i.__hardfp_atan2)
    __hardfp_cos                             0x08005659   Thumb Code   180  cos.o(i.__hardfp_cos)
    __hardfp_fabs                            0x08005721   Thumb Code    20  fabs.o(i.__hardfp_fabs)
    __hardfp_sin                             0x08005739   Thumb Code   180  sin.o(i.__hardfp_sin)
    __hardfp_sqrt                            0x08005801   Thumb Code   122  sqrt.o(i.__hardfp_sqrt)
    __ieee754_rem_pio2                       0x08005881   Thumb Code   938  rred.o(i.__ieee754_rem_pio2)
    __kernel_cos                             0x08005cb9   Thumb Code   322  cos_i.o(i.__kernel_cos)
    __kernel_poly                            0x08005e29   Thumb Code   248  poly.o(i.__kernel_poly)
    __kernel_sin                             0x08005f21   Thumb Code   280  sin_i.o(i.__kernel_sin)
    __mathlib_dbl_infnan                     0x08006051   Thumb Code    20  dunder.o(i.__mathlib_dbl_infnan)
    __mathlib_dbl_infnan2                    0x08006065   Thumb Code    20  dunder.o(i.__mathlib_dbl_infnan2)
    __mathlib_dbl_invalid                    0x08006079   Thumb Code    24  dunder.o(i.__mathlib_dbl_invalid)
    __mathlib_dbl_underflow                  0x08006099   Thumb Code    24  dunder.o(i.__mathlib_dbl_underflow)
    __scatterload_copy                       0x080060b9   Thumb Code    14  handlers.o(i.__scatterload_copy)
    __scatterload_null                       0x080060c7   Thumb Code     2  handlers.o(i.__scatterload_null)
    __scatterload_zeroinit                   0x080060c9   Thumb Code    14  handlers.o(i.__scatterload_zeroinit)
    __set_errno                              0x080060d9   Thumb Code     6  errno.o(i.__set_errno)
    atan                                     0x080069a1   Thumb Code    16  atan.o(i.atan)
    fabs                                     0x080069b1   Thumb Code    24  fabs.o(i.fabs)
    main                                     0x080069c9   Thumb Code   398  main.o(i.main)
    next_statement                           0x08006b75   Thumb Code    70  communication_function.o(i.next_statement)
    read_double                              0x08006bbb   Thumb Code    42  communication_function.o(i.read_double)
    strtod_M                                 0x08006be5   Thumb Code   158  communication_function.o(i.strtod_M)
    AHBPrescTable                            0x08006c90   Data          16  system_stm32f4xx.o(.constdata)
    APBPrescTable                            0x08006ca0   Data           8  system_stm32f4xx.o(.constdata)
    __mathlib_zero                           0x08006d70   Data           8  qnan.o(.constdata)
    Region$$Table$$Base                      0x08006e68   Number         0  anon$$obj.o(Region$$Table)
    Region$$Table$$Limit                     0x08006e88   Number         0  anon$$obj.o(Region$$Table)
    Max_Delta_R                              0x20000000   Data           2  control_function.o(.data)
    Max_Delta_L                              0x20000002   Data           2  control_function.o(.data)
    Indice_Start_RX                          0x20000040   Data           1  main.o(.data)
    Indice_Stop_RX                           0x20000041   Data           1  main.o(.data)
    Indice_Stop_RX_UART2                     0x20000042   Data           1  main.o(.data)
    Indice_Start_TX                          0x20000043   Data           1  main.o(.data)
    Indice_Stop_TX                           0x20000044   Data           1  main.o(.data)
    Indice_Start_RX_UART2                    0x20000045   Data           1  main.o(.data)
    Indice_Start_TX_UART2                    0x20000046   Data           1  main.o(.data)
    Indice_Stop_TX_UART2                     0x20000047   Data           1  main.o(.data)
    Encoder_Right_Past                       0x20000048   Data           2  main.o(.data)
    Encoder_Right                            0x2000004a   Data           2  main.o(.data)
    Encoder_Left_Past                        0x2000004c   Data           2  main.o(.data)
    Encoder_Left                             0x2000004e   Data           2  main.o(.data)
    ANGLE_POS_RAD                            0x20000050   Data           4  main.o(.data)
    X_POS_MM                                 0x20000054   Data           4  main.o(.data)
    Y_POS_MM                                 0x20000058   Data           4  main.o(.data)
    ANGLE_POS_RAD_CACHE                      0x2000005c   Data           4  main.o(.data)
    X_POS_MM_CACHE                           0x20000060   Data           4  main.o(.data)
    Y_POS_MM_CACHE                           0x20000064   Data           4  main.o(.data)
    ANGLE_DES_RAD                            0x20000068   Data           4  main.o(.data)
    X_DES_MM                                 0x2000006c   Data           4  main.o(.data)
    Y_DES_MM                                 0x20000070   Data           4  main.o(.data)
    ANGLE_DES_RAD_CACHE                      0x20000074   Data           4  main.o(.data)
    X_DES_MM_CACHE                           0x20000078   Data           4  main.o(.data)
    Y_DES_MM_CACHE                           0x2000007c   Data           4  main.o(.data)
    SPEED_R_DES                              0x20000080   Data           4  main.o(.data)
    SPEED_R_DES_CACHE                        0x20000084   Data           4  main.o(.data)
    SPEED_L_DES                              0x20000088   Data           4  main.o(.data)
    SPEED_L_DES_CACHE                        0x2000008c   Data           4  main.o(.data)
    PWM_R_DES                                0x20000090   Data           4  main.o(.data)
    PWM_R_DES_CACHE                          0x20000094   Data           4  main.o(.data)
    PWM_L_DES                                0x20000098   Data           4  main.o(.data)
    PWM_L_DES_CACHE                          0x2000009c   Data           4  main.o(.data)
    TIMEOUT_MS                               0x200000a0   Data           4  main.o(.data)
    TIMEOUT_MS_CACHE                         0x200000a4   Data           4  main.o(.data)
    UPDATE_POS_PARAMETERS                    0x200000a8   Data           1  main.o(.data)
    UPDATE_DEST_PARAMETERS                   0x200000a9   Data           1  main.o(.data)
    CONTROL_ENABLED                          0x200000aa   Data           1  main.o(.data)
    UPDATE_CONTROL_PARAMETERS                0x200000ab   Data           1  main.o(.data)
    TICS_2_MM                                0x200000ac   Data           4  main.o(.data)
    TICS_2_MM_CACHE                          0x200000b0   Data           4  main.o(.data)
    SPACING_WHEELS                           0x200000b4   Data           4  main.o(.data)
    SPACING_WHEELS_CACHE                     0x200000b8   Data           4  main.o(.data)
    FINAL_BOOL_DISTANCE_MM                   0x200000bc   Data           4  main.o(.data)
    FINAL_BOOL_DISTANCE_MM_CACHE             0x200000c0   Data           4  main.o(.data)
    FINAL_BOOL2_DISTANCE_MM                  0x200000c4   Data           4  main.o(.data)
    SPEED_MAX_DISTANCE_MM_S                  0x200000c8   Data           2  main.o(.data)
    SPEED_MAX_DISTANCE_MM_S_CACHE            0x200000ca   Data           2  main.o(.data)
    ACCELERATION_MAX_DISTANCE_MM_S2          0x200000cc   Data           2  main.o(.data)
    ACCELERATION_MAX_DISTANCE_MM_S2_CACHE    0x200000ce   Data           2  main.o(.data)
    BRAKING_MAX_DISTANCE_MM_S2               0x200000d0   Data           2  main.o(.data)
    BRAKING_MAX_DISTANCE_MM_S2_CACHE         0x200000d2   Data           2  main.o(.data)
    SPEED_MAX_ANGLE_MM_S                     0x200000d4   Data           2  main.o(.data)
    SPEED_MAX_ANGLE_MM_S_CACHE               0x200000d6   Data           2  main.o(.data)
    ACCELERATION_MAX_ANGLE_MM_S2             0x200000d8   Data           2  main.o(.data)
    ACCELERATION_MAX_ANGLE_MM_S2_CACHE       0x200000da   Data           2  main.o(.data)
    BRAKING_MAX_ANGLE_MM_S2                  0x200000dc   Data           2  main.o(.data)
    BRAKING_MAX_ANGLE_MM_S2_CACHE            0x200000de   Data           2  main.o(.data)
    ANTICIPATION_PERCENTAGE                  0x200000e0   Data           4  main.o(.data)
    ANTICIPATION_PERCENTAGE_CACHE            0x200000e4   Data           4  main.o(.data)
    LOOP_CONTROL_TIMING_HZ                   0x200000e8   Data           4  main.o(.data)
    STATUS_BOOL_1                            0x200000ec   Data           1  main.o(.data)
    STATUS_BOOL_2                            0x200000ed   Data           1  main.o(.data)
    R_SPEED_TARGET                           0x200000f0   Data           4  main.o(.data)
    L_SPEED_TARGET                           0x200000f4   Data           4  main.o(.data)
    P_SPEED                                  0x200000f8   Data           4  main.o(.data)
    P_SPEED_CACHE                            0x200000fc   Data           4  main.o(.data)
    I_SPEED                                  0x20000100   Data           4  main.o(.data)
    I_SPEED_CACHE                            0x20000104   Data           4  main.o(.data)
    D_SPEED                                  0x20000108   Data           4  main.o(.data)
    D_SPEED_CACHE                            0x2000010c   Data           4  main.o(.data)
    P_ANGLE                                  0x20000110   Data           4  main.o(.data)
    P_ANGLE_CACHE                            0x20000114   Data           4  main.o(.data)
    I_ANGLE                                  0x20000118   Data           4  main.o(.data)
    I_ANGLE_CACHE                            0x2000011c   Data           4  main.o(.data)
    D_ANGLE                                  0x20000120   Data           4  main.o(.data)
    D_ANGLE_CACHE                            0x20000124   Data           4  main.o(.data)
    P_DISTANCE                               0x20000128   Data           4  main.o(.data)
    P_DISTANCE_CACHE                         0x2000012c   Data           4  main.o(.data)
    I_DISTANCE                               0x20000130   Data           4  main.o(.data)
    I_DISTANCE_CACHE                         0x20000134   Data           4  main.o(.data)
    D_DISTANCE                               0x20000138   Data           4  main.o(.data)
    D_DISTANCE_CACHE                         0x2000013c   Data           4  main.o(.data)
    REGULATOR                                0x20000140   Data           1  main.o(.data)
    REGULATOR_CACHE                          0x20000141   Data           1  main.o(.data)
    uwTickFreq                               0x20000144   Data           1  stm32f4xx_hal.o(.data)
    uwTickPrio                               0x20000148   Data           4  stm32f4xx_hal.o(.data)
    uwTick                                   0x2000014c   Data           4  stm32f4xx_hal.o(.data)
    SystemCoreClock                          0x20000150   Data           4  system_stm32f4xx.o(.data)
    UART_RX_Analyse                          0x2000025c   Data          64  main.o(.bss)
    Result_ADC                               0x2000029c   Data          52  main.o(.bss)
    BUFFER_RX                                0x200002d0   Data         512  main.o(.bss)
    BUFFER_RX_UART2                          0x200004d0   Data         512  main.o(.bss)
    hadc1                                    0x200006d0   Data          72  main.o(.bss)
    htim1                                    0x20000718   Data          60  main.o(.bss)
    htim2                                    0x20000754   Data          60  main.o(.bss)
    htim3                                    0x20000790   Data          60  main.o(.bss)
    htim4                                    0x200007cc   Data          60  main.o(.bss)
    htim9                                    0x20000808   Data          60  main.o(.bss)
    htim10                                   0x20000844   Data          60  main.o(.bss)
    htim11                                   0x20000880   Data          60  main.o(.bss)
    huart2                                   0x200008bc   Data          64  main.o(.bss)
    huart6                                   0x200008fc   Data          64  main.o(.bss)
    hdma_usart2_rx                           0x2000093c   Data          96  main.o(.bss)
    hdma_usart6_rx                           0x2000099c   Data          96  main.o(.bss)
    BUFFER_TX                                0x200009fc   Data         512  main.o(.bss)
    BUFFER_TX_UART2                          0x20000bfc   Data         512  main.o(.bss)
    hdma_adc1                                0x20000dfc   Data          96  main.o(.bss)
    hdma_usart2_tx                           0x20000e5c   Data          96  main.o(.bss)
    hdma_usart6_tx                           0x20000ebc   Data          96  main.o(.bss)
    __initial_sp                             0x20001320   Data           0  startup_stm32f401xe.o(STACK)



==============================================================================

Memory Map of the image

  Image Entry point : 0x08000195

  Load Region LR_IROM1 (Base: 0x08000000, Size: 0x00006fe0, Max: 0x00080000, ABSOLUTE, COMPRESSED[0x00006ed8])

    Execution Region ER_IROM1 (Exec base: 0x08000000, Load base: 0x08000000, Size: 0x00006e88, Max: 0x00080000, ABSOLUTE)

    Exec Addr    Load Addr    Size         Type   Attr      Idx    E Section Name        Object

    0x08000000   0x08000000   0x00000194   Data   RO            3    RESET               startup_stm32f401xe.o
    0x08000194   0x08000194   0x00000000   Code   RO         3404  * .ARM.Collect$$$$00000000  mc_w.l(entry.o)
    0x08000194   0x08000194   0x00000004   Code   RO         3729    .ARM.Collect$$$$00000001  mc_w.l(entry2.o)
    0x08000198   0x08000198   0x00000004   Code   RO         3732    .ARM.Collect$$$$00000004  mc_w.l(entry5.o)
    0x0800019c   0x0800019c   0x00000000   Code   RO         3734    .ARM.Collect$$$$00000008  mc_w.l(entry7b.o)
    0x0800019c   0x0800019c   0x00000000   Code   RO         3736    .ARM.Collect$$$$0000000A  mc_w.l(entry8b.o)
    0x0800019c   0x0800019c   0x00000008   Code   RO         3737    .ARM.Collect$$$$0000000B  mc_w.l(entry9a.o)
    0x080001a4   0x080001a4   0x00000000   Code   RO         3739    .ARM.Collect$$$$0000000D  mc_w.l(entry10a.o)
    0x080001a4   0x080001a4   0x00000000   Code   RO         3741    .ARM.Collect$$$$0000000F  mc_w.l(entry11a.o)
    0x080001a4   0x080001a4   0x00000004   Code   RO         3730    .ARM.Collect$$$$00002712  mc_w.l(entry2.o)
    0x080001a8   0x080001a8   0x00000024   Code   RO            4    .text               startup_stm32f401xe.o
    0x080001cc   0x080001cc   0x00000062   Code   RO         3407    .text               mc_w.l(uldiv.o)
    0x0800022e   0x0800022e   0x00000024   Code   RO         3409    .text               mc_w.l(memseta.o)
    0x08000252   0x08000252   0x0000000e   Code   RO         3411    .text               mc_w.l(strlen.o)
    0x08000260   0x08000260   0x00000012   Code   RO         3413    .text               mc_w.l(strcpy.o)
    0x08000272   0x08000272   0x0000014e   Code   RO         3676    .text               mf_w.l(dadd.o)
    0x080003c0   0x080003c0   0x000000e4   Code   RO         3678    .text               mf_w.l(dmul.o)
    0x080004a4   0x080004a4   0x00000022   Code   RO         3680    .text               mf_w.l(dflti.o)
    0x080004c6   0x080004c6   0x00000026   Code   RO         3682    .text               mf_w.l(f2d.o)
    0x080004ec   0x080004ec   0x00000038   Code   RO         3684    .text               mf_w.l(d2f.o)
    0x08000524   0x08000524   0x0000002c   Code   RO         3746    .text               mc_w.l(uidiv.o)
    0x08000550   0x08000550   0x0000001e   Code   RO         3748    .text               mc_w.l(llshl.o)
    0x0800056e   0x0800056e   0x00000020   Code   RO         3750    .text               mc_w.l(llushr.o)
    0x0800058e   0x0800058e   0x00000024   Code   RO         3752    .text               mc_w.l(llsshr.o)
    0x080005b2   0x080005b2   0x00000000   Code   RO         3761    .text               mc_w.l(iusefp.o)
    0x080005b2   0x080005b2   0x0000006e   Code   RO         3762    .text               mf_w.l(fepilogue.o)
    0x08000620   0x08000620   0x000000ba   Code   RO         3764    .text               mf_w.l(depilogue.o)
    0x080006da   0x080006da   0x000000de   Code   RO         3766    .text               mf_w.l(ddiv.o)
    0x080007b8   0x080007b8   0x000000a2   Code   RO         3770    .text               mf_w.l(dsqrt.o)
    0x0800085a   0x0800085a   0x00000030   Code   RO         3772    .text               mf_w.l(dfixul.o)
    0x0800088a   0x0800088a   0x00000002   PAD
    0x0800088c   0x0800088c   0x00000030   Code   RO         3776    .text               mf_w.l(cdrcmple.o)
    0x080008bc   0x080008bc   0x00000024   Code   RO         3782    .text               mc_w.l(init.o)
    0x080008e0   0x080008e0   0x0000001a   Code   RO         3786    .text               mf_w.l(dfltui.o)
    0x080008fa   0x080008fa   0x0000003e   Code   RO         3788    .text               mf_w.l(dfixi.o)
    0x08000938   0x08000938   0x00000056   Code   RO         3798    .text               mc_w.l(__dczerorl2.o)
    0x0800098e   0x0800098e   0x00000062   Code   RO          751    i.ADC_DMAConvCplt   stm32f4xx_hal_adc.o
    0x080009f0   0x080009f0   0x00000016   Code   RO          752    i.ADC_DMAError      stm32f4xx_hal_adc.o
    0x08000a06   0x08000a06   0x0000000a   Code   RO          753    i.ADC_DMAHalfConvCplt  stm32f4xx_hal_adc.o
    0x08000a10   0x08000a10   0x0000000c   Code   RO          505    i.ADC_IRQHandler    stm32f4xx_it.o
    0x08000a1c   0x08000a1c   0x00000124   Code   RO          754    i.ADC_Init          stm32f4xx_hal_adc.o
    0x08000b40   0x08000b40   0x00000098   Code   RO           13    i.Analyse_RX_Buffer  communication_function.o
    0x08000bd8   0x08000bd8   0x00000002   Code   RO          506    i.BusFault_Handler  stm32f4xx_it.o
    0x08000bda   0x08000bda   0x00000002   PAD
    0x08000bdc   0x08000bdc   0x00000154   Code   RO           14    i.COMMAND_G0        communication_function.o
    0x08000d30   0x08000d30   0x000000f8   Code   RO           15    i.COMMAND_G1        communication_function.o
    0x08000e28   0x08000e28   0x000000f8   Code   RO           16    i.COMMAND_G2        communication_function.o
    0x08000f20   0x08000f20   0x000000f8   Code   RO           17    i.COMMAND_G92       communication_function.o
    0x08001018   0x08001018   0x00000040   Code   RO           18    i.COMMAND_M112      communication_function.o
    0x08001058   0x08001058   0x00000054   Code   RO           19    i.COMMAND_M135      communication_function.o
    0x080010ac   0x080010ac   0x00000208   Code   RO           20    i.COMMAND_M201      communication_function.o
    0x080012b4   0x080012b4   0x0000007c   Code   RO           21    i.COMMAND_M202      communication_function.o
    0x08001330   0x08001330   0x00000070   Code   RO           22    i.COMMAND_M3        communication_function.o
    0x080013a0   0x080013a0   0x00000300   Code   RO           23    i.COMMAND_M301      communication_function.o
    0x080016a0   0x080016a0   0x000000c8   Code   RO           24    i.COMMAND_M92       communication_function.o
    0x08001768   0x08001768   0x000000c4   Code   RO           25    i.COMMAND_O1        communication_function.o
    0x0800182c   0x0800182c   0x00000748   Code   RO          253    i.Control           control_function.o
    0x08001f74   0x08001f74   0x0000000c   Code   RO          507    i.DMA1_Stream5_IRQHandler  stm32f4xx_it.o
    0x08001f80   0x08001f80   0x0000000c   Code   RO          508    i.DMA1_Stream6_IRQHandler  stm32f4xx_it.o
    0x08001f8c   0x08001f8c   0x0000000c   Code   RO          509    i.DMA2_Stream0_IRQHandler  stm32f4xx_it.o
    0x08001f98   0x08001f98   0x0000000c   Code   RO          510    i.DMA2_Stream1_IRQHandler  stm32f4xx_it.o
    0x08001fa4   0x08001fa4   0x0000000c   Code   RO          511    i.DMA2_Stream6_IRQHandler  stm32f4xx_it.o
    0x08001fb0   0x08001fb0   0x00000028   Code   RO         2705    i.DMA_CalcBaseAndBitshift  stm32f4xx_hal_dma.o
    0x08001fd8   0x08001fd8   0x00000054   Code   RO         2706    i.DMA_CheckFifoParam  stm32f4xx_hal_dma.o
    0x0800202c   0x0800202c   0x00000028   Code   RO         2707    i.DMA_SetConfig     stm32f4xx_hal_dma.o
    0x08002054   0x08002054   0x00000002   Code   RO          512    i.DebugMon_Handler  stm32f4xx_it.o
    0x08002056   0x08002056   0x00000002   Code   RO          319    i.Error_Handler     main.o
    0x08002058   0x08002058   0x00000002   Code   RO          925    i.HAL_ADCEx_InjectedConvCpltCallback  stm32f4xx_hal_adc_ex.o
    0x0800205a   0x0800205a   0x00000002   PAD
    0x0800205c   0x0800205c   0x0000014c   Code   RO          756    i.HAL_ADC_ConfigChannel  stm32f4xx_hal_adc.o
    0x080021a8   0x080021a8   0x00000002   Code   RO          757    i.HAL_ADC_ConvCpltCallback  stm32f4xx_hal_adc.o
    0x080021aa   0x080021aa   0x00000002   Code   RO          758    i.HAL_ADC_ConvHalfCpltCallback  stm32f4xx_hal_adc.o
    0x080021ac   0x080021ac   0x00000002   Code   RO          760    i.HAL_ADC_ErrorCallback  stm32f4xx_hal_adc.o
    0x080021ae   0x080021ae   0x0000013c   Code   RO          764    i.HAL_ADC_IRQHandler  stm32f4xx_hal_adc.o
    0x080022ea   0x080022ea   0x00000054   Code   RO          765    i.HAL_ADC_Init      stm32f4xx_hal_adc.o
    0x0800233e   0x0800233e   0x00000002   Code   RO          766    i.HAL_ADC_LevelOutOfWindowCallback  stm32f4xx_hal_adc.o
    0x08002340   0x08002340   0x000000ec   Code   RO          661    i.HAL_ADC_MspInit   stm32f4xx_hal_msp.o
    0x0800242c   0x0800242c   0x00000100   Code   RO          772    i.HAL_ADC_Start_DMA  stm32f4xx_hal_adc.o
    0x0800252c   0x0800252c   0x0000008e   Code   RO         2708    i.HAL_DMA_Abort     stm32f4xx_hal_dma.o
    0x080025ba   0x080025ba   0x00000024   Code   RO         2709    i.HAL_DMA_Abort_IT  stm32f4xx_hal_dma.o
    0x080025de   0x080025de   0x00000002   PAD
    0x080025e0   0x080025e0   0x000001a0   Code   RO         2713    i.HAL_DMA_IRQHandler  stm32f4xx_hal_dma.o
    0x08002780   0x08002780   0x000000d4   Code   RO         2714    i.HAL_DMA_Init      stm32f4xx_hal_dma.o
    0x08002854   0x08002854   0x00000078   Code   RO         2718    i.HAL_DMA_Start_IT  stm32f4xx_hal_dma.o
    0x080028cc   0x080028cc   0x00000188   Code   RO         2601    i.HAL_GPIO_Init     stm32f4xx_hal_gpio.o
    0x08002a54   0x08002a54   0x0000000a   Code   RO         2605    i.HAL_GPIO_WritePin  stm32f4xx_hal_gpio.o
    0x08002a5e   0x08002a5e   0x00000002   PAD
    0x08002a60   0x08002a60   0x0000000c   Code   RO         3157    i.HAL_GetTick       stm32f4xx_hal.o
    0x08002a6c   0x08002a6c   0x00000010   Code   RO         3161    i.HAL_IncTick       stm32f4xx_hal.o
    0x08002a7c   0x08002a7c   0x00000034   Code   RO         3162    i.HAL_Init          stm32f4xx_hal.o
    0x08002ab0   0x08002ab0   0x00000040   Code   RO         3163    i.HAL_InitTick      stm32f4xx_hal.o
    0x08002af0   0x08002af0   0x00000034   Code   RO          662    i.HAL_MspInit       stm32f4xx_hal_msp.o
    0x08002b24   0x08002b24   0x00000016   Code   RO         3014    i.HAL_NVIC_EnableIRQ  stm32f4xx_hal_cortex.o
    0x08002b3a   0x08002b3a   0x00000002   PAD
    0x08002b3c   0x08002b3c   0x00000040   Code   RO         3020    i.HAL_NVIC_SetPriority  stm32f4xx_hal_cortex.o
    0x08002b7c   0x08002b7c   0x00000024   Code   RO         3021    i.HAL_NVIC_SetPriorityGrouping  stm32f4xx_hal_cortex.o
    0x08002ba0   0x08002ba0   0x00000130   Code   RO         2223    i.HAL_RCC_ClockConfig  stm32f4xx_hal_rcc.o
    0x08002cd0   0x08002cd0   0x00000020   Code   RO         2230    i.HAL_RCC_GetPCLK1Freq  stm32f4xx_hal_rcc.o
    0x08002cf0   0x08002cf0   0x00000020   Code   RO         2231    i.HAL_RCC_GetPCLK2Freq  stm32f4xx_hal_rcc.o
    0x08002d10   0x08002d10   0x00000060   Code   RO         2232    i.HAL_RCC_GetSysClockFreq  stm32f4xx_hal_rcc.o
    0x08002d70   0x08002d70   0x0000031c   Code   RO         2235    i.HAL_RCC_OscConfig  stm32f4xx_hal_rcc.o
    0x0800308c   0x0800308c   0x00000028   Code   RO         3025    i.HAL_SYSTICK_Config  stm32f4xx_hal_cortex.o
    0x080030b4   0x080030b4   0x00000002   Code   RO         1657    i.HAL_TIMEx_BreakCallback  stm32f4xx_hal_tim_ex.o
    0x080030b6   0x080030b6   0x00000002   Code   RO         1658    i.HAL_TIMEx_CommutationCallback  stm32f4xx_hal_tim_ex.o
    0x080030b8   0x080030b8   0x00000050   Code   RO         1674    i.HAL_TIMEx_MasterConfigSynchronization  stm32f4xx_hal_tim_ex.o
    0x08003108   0x08003108   0x00000036   Code   RO         1028    i.HAL_TIM_Base_Init  stm32f4xx_hal_tim.o
    0x0800313e   0x0800313e   0x00000002   PAD
    0x08003140   0x08003140   0x00000098   Code   RO          664    i.HAL_TIM_Base_MspInit  stm32f4xx_hal_msp.o
    0x080031d8   0x080031d8   0x00000018   Code   RO         1033    i.HAL_TIM_Base_Start_IT  stm32f4xx_hal_tim.o
    0x080031f0   0x080031f0   0x000000f2   Code   RO         1037    i.HAL_TIM_ConfigClockSource  stm32f4xx_hal_tim.o
    0x080032e2   0x080032e2   0x00000096   Code   RO         1046    i.HAL_TIM_Encoder_Init  stm32f4xx_hal_tim.o
    0x08003378   0x08003378   0x000000d0   Code   RO          666    i.HAL_TIM_Encoder_MspInit  stm32f4xx_hal_msp.o
    0x08003448   0x08003448   0x00000034   Code   RO         1049    i.HAL_TIM_Encoder_Start  stm32f4xx_hal_tim.o
    0x0800347c   0x0800347c   0x00000002   Code   RO         1057    i.HAL_TIM_IC_CaptureCallback  stm32f4xx_hal_tim.o
    0x0800347e   0x0800347e   0x00000166   Code   RO         1070    i.HAL_TIM_IRQHandler  stm32f4xx_hal_tim.o
    0x080035e4   0x080035e4   0x00000050   Code   RO          667    i.HAL_TIM_MspPostInit  stm32f4xx_hal_msp.o
    0x08003634   0x08003634   0x00000056   Code   RO         1071    i.HAL_TIM_OC_ConfigChannel  stm32f4xx_hal_tim.o
    0x0800368a   0x0800368a   0x00000002   Code   RO         1073    i.HAL_TIM_OC_DelayElapsedCallback  stm32f4xx_hal_tim.o
    0x0800368c   0x0800368c   0x00000036   Code   RO         1075    i.HAL_TIM_OC_Init   stm32f4xx_hal_tim.o
    0x080036c2   0x080036c2   0x00000002   Code   RO         1077    i.HAL_TIM_OC_MspInit  stm32f4xx_hal_tim.o
    0x080036c4   0x080036c4   0x00000030   Code   RO         1078    i.HAL_TIM_OC_Start  stm32f4xx_hal_tim.o
    0x080036f4   0x080036f4   0x000000d0   Code   RO         1094    i.HAL_TIM_PWM_ConfigChannel  stm32f4xx_hal_tim.o
    0x080037c4   0x080037c4   0x00000036   Code   RO         1097    i.HAL_TIM_PWM_Init  stm32f4xx_hal_tim.o
    0x080037fa   0x080037fa   0x00000002   PAD
    0x080037fc   0x080037fc   0x0000003c   Code   RO          669    i.HAL_TIM_PWM_MspInit  stm32f4xx_hal_msp.o
    0x08003838   0x08003838   0x00000002   Code   RO         1100    i.HAL_TIM_PWM_PulseFinishedCallback  stm32f4xx_hal_tim.o
    0x0800383a   0x0800383a   0x00000002   PAD
    0x0800383c   0x0800383c   0x00000030   Code   RO         1101    i.HAL_TIM_PWM_Start  stm32f4xx_hal_tim.o
    0x0800386c   0x0800386c   0x00000060   Code   RO         1103    i.HAL_TIM_PWM_Start_IT  stm32f4xx_hal_tim.o
    0x080038cc   0x080038cc   0x00000002   Code   RO         1107    i.HAL_TIM_PeriodElapsedCallback  stm32f4xx_hal_tim.o
    0x080038ce   0x080038ce   0x00000002   Code   RO         1111    i.HAL_TIM_TriggerCallback  stm32f4xx_hal_tim.o
    0x080038d0   0x080038d0   0x00000058   Code   RO         1915    i.HAL_UART_DMAStop  stm32f4xx_hal_uart.o
    0x08003928   0x08003928   0x00000002   Code   RO         1917    i.HAL_UART_ErrorCallback  stm32f4xx_hal_uart.o
    0x0800392a   0x0800392a   0x00000002   PAD
    0x0800392c   0x0800392c   0x00000110   Code   RO         1920    i.HAL_UART_IRQHandler  stm32f4xx_hal_uart.o
    0x08003a3c   0x08003a3c   0x00000062   Code   RO         1921    i.HAL_UART_Init     stm32f4xx_hal_uart.o
    0x08003a9e   0x08003a9e   0x00000002   PAD
    0x08003aa0   0x08003aa0   0x000001a0   Code   RO          671    i.HAL_UART_MspInit  stm32f4xx_hal_msp.o
    0x08003c40   0x08003c40   0x00000098   Code   RO         1925    i.HAL_UART_Receive_DMA  stm32f4xx_hal_uart.o
    0x08003cd8   0x08003cd8   0x00000002   Code   RO         1927    i.HAL_UART_RxCpltCallback  stm32f4xx_hal_uart.o
    0x08003cda   0x08003cda   0x00000002   Code   RO         1928    i.HAL_UART_RxHalfCpltCallback  stm32f4xx_hal_uart.o
    0x08003cdc   0x08003cdc   0x00000080   Code   RO         1930    i.HAL_UART_Transmit_DMA  stm32f4xx_hal_uart.o
    0x08003d5c   0x08003d5c   0x000000c0   Code   RO          513    i.HAL_UART_TxCpltCallback  stm32f4xx_it.o
    0x08003e1c   0x08003e1c   0x00000002   Code   RO         1933    i.HAL_UART_TxHalfCpltCallback  stm32f4xx_hal_uart.o
    0x08003e1e   0x08003e1e   0x00000002   Code   RO          514    i.HardFault_Handler  stm32f4xx_it.o
    0x08003e20   0x08003e20   0x00000108   Code   RO          320    i.MX_ADC1_Init      main.o
    0x08003f28   0x08003f28   0x0000007c   Code   RO          321    i.MX_DMA_Init       main.o
    0x08003fa4   0x08003fa4   0x000000b0   Code   RO          322    i.MX_GPIO_Init      main.o
    0x08004054   0x08004054   0x00000060   Code   RO          323    i.MX_TIM1_Init      main.o
    0x080040b4   0x080040b4   0x00000094   Code   RO          324    i.MX_TIM2_Init      main.o
    0x08004148   0x08004148   0x0000005c   Code   RO          325    i.MX_TIM3_Init      main.o
    0x080041a4   0x080041a4   0x0000005c   Code   RO          326    i.MX_TIM4_Init      main.o
    0x08004200   0x08004200   0x00000002   Code   RO          515    i.MemManage_Handler  stm32f4xx_it.o
    0x08004202   0x08004202   0x00000002   Code   RO          516    i.NMI_Handler       stm32f4xx_it.o
    0x08004204   0x08004204   0x00000020   Code   RO         3027    i.NVIC_SetPriority  stm32f4xx_hal_cortex.o
    0x08004224   0x08004224   0x0000007c   Code   RO          254    i.PID_ANGLE         control_function.o
    0x080042a0   0x080042a0   0x0000007c   Code   RO          255    i.PID_DISTANCE      control_function.o
    0x0800431c   0x0800431c   0x0000007c   Code   RO          256    i.PID_L             control_function.o
    0x08004398   0x08004398   0x0000007c   Code   RO          257    i.PID_R             control_function.o
    0x08004414   0x08004414   0x00000002   Code   RO          517    i.PendSV_Handler    stm32f4xx_it.o
    0x08004416   0x08004416   0x00000002   Code   RO          518    i.SVC_Handler       stm32f4xx_it.o
    0x08004418   0x08004418   0x000001b0   Code   RO           26    i.String_Analysis   communication_function.o
    0x080045c8   0x080045c8   0x00000004   Code   RO          519    i.SysTick_Handler   stm32f4xx_it.o
    0x080045cc   0x080045cc   0x00000088   Code   RO          327    i.SystemClock_Config  main.o
    0x08004654   0x08004654   0x00000054   Code   RO         3316    i.SystemInit        system_stm32f4xx.o
    0x080046a8   0x080046a8   0x00000020   Code   RO          520    i.TIM1_TRG_COM_TIM11_IRQHandler  stm32f4xx_it.o
    0x080046c8   0x080046c8   0x00000034   Code   RO          521    i.TIM1_UP_TIM10_IRQHandler  stm32f4xx_it.o
    0x080046fc   0x080046fc   0x0000000c   Code   RO          522    i.TIM4_IRQHandler   stm32f4xx_it.o
    0x08004708   0x08004708   0x00000090   Code   RO         1112    i.TIM_Base_SetConfig  stm32f4xx_hal_tim.o
    0x08004798   0x08004798   0x00000016   Code   RO         1113    i.TIM_CCxChannelCmd  stm32f4xx_hal_tim.o
    0x080047ae   0x080047ae   0x00000014   Code   RO         1119    i.TIM_ETR_SetConfig  stm32f4xx_hal_tim.o
    0x080047c2   0x080047c2   0x00000010   Code   RO         1120    i.TIM_ITRx_SetConfig  stm32f4xx_hal_tim.o
    0x080047d2   0x080047d2   0x00000002   PAD
    0x080047d4   0x080047d4   0x00000050   Code   RO         1121    i.TIM_OC1_SetConfig  stm32f4xx_hal_tim.o
    0x08004824   0x08004824   0x00000058   Code   RO         1122    i.TIM_OC2_SetConfig  stm32f4xx_hal_tim.o
    0x0800487c   0x0800487c   0x00000058   Code   RO         1123    i.TIM_OC3_SetConfig  stm32f4xx_hal_tim.o
    0x080048d4   0x080048d4   0x00000044   Code   RO         1124    i.TIM_OC4_SetConfig  stm32f4xx_hal_tim.o
    0x08004918   0x08004918   0x00000022   Code   RO         1126    i.TIM_TI1_ConfigInputStage  stm32f4xx_hal_tim.o
    0x0800493a   0x0800493a   0x00000024   Code   RO         1128    i.TIM_TI2_ConfigInputStage  stm32f4xx_hal_tim.o
    0x0800495e   0x0800495e   0x00000002   PAD
    0x08004960   0x08004960   0x000000ac   Code   RO           27    i.Transmit_UART     communication_function.o
    0x08004a0c   0x08004a0c   0x00000010   Code   RO         1934    i.UART_DMAAbortOnError  stm32f4xx_hal_uart.o
    0x08004a1c   0x08004a1c   0x0000004a   Code   RO         1935    i.UART_DMAError     stm32f4xx_hal_uart.o
    0x08004a66   0x08004a66   0x0000003c   Code   RO         1936    i.UART_DMAReceiveCplt  stm32f4xx_hal_uart.o
    0x08004aa2   0x08004aa2   0x0000000a   Code   RO         1938    i.UART_DMARxHalfCplt  stm32f4xx_hal_uart.o
    0x08004aac   0x08004aac   0x0000002e   Code   RO         1940    i.UART_DMATransmitCplt  stm32f4xx_hal_uart.o
    0x08004ada   0x08004ada   0x0000000a   Code   RO         1942    i.UART_DMATxHalfCplt  stm32f4xx_hal_uart.o
    0x08004ae4   0x08004ae4   0x0000001c   Code   RO         1944    i.UART_EndRxTransfer  stm32f4xx_hal_uart.o
    0x08004b00   0x08004b00   0x00000012   Code   RO         1945    i.UART_EndTxTransfer  stm32f4xx_hal_uart.o
    0x08004b12   0x08004b12   0x0000008c   Code   RO         1946    i.UART_Receive_IT   stm32f4xx_hal_uart.o
    0x08004b9e   0x08004b9e   0x00000002   PAD
    0x08004ba0   0x08004ba0   0x000002ac   Code   RO         1947    i.UART_SetConfig    stm32f4xx_hal_uart.o
    0x08004e4c   0x08004e4c   0x00000062   Code   RO         1948    i.UART_Transmit_IT  stm32f4xx_hal_uart.o
    0x08004eae   0x08004eae   0x00000002   PAD
    0x08004eb0   0x08004eb0   0x0000004c   Code   RO          523    i.USART2_IRQHandler  stm32f4xx_it.o
    0x08004efc   0x08004efc   0x0000004c   Code   RO          524    i.USART6_IRQHandler  stm32f4xx_it.o
    0x08004f48   0x08004f48   0x000001e8   Code   RO          258    i.Update_POS        control_function.o
    0x08005130   0x08005130   0x00000002   Code   RO          525    i.UsageFault_Handler  stm32f4xx_it.o
    0x08005132   0x08005132   0x00000002   PAD
    0x08005134   0x08005134   0x00000028   Code   RO         3650    i.__0sprintf        mc_w.l(printfa.o)
    0x0800515c   0x0800515c   0x00000030   Code   RO         3778    i.__ARM_fpclassify  m_wm.l(fpclassify.o)
    0x0800518c   0x0800518c   0x00000004   PAD
    0x08005190   0x08005190   0x000002d8   Code   RO         3686    i.__hardfp_atan     m_wm.l(atan.o)
    0x08005468   0x08005468   0x000001f0   Code   RO         3350    i.__hardfp_atan2    m_wm.l(atan2.o)
    0x08005658   0x08005658   0x000000c8   Code   RO         3362    i.__hardfp_cos      m_wm.l(cos.o)
    0x08005720   0x08005720   0x00000014   Code   RO         3374    i.__hardfp_fabs     m_wm.l(fabs.o)
    0x08005734   0x08005734   0x00000004   PAD
    0x08005738   0x08005738   0x000000c8   Code   RO         3380    i.__hardfp_sin      m_wm.l(sin.o)
    0x08005800   0x08005800   0x0000007a   Code   RO         3392    i.__hardfp_sqrt     m_wm.l(sqrt.o)
    0x0800587a   0x0800587a   0x00000006   PAD
    0x08005880   0x08005880   0x00000438   Code   RO         3718    i.__ieee754_rem_pio2  m_wm.l(rred.o)
    0x08005cb8   0x08005cb8   0x00000170   Code   RO         3700    i.__kernel_cos      m_wm.l(cos_i.o)
    0x08005e28   0x08005e28   0x000000f8   Code   RO         3780    i.__kernel_poly     m_wm.l(poly.o)
    0x08005f20   0x08005f20   0x00000130   Code   RO         3723    i.__kernel_sin      m_wm.l(sin_i.o)
    0x08006050   0x08006050   0x00000014   Code   RO         3704    i.__mathlib_dbl_infnan  m_wm.l(dunder.o)
    0x08006064   0x08006064   0x00000014   Code   RO         3705    i.__mathlib_dbl_infnan2  m_wm.l(dunder.o)
    0x08006078   0x08006078   0x00000020   Code   RO         3706    i.__mathlib_dbl_invalid  m_wm.l(dunder.o)
    0x08006098   0x08006098   0x00000020   Code   RO         3709    i.__mathlib_dbl_underflow  m_wm.l(dunder.o)
    0x080060b8   0x080060b8   0x0000000e   Code   RO         3792    i.__scatterload_copy  mc_w.l(handlers.o)
    0x080060c6   0x080060c6   0x00000002   Code   RO         3793    i.__scatterload_null  mc_w.l(handlers.o)
    0x080060c8   0x080060c8   0x0000000e   Code   RO         3794    i.__scatterload_zeroinit  mc_w.l(handlers.o)
    0x080060d6   0x080060d6   0x00000002   PAD
    0x080060d8   0x080060d8   0x0000000c   Code   RO         3756    i.__set_errno       mc_w.l(errno.o)
    0x080060e4   0x080060e4   0x00000184   Code   RO         3655    i._fp_digits        mc_w.l(printfa.o)
    0x08006268   0x08006268   0x000006dc   Code   RO         3656    i._printf_core      mc_w.l(printfa.o)
    0x08006944   0x08006944   0x00000024   Code   RO         3657    i._printf_post_padding  mc_w.l(printfa.o)
    0x08006968   0x08006968   0x0000002e   Code   RO         3658    i._printf_pre_padding  mc_w.l(printfa.o)
    0x08006996   0x08006996   0x0000000a   Code   RO         3660    i._sputc            mc_w.l(printfa.o)
    0x080069a0   0x080069a0   0x00000010   Code   RO         3688    i.atan              m_wm.l(atan.o)
    0x080069b0   0x080069b0   0x00000018   Code   RO         3376    i.fabs              m_wm.l(fabs.o)
    0x080069c8   0x080069c8   0x000001ac   Code   RO          330    i.main              main.o
    0x08006b74   0x08006b74   0x00000046   Code   RO           28    i.next_statement    communication_function.o
    0x08006bba   0x08006bba   0x0000002a   Code   RO           29    i.read_double       communication_function.o
    0x08006be4   0x08006be4   0x000000a4   Code   RO           30    i.strtod_M          communication_function.o
    0x08006c88   0x08006c88   0x00000008   Data   RO         2720    .constdata          stm32f4xx_hal_dma.o
    0x08006c90   0x08006c90   0x00000010   Data   RO         3317    .constdata          system_stm32f4xx.o
    0x08006ca0   0x08006ca0   0x00000008   Data   RO         3318    .constdata          system_stm32f4xx.o
    0x08006ca8   0x08006ca8   0x00000098   Data   RO         3689    .constdata          m_wm.l(atan.o)
    0x08006d40   0x08006d40   0x00000030   Data   RO         3701    .constdata          m_wm.l(cos_i.o)
    0x08006d70   0x08006d70   0x00000008   Data   RO         3717    .constdata          m_wm.l(qnan.o)
    0x08006d78   0x08006d78   0x000000c8   Data   RO         3720    .constdata          m_wm.l(rred.o)
    0x08006e40   0x08006e40   0x00000028   Data   RO         3724    .constdata          m_wm.l(sin_i.o)
    0x08006e68   0x08006e68   0x00000020   Data   RO         3790    Region$$Table       anon$$obj.o


    Execution Region RW_IRAM1 (Exec base: 0x20000000, Load base: 0x08006e88, Size: 0x00001320, Max: 0x00018000, ABSOLUTE, COMPRESSED[0x00000050])

    Exec Addr    Load Addr    Size         Type   Attr      Idx    E Section Name        Object

    0x20000000   COMPRESSED   0x00000040   Data   RW          260    .data               control_function.o
    0x20000040   COMPRESSED   0x00000001   Data   RW          338    .data               main.o
    0x20000041   COMPRESSED   0x00000002   Data   RW          339    .data               main.o
    0x20000043   COMPRESSED   0x00000001   Data   RW          340    .data               main.o
    0x20000044   COMPRESSED   0x00000001   Data   RW          341    .data               main.o
    0x20000045   COMPRESSED   0x00000001   Data   RW          342    .data               main.o
    0x20000046   COMPRESSED   0x00000001   Data   RW          343    .data               main.o
    0x20000047   COMPRESSED   0x00000001   Data   RW          344    .data               main.o
    0x20000048   COMPRESSED   0x00000002   Data   RW          346    .data               main.o
    0x2000004a   COMPRESSED   0x00000002   Data   RW          347    .data               main.o
    0x2000004c   COMPRESSED   0x00000002   Data   RW          348    .data               main.o
    0x2000004e   COMPRESSED   0x00000002   Data   RW          349    .data               main.o
    0x20000050   COMPRESSED   0x00000004   Data   RW          350    .data               main.o
    0x20000054   COMPRESSED   0x00000004   Data   RW          351    .data               main.o
    0x20000058   COMPRESSED   0x00000004   Data   RW          352    .data               main.o
    0x2000005c   COMPRESSED   0x00000004   Data   RW          353    .data               main.o
    0x20000060   COMPRESSED   0x00000004   Data   RW          354    .data               main.o
    0x20000064   COMPRESSED   0x00000004   Data   RW          355    .data               main.o
    0x20000068   COMPRESSED   0x00000004   Data   RW          356    .data               main.o
    0x2000006c   COMPRESSED   0x00000004   Data   RW          357    .data               main.o
    0x20000070   COMPRESSED   0x00000004   Data   RW          358    .data               main.o
    0x20000074   COMPRESSED   0x00000004   Data   RW          359    .data               main.o
    0x20000078   COMPRESSED   0x00000004   Data   RW          360    .data               main.o
    0x2000007c   COMPRESSED   0x00000004   Data   RW          361    .data               main.o
    0x20000080   COMPRESSED   0x00000004   Data   RW          362    .data               main.o
    0x20000084   COMPRESSED   0x00000004   Data   RW          363    .data               main.o
    0x20000088   COMPRESSED   0x00000004   Data   RW          364    .data               main.o
    0x2000008c   COMPRESSED   0x00000004   Data   RW          365    .data               main.o
    0x20000090   COMPRESSED   0x00000004   Data   RW          366    .data               main.o
    0x20000094   COMPRESSED   0x00000004   Data   RW          367    .data               main.o
    0x20000098   COMPRESSED   0x00000004   Data   RW          368    .data               main.o
    0x2000009c   COMPRESSED   0x00000004   Data   RW          369    .data               main.o
    0x200000a0   COMPRESSED   0x00000004   Data   RW          370    .data               main.o
    0x200000a4   COMPRESSED   0x00000004   Data   RW          371    .data               main.o
    0x200000a8   COMPRESSED   0x00000001   Data   RW          372    .data               main.o
    0x200000a9   COMPRESSED   0x00000001   Data   RW          373    .data               main.o
    0x200000aa   COMPRESSED   0x00000001   Data   RW          374    .data               main.o
    0x200000ab   COMPRESSED   0x00000001   Data   RW          375    .data               main.o
    0x200000ac   COMPRESSED   0x00000004   Data   RW          376    .data               main.o
    0x200000b0   COMPRESSED   0x00000004   Data   RW          377    .data               main.o
    0x200000b4   COMPRESSED   0x00000004   Data   RW          378    .data               main.o
    0x200000b8   COMPRESSED   0x00000004   Data   RW          379    .data               main.o
    0x200000bc   COMPRESSED   0x00000004   Data   RW          380    .data               main.o
    0x200000c0   COMPRESSED   0x00000004   Data   RW          381    .data               main.o
    0x200000c4   COMPRESSED   0x00000004   Data   RW          382    .data               main.o
    0x200000c8   COMPRESSED   0x00000002   Data   RW          384    .data               main.o
    0x200000ca   COMPRESSED   0x00000002   Data   RW          385    .data               main.o
    0x200000cc   COMPRESSED   0x00000002   Data   RW          386    .data               main.o
    0x200000ce   COMPRESSED   0x00000002   Data   RW          387    .data               main.o
    0x200000d0   COMPRESSED   0x00000002   Data   RW          388    .data               main.o
    0x200000d2   COMPRESSED   0x00000002   Data   RW          389    .data               main.o
    0x200000d4   COMPRESSED   0x00000002   Data   RW          390    .data               main.o
    0x200000d6   COMPRESSED   0x00000002   Data   RW          391    .data               main.o
    0x200000d8   COMPRESSED   0x00000002   Data   RW          392    .data               main.o
    0x200000da   COMPRESSED   0x00000002   Data   RW          393    .data               main.o
    0x200000dc   COMPRESSED   0x00000002   Data   RW          394    .data               main.o
    0x200000de   COMPRESSED   0x00000002   Data   RW          395    .data               main.o
    0x200000e0   COMPRESSED   0x00000004   Data   RW          396    .data               main.o
    0x200000e4   COMPRESSED   0x00000004   Data   RW          397    .data               main.o
    0x200000e8   COMPRESSED   0x00000004   Data   RW          398    .data               main.o
    0x200000ec   COMPRESSED   0x00000001   Data   RW          399    .data               main.o
    0x200000ed   COMPRESSED   0x00000001   Data   RW          400    .data               main.o
    0x200000ee   COMPRESSED   0x00000002   PAD
    0x200000f0   COMPRESSED   0x00000004   Data   RW          401    .data               main.o
    0x200000f4   COMPRESSED   0x00000004   Data   RW          402    .data               main.o
    0x200000f8   COMPRESSED   0x00000004   Data   RW          403    .data               main.o
    0x200000fc   COMPRESSED   0x00000004   Data   RW          404    .data               main.o
    0x20000100   COMPRESSED   0x00000004   Data   RW          405    .data               main.o
    0x20000104   COMPRESSED   0x00000004   Data   RW          406    .data               main.o
    0x20000108   COMPRESSED   0x00000004   Data   RW          407    .data               main.o
    0x2000010c   COMPRESSED   0x00000004   Data   RW          408    .data               main.o
    0x20000110   COMPRESSED   0x00000004   Data   RW          409    .data               main.o
    0x20000114   COMPRESSED   0x00000004   Data   RW          410    .data               main.o
    0x20000118   COMPRESSED   0x00000004   Data   RW          411    .data               main.o
    0x2000011c   COMPRESSED   0x00000004   Data   RW          412    .data               main.o
    0x20000120   COMPRESSED   0x00000004   Data   RW          413    .data               main.o
    0x20000124   COMPRESSED   0x00000004   Data   RW          414    .data               main.o
    0x20000128   COMPRESSED   0x00000004   Data   RW          415    .data               main.o
    0x2000012c   COMPRESSED   0x00000004   Data   RW          416    .data               main.o
    0x20000130   COMPRESSED   0x00000004   Data   RW          417    .data               main.o
    0x20000134   COMPRESSED   0x00000004   Data   RW          418    .data               main.o
    0x20000138   COMPRESSED   0x00000004   Data   RW          419    .data               main.o
    0x2000013c   COMPRESSED   0x00000004   Data   RW          420    .data               main.o
    0x20000140   COMPRESSED   0x00000001   Data   RW          421    .data               main.o
    0x20000141   COMPRESSED   0x00000001   Data   RW          422    .data               main.o
    0x20000142   COMPRESSED   0x00000002   PAD
    0x20000144   COMPRESSED   0x0000000c   Data   RW         3169    .data               stm32f4xx_hal.o
    0x20000150   COMPRESSED   0x00000004   Data   RW         3319    .data               system_stm32f4xx.o
    0x20000154   COMPRESSED   0x00000004   Data   RW         3757    .data               mc_w.l(errno.o)
    0x20000158        -       0x00000064   Zero   RW           31    .bss                communication_function.o
    0x200001bc        -       0x000000a0   Zero   RW          259    .bss                control_function.o
    0x2000025c        -       0x00000040   Zero   RW          331    .bss                main.o
    0x2000029c        -       0x00000760   Zero   RW          332    .bss                main.o
    0x200009fc        -       0x00000200   Zero   RW          333    .bss                main.o
    0x20000bfc        -       0x00000200   Zero   RW          334    .bss                main.o
    0x20000dfc        -       0x00000060   Zero   RW          335    .bss                main.o
    0x20000e5c        -       0x00000060   Zero   RW          336    .bss                main.o
    0x20000ebc        -       0x00000060   Zero   RW          337    .bss                main.o
    0x20000f1c   COMPRESSED   0x00000004   PAD
    0x20000f20        -       0x00000400   Zero   RW            1    STACK               startup_stm32f401xe.o


==============================================================================

Image component sizes


      Code (inc. data)   RO Data    RW Data    ZI Data      Debug   Object Name

      4184       1062          0          0        100     452386   communication_function.o
      2848        558          0         64        160       7568   control_function.o
      1558        102          0        256       3264      14798   main.o
        36          8        404          0       1024        940   startup_stm32f401xe.o
       144         24          0         12          0       4557   stm32f4xx_hal.o
      1418         56          0          0          0      10137   stm32f4xx_hal_adc.o
         2          0          0          0          0       1189   stm32f4xx_hal_adc_ex.o
       194         14          0          0          0      31015   stm32f4xx_hal_cortex.o
      1090         16          8          0          0       8282   stm32f4xx_hal_dma.o
       402         34          0          0          0       2712   stm32f4xx_hal_gpio.o
      1204        138          0          0          0       6684   stm32f4xx_hal_msp.o
      1260         76          0          0          0       5764   stm32f4xx_hal_rcc.o
      2082         66          0          0          0      24405   stm32f4xx_hal_tim.o
        84          0          0          0          0       2826   stm32f4xx_hal_tim_ex.o
      1930         42          0          0          0      16223   stm32f4xx_hal_uart.o
       532        128          0          0          0      13091   stm32f4xx_it.o
        84         18         24          4          0       1467   system_stm32f4xx.o

    ----------------------------------------------------------------------
     19082       2342        468        340       4552     604044   Object Totals
         0          0         32          0          0          0   (incl. Generated)
        30          0          0          4          4          0   (incl. Padding)

    ----------------------------------------------------------------------

      Code (inc. data)   RO Data    RW Data    ZI Data      Debug   Library Member Name

       744        106        152          0          0        352   atan.o
       496         64          0          0          0        192   atan2.o
       200         20          0          0          0        164   cos.o
       368         46         48          0          0        200   cos_i.o
       104         16          0          0          0        496   dunder.o
        44          0          0          0          0        248   fabs.o
        48          0          0          0          0        124   fpclassify.o
       248          0          0          0          0        152   poly.o
         0          0          8          0          0          0   qnan.o
      1080        142        200          0          0        188   rred.o
       200         20          0          0          0        164   sin.o
       304         24         40          0          0        208   sin_i.o
       122          0          0          0          0        148   sqrt.o
        86          0          0          0          0          0   __dczerorl2.o
         0          0          0          0          0          0   entry.o
         0          0          0          0          0          0   entry10a.o
         0          0          0          0          0          0   entry11a.o
         8          4          0          0          0          0   entry2.o
         4          0          0          0          0          0   entry5.o
         0          0          0          0          0          0   entry7b.o
         0          0          0          0          0          0   entry8b.o
         8          4          0          0          0          0   entry9a.o
        12          6          0          4          0         68   errno.o
        30          0          0          0          0          0   handlers.o
        36          8          0          0          0         68   init.o
         0          0          0          0          0          0   iusefp.o
        30          0          0          0          0         68   llshl.o
        36          0          0          0          0         68   llsshr.o
        32          0          0          0          0         68   llushr.o
        36          0          0          0          0        108   memseta.o
      2276         86          0          0          0        520   printfa.o
        18          0          0          0          0         68   strcpy.o
        14          0          0          0          0         68   strlen.o
        44          0          0          0          0         80   uidiv.o
        98          0          0          0          0         92   uldiv.o
        48          0          0          0          0         68   cdrcmple.o
        56          0          0          0          0         88   d2f.o
       334          0          0          0          0        148   dadd.o
       222          0          0          0          0        100   ddiv.o
       186          0          0          0          0        176   depilogue.o
        62          0          0          0          0         80   dfixi.o
        48          0          0          0          0         68   dfixul.o
        34          0          0          0          0         76   dflti.o
        26          0          0          0          0         76   dfltui.o
       228          0          0          0          0         96   dmul.o
       162          0          0          0          0        100   dsqrt.o
        38          0          0          0          0         68   f2d.o
       110          0          0          0          0        168   fepilogue.o

    ----------------------------------------------------------------------
      8298        546        448          4          0       5224   Library Totals
        18          0          0          0          0          0   (incl. Padding)

    ----------------------------------------------------------------------

      Code (inc. data)   RO Data    RW Data    ZI Data      Debug   Library Name

      3958        438        448          0          0       2636   m_wm.l
      2768        108          0          4          0       1276   mc_w.l
      1554          0          0          0          0       1312   mf_w.l

    ----------------------------------------------------------------------
      8298        546        448          4          0       5224   Library Totals

    ----------------------------------------------------------------------

==============================================================================


      Code (inc. data)   RO Data    RW Data    ZI Data      Debug   

     27380       2888        916        344       4552     592100   Grand Totals
     27380       2888        916         80       4552     592100   ELF Image Totals (compressed)
     27380       2888        916         80          0          0   ROM Totals

==============================================================================

    Total RO  Size (Code + RO Data)                28296 (  27.63kB)
    Total RW  Size (RW Data + ZI Data)              4896 (   4.78kB)
    Total ROM Size (Code + RO Data + RW Data)      28376 (  27.71kB)

==============================================================================

