Component: ARM Compiler 5.06 update 6 (build 750) Tool: armlink [4d35ed]

==============================================================================

Section Cross References

    startup_stm32f401xe.o(RESET) refers to startup_stm32f401xe.o(STACK) for __initial_sp
    startup_stm32f401xe.o(RESET) refers to startup_stm32f401xe.o(.text) for Reset_Handler
    startup_stm32f401xe.o(RESET) refers to stm32f4xx_it.o(i.NMI_Handler) for NMI_Handler
    startup_stm32f401xe.o(RESET) refers to stm32f4xx_it.o(i.HardFault_Handler) for HardFault_Handler
    startup_stm32f401xe.o(RESET) refers to stm32f4xx_it.o(i.MemManage_Handler) for MemManage_Handler
    startup_stm32f401xe.o(RESET) refers to stm32f4xx_it.o(i.BusFault_Handler) for BusFault_Handler
    startup_stm32f401xe.o(RESET) refers to stm32f4xx_it.o(i.UsageFault_Handler) for UsageFault_Handler
    startup_stm32f401xe.o(RESET) refers to stm32f4xx_it.o(i.SVC_Handler) for SVC_Handler
    startup_stm32f401xe.o(RESET) refers to stm32f4xx_it.o(i.DebugMon_Handler) for DebugMon_Handler
    startup_stm32f401xe.o(RESET) refers to stm32f4xx_it.o(i.PendSV_Handler) for PendSV_Handler
    startup_stm32f401xe.o(RESET) refers to stm32f4xx_it.o(i.SysTick_Handler) for SysTick_Handler
    startup_stm32f401xe.o(RESET) refers to stm32f4xx_it.o(i.DMA1_Stream5_IRQHandler) for DMA1_Stream5_IRQHandler
    startup_stm32f401xe.o(RESET) refers to stm32f4xx_it.o(i.DMA1_Stream6_IRQHandler) for DMA1_Stream6_IRQHandler
    startup_stm32f401xe.o(RESET) refers to stm32f4xx_it.o(i.ADC_IRQHandler) for ADC_IRQHandler
    startup_stm32f401xe.o(RESET) refers to stm32f4xx_it.o(i.TIM1_UP_TIM10_IRQHandler) for TIM1_UP_TIM10_IRQHandler
    startup_stm32f401xe.o(RESET) refers to stm32f4xx_it.o(i.TIM4_IRQHandler) for TIM4_IRQHandler
    startup_stm32f401xe.o(RESET) refers to stm32f4xx_it.o(i.USART2_IRQHandler) for USART2_IRQHandler
    startup_stm32f401xe.o(RESET) refers to stm32f4xx_it.o(i.DMA2_Stream0_IRQHandler) for DMA2_Stream0_IRQHandler
    startup_stm32f401xe.o(RESET) refers to stm32f4xx_it.o(i.DMA2_Stream1_IRQHandler) for DMA2_Stream1_IRQHandler
    startup_stm32f401xe.o(RESET) refers to stm32f4xx_it.o(i.DMA2_Stream6_IRQHandler) for DMA2_Stream6_IRQHandler
    startup_stm32f401xe.o(RESET) refers to stm32f4xx_it.o(i.USART6_IRQHandler) for USART6_IRQHandler
    startup_stm32f401xe.o(.text) refers to system_stm32f4xx.o(i.SystemInit) for SystemInit
    startup_stm32f401xe.o(.text) refers to entry.o(.ARM.Collect$$$$00000000) for __main
    main.o(i.MX_ADC1_Init) refers to stm32f4xx_hal_adc.o(i.HAL_ADC_Init) for HAL_ADC_Init
    main.o(i.MX_ADC1_Init) refers to stm32f4xx_hal_adc.o(i.HAL_ADC_ConfigChannel) for HAL_ADC_ConfigChannel
    main.o(i.MX_ADC1_Init) refers to main.o(.bss) for .bss
    main.o(i.MX_DMA_Init) refers to stm32f4xx_hal_cortex.o(i.HAL_NVIC_SetPriority) for HAL_NVIC_SetPriority
    main.o(i.MX_DMA_Init) refers to stm32f4xx_hal_cortex.o(i.HAL_NVIC_EnableIRQ) for HAL_NVIC_EnableIRQ
    main.o(i.MX_GPIO_Init) refers to memseta.o(.text) for __aeabi_memclr4
    main.o(i.MX_GPIO_Init) refers to stm32f4xx_hal_gpio.o(i.HAL_GPIO_WritePin) for HAL_GPIO_WritePin
    main.o(i.MX_GPIO_Init) refers to stm32f4xx_hal_gpio.o(i.HAL_GPIO_Init) for HAL_GPIO_Init
    main.o(i.MX_TIM1_Init) refers to memseta.o(.text) for __aeabi_memclr4
    main.o(i.MX_TIM1_Init) refers to stm32f4xx_hal_tim.o(i.HAL_TIM_Encoder_Init) for HAL_TIM_Encoder_Init
    main.o(i.MX_TIM1_Init) refers to stm32f4xx_hal_tim_ex.o(i.HAL_TIMEx_MasterConfigSynchronization) for HAL_TIMEx_MasterConfigSynchronization
    main.o(i.MX_TIM1_Init) refers to main.o(.bss) for .bss
    main.o(i.MX_TIM2_Init) refers to memseta.o(.text) for __aeabi_memclr4
    main.o(i.MX_TIM2_Init) refers to stm32f4xx_hal_tim.o(i.HAL_TIM_Base_Init) for HAL_TIM_Base_Init
    main.o(i.MX_TIM2_Init) refers to stm32f4xx_hal_tim.o(i.HAL_TIM_ConfigClockSource) for HAL_TIM_ConfigClockSource
    main.o(i.MX_TIM2_Init) refers to stm32f4xx_hal_tim.o(i.HAL_TIM_PWM_Init) for HAL_TIM_PWM_Init
    main.o(i.MX_TIM2_Init) refers to stm32f4xx_hal_tim.o(i.HAL_TIM_OC_Init) for HAL_TIM_OC_Init
    main.o(i.MX_TIM2_Init) refers to stm32f4xx_hal_tim_ex.o(i.HAL_TIMEx_MasterConfigSynchronization) for HAL_TIMEx_MasterConfigSynchronization
    main.o(i.MX_TIM2_Init) refers to stm32f4xx_hal_tim.o(i.HAL_TIM_PWM_ConfigChannel) for HAL_TIM_PWM_ConfigChannel
    main.o(i.MX_TIM2_Init) refers to stm32f4xx_hal_tim.o(i.HAL_TIM_OC_ConfigChannel) for HAL_TIM_OC_ConfigChannel
    main.o(i.MX_TIM2_Init) refers to stm32f4xx_hal_msp.o(i.HAL_TIM_MspPostInit) for HAL_TIM_MspPostInit
    main.o(i.MX_TIM2_Init) refers to main.o(.bss) for .bss
    main.o(i.MX_TIM3_Init) refers to memseta.o(.text) for __aeabi_memclr4
    main.o(i.MX_TIM3_Init) refers to stm32f4xx_hal_tim.o(i.HAL_TIM_Encoder_Init) for HAL_TIM_Encoder_Init
[...]
    i.HAL_NVIC_SetPriority                   0x080021d4   Section        0  stm32f4xx_hal_cortex.o(i.HAL_NVIC_SetPriority)
    i.HAL_NVIC_SetPriorityGrouping           0x08002214   Section        0  stm32f4xx_hal_cortex.o(i.HAL_NVIC_SetPriorityGrouping)
    i.HAL_RCC_ClockConfig                    0x08002238   Section        0  stm32f4xx_hal_rcc.o(i.HAL_RCC_ClockConfig)
    i.HAL_RCC_GetPCLK1Freq                   0x08002368   Section        0  stm32f4xx_hal_rcc.o(i.HAL_RCC_GetPCLK1Freq)
    i.HAL_RCC_GetPCLK2Freq                   0x08002388   Section        0  stm32f4xx_hal_rcc.o(i.HAL_RCC_GetPCLK2Freq)
    i.HAL_RCC_GetSysClockFreq                0x080023a8   Section        0  stm32f4xx_hal_rcc.o(i.HAL_RCC_GetSysClockFreq)
    i.HAL_RCC_OscConfig                      0x08002408   Section        0  stm32f4xx_hal_rcc.o(i.HAL_RCC_OscConfig)
    i.HAL_SYSTICK_Config                     0x08002724   Section        0  stm32f4xx_hal_cortex.o(i.HAL_SYSTICK_Config)
    i.HAL_TIMEx_BreakCallback                0x0800274c   Section        0  stm32f4xx_hal_tim_ex.o(i.HAL_TIMEx_BreakCallback)
    i.HAL_TIMEx_CommutationCallback          0x0800274e   Section        0  stm32f4xx_hal_tim_ex.o(i.HAL_TIMEx_CommutationCallback)
    i.HAL_TIMEx_MasterConfigSynchronization  0x08002750   Section        0  stm32f4xx_hal_tim_ex.o(i.HAL_TIMEx_MasterConfigSynchronization)
    i.HAL_TIM_Base_Init                      0x080027a0   Section        0  stm32f4xx_hal_tim.o(i.HAL_TIM_Base_Init)
    i.HAL_TIM_Base_MspInit                   0x080027d8   Section        0  stm32f4xx_hal_msp.o(i.HAL_TIM_Base_MspInit)
    i.HAL_TIM_Base_Start_IT                  0x08002848   Section        0  stm32f4xx_hal_tim.o(i.HAL_TIM_Base_Start_IT)
    i.HAL_TIM_ConfigClockSource              0x08002860   Section        0  stm32f4xx_hal_tim.o(i.HAL_TIM_ConfigClockSource)
    i.HAL_TIM_Encoder_Init                   0x08002952   Section        0  stm32f4xx_hal_tim.o(i.HAL_TIM_Encoder_Init)
    i.HAL_TIM_Encoder_MspInit                0x080029e8   Section        0  stm32f4xx_hal_msp.o(i.HAL_TIM_Encoder_MspInit)
    i.HAL_TIM_Encoder_Start                  0x08002aa8   Section        0  stm32f4xx_hal_tim.o(i.HAL_TIM_Encoder_Start)
    i.HAL_TIM_IC_CaptureCallback             0x08002adc   Section        0  stm32f4xx_hal_tim.o(i.HAL_TIM_IC_CaptureCallback)
    i.HAL_TIM_IRQHandler                     0x08002ade   Section        0  stm32f4xx_hal_tim.o(i.HAL_TIM_IRQHandler)
    i.HAL_TIM_MspPostInit                    0x08002c44   Section        0  stm32f4xx_hal_msp.o(i.HAL_TIM_MspPostInit)
    i.HAL_TIM_OC_ConfigChannel               0x08002c94   Section        0  stm32f4xx_hal_tim.o(i.HAL_TIM_OC_ConfigChannel)
    i.HAL_TIM_OC_DelayElapsedCallback        0x08002cea   Section        0  stm32f4xx_hal_tim.o(i.HAL_TIM_OC_DelayElapsedCallback)
    i.HAL_TIM_OC_Init                        0x08002cec   Section        0  stm32f4xx_hal_tim.o(i.HAL_TIM_OC_Init)
    i.HAL_TIM_OC_MspInit                     0x08002d22   Section        0  stm32f4xx_hal_tim.o(i.HAL_TIM_OC_MspInit)
    i.HAL_TIM_OC_Start                       0x08002d24   Section        0  stm32f4xx_hal_tim.o(i.HAL_TIM_OC_Start)
    i.HAL_TIM_PWM_ConfigChannel              0x08002d54   Section        0  stm32f4xx_hal_tim.o(i.HAL_TIM_PWM_ConfigChannel)
    i.HAL_TIM_PWM_Init                       0x08002e24   Section        0  stm32f4xx_hal_tim.o(i.HAL_TIM_PWM_Init)
    i.HAL_TIM_PWM_MspInit                    0x08002e5c   Section        0  stm32f4xx_hal_msp.o(i.HAL_TIM_PWM_MspInit)
    i.HAL_TIM_PWM_PulseFinishedCallback      0x08002e98   Section        0  stm32f4xx_hal_tim.o(i.HAL_TIM_PWM_PulseFinishedCallback)
    i.HAL_TIM_PWM_Start                      0x08002e9c   Section        0  stm32f4xx_hal_tim.o(i.HAL_TIM_PWM_Start)
    i.HAL_TIM_PWM_Start_IT                   0x08002ecc   Section        0  stm32f4xx_hal_tim.o(i.HAL_TIM_PWM_Start_IT)
    i.HAL_TIM_PeriodElapsedCallback          0x08002f2c   Section        0  stm32f4xx_hal_tim.o(i.HAL_TIM_PeriodElapsedCallback)
    i.HAL_TIM_TriggerCallback                0x08002f2e   Section        0  stm32f4xx_hal_tim.o(i.HAL_TIM_TriggerCallback)
    i.HAL_UART_DMAStop                       0x08002f30   Section        0  stm32f4xx_hal_uart.o(i.HAL_UART_DMAStop)
    i.HAL_UART_ErrorCallback                 0x08002f88   Section        0  stm32f4xx_hal_uart.o(i.HAL_UART_ErrorCallback)
    i.HAL_UART_IRQHandler                    0x08002f8c   Section        0  stm32f4xx_hal_uart.o(i.HAL_UART_IRQHandler)
    i.HAL_UART_Init                          0x0800309c   Section        0  stm32f4xx_hal_uart.o(i.HAL_UART_Init)
    i.HAL_UART_MspInit                       0x08003100   Section        0  stm32f4xx_hal_msp.o(i.HAL_UART_MspInit)
    i.HAL_UART_Receive_DMA                   0x080032a0   Section        0  stm32f4xx_hal_uart.o(i.HAL_UART_Receive_DMA)
    i.HAL_UART_RxCpltCallback                0x08003338   Section        0  stm32f4xx_hal_uart.o(i.HAL_UART_RxCpltCallback)
    i.HAL_UART_RxHalfCpltCallback            0x0800333a   Section        0  stm32f4xx_hal_uart.o(i.HAL_UART_RxHalfCpltCallback)
    i.HAL_UART_Transmit_DMA                  0x0800333c   Section        0  stm32f4xx_hal_uart.o(i.HAL_UART_Transmit_DMA)
    i.HAL_UART_TxCpltCallback                0x080033bc   Section        0  stm32f4xx_it.o(i.HAL_UART_TxCpltCallback)
    i.HAL_UART_TxHalfCpltCallback            0x0800347c   Section        0  stm32f4xx_hal_uart.o(i.HAL_UART_TxHalfCpltCallback)
    i.HardFault_Handler                      0x0800347e   Section        0  stm32f4xx_it.o(i.HardFault_Handler)
    i.MX_ADC1_Init                           0x08003480   Section        0  main.o(i.MX_ADC1_Init)
    MX_ADC1_Init                             0x08003481   Thumb Code    92  main.o(i.MX_ADC1_Init)
    i.MX_DMA_Init                            0x080034e4   Section        0  main.o(i.MX_DMA_Init)
    MX_DMA_Init                              0x080034e5   Thumb Code   120  main.o(i.MX_DMA_Init)
    i.MX_GPIO_Init                           0x08003560   Section        0  main.o(i.MX_GPIO_Init)
    MX_GPIO_Init                             0x08003561   Thumb Code   160  main.o(i.MX_GPIO_Init)
    i.MX_TIM1_Init                           0x08003610   Section        0  main.o(i.MX_TIM1_Init)
    MX_TIM1_Init                             0x08003611   Thumb Code    86  main.o(i.MX_TIM1_Init)
    i.MX_TIM2_Init                           0x08003670   Section        0  main.o(i.MX_TIM2_Init)
    MX_TIM2_Init                             0x08003671   Thumb Code   144  main.o(i.MX_TIM2_Init)
    i.MX_TIM3_Init                           0x08003704   Section        0  main.o(i.MX_TIM3_Init)
    MX_TIM3_Init                             0x08003705   Thumb Code    82  main.o(i.MX_TIM3_Init)
    i.MX_TIM4_Init                           0x08003760   Section        0  main.o(i.MX_TIM4_Init)
    MX_TIM4_Init                             0x08003761   Thumb Code    82  main.o(i.MX_TIM4_Init)
    i.MemManage_Handler                      0x080037bc   Section        0  stm32f4xx_it.o(i.MemManage_Handler)
    i.NMI_Handler                            0x080037be   Section        0  stm32f4xx_it.o(i.NMI_Handler)
    i.NVIC_SetPriority                       0x080037c0   Section        0  stm32f4xx_hal_cortex.o(i.NVIC_SetPriority)
    NVIC_SetPriority                         0x080037c1   Thumb Code    32  stm32f4xx_hal_cortex.o(i.NVIC_SetPriority)
    i.PendSV_Handler                         0x080037e0   Section        0  stm32f4xx_it.o(i.PendSV_Handler)
    i.SVC_Handler                            0x080037e2   Section        0  stm32f4xx_it.o(i.SVC_Handler)
    i.String_Analysis                        0x080037e4   Section        0  communication_function.o(i.String_Analysis)
    i.SysTick_Handler                        0x0800394c   Section        0  stm32f4xx_it.o(i.SysTick_Handler)
    i.SystemClock_Config                     0x08003950   Section        0  main.o(i.SystemClock_Config)
    i.SystemInit                             0x080039d8   Section        0  system_stm32f4xx.o(i.SystemInit)
    i.TIM1_UP_TIM10_IRQHandler               0x08003a2c   Section        0  stm32f4xx_it.o(i.TIM1_UP_TIM10_IRQHandler)
    i.TIM4_IRQHandler                        0x08003a60   Section        0  stm32f4xx_it.o(i.TIM4_IRQHandler)
    i.TIM_Base_SetConfig                     0x08003a6c   Section        0  stm32f4xx_hal_tim.o(i.TIM_Base_SetConfig)
    i.TIM_CCxChannelCmd                      0x08003afc   Section        0  stm32f4xx_hal_tim.o(i.TIM_CCxChannelCmd)
    i.TIM_ETR_SetConfig                      0x08003b12   Section        0  stm32f4xx_hal_tim.o(i.TIM_ETR_SetConfig)
    TIM_ETR_SetConfig                        0x08003b13   Thumb Code    20  stm32f4xx_hal_tim.o(i.TIM_ETR_SetConfig)
    i.TIM_ITRx_SetConfig                     0x08003b26   Section        0  stm32f4xx_hal_tim.o(i.TIM_ITRx_SetConfig)
    TIM_ITRx_SetConfig                       0x08003b27   Thumb Code    16  stm32f4xx_hal_tim.o(i.TIM_ITRx_SetConfig)
    i.TIM_OC1_SetConfig                      0x08003b38   Section        0  stm32f4xx_hal_tim.o(i.TIM_OC1_SetConfig)
    TIM_OC1_SetConfig                        0x08003b39   Thumb Code    74  stm32f4xx_hal_tim.o(i.TIM_OC1_SetConfig)
    i.TIM_OC2_SetConfig                      0x08003b88   Section        0  stm32f4xx_hal_tim.o(i.TIM_OC2_SetConfig)
    i.TIM_OC3_SetConfig                      0x08003be0   Section        0  stm32f4xx_hal_tim.o(i.TIM_OC3_SetConfig)
    TIM_OC3_SetConfig                        0x08003be1   Thumb Code    82  stm32f4xx_hal_tim.o(i.TIM_OC3_SetConfig)
    i.TIM_OC4_SetConfig                      0x08003c38   Section        0  stm32f4xx_hal_tim.o(i.TIM_OC4_SetConfig)
    TIM_OC4_SetConfig                        0x08003c39   Thumb Code    64  stm32f4xx_hal_tim.o(i.TIM_OC4_SetConfig)
    i.TIM_TI1_ConfigInputStage               0x08003c7c   Section        0  stm32f4xx_hal_tim.o(i.TIM_TI1_ConfigInputStage)
    TIM_TI1_ConfigInputStage                 0x08003c7d   Thumb Code    34  stm32f4xx_hal_tim.o(i.TIM_TI1_ConfigInputStage)
    i.TIM_TI2_ConfigInputStage               0x08003c9e   Section        0  stm32f4xx_hal_tim.o(i.TIM_TI2_ConfigInputStage)
    TIM_TI2_ConfigInputStage                 0x08003c9f   Thumb Code    36  stm32f4xx_hal_tim.o(i.TIM_TI2_ConfigInputStage)
    i.Transmit_UART                          0x08003cc4   Section        0  communication_function.o(i.Transmit_UART)
    i.UART_DMAAbortOnError                   0x08003d70   Section        0  stm32f4xx_hal_uart.o(i.UART_DMAAbortOnError)
    UART_DMAAbortOnError                     0x08003d71   Thumb Code    16  stm32f4xx_hal_uart.o(i.UART_DMAAbortOnError)
    i.UART_DMAError                          0x08003d80   Section        0  stm32f4xx_hal_uart.o(i.UART_DMAError)
    UART_DMAError                            0x08003d81   Thumb Code    74  stm32f4xx_hal_uart.o(i.UART_DMAError)
    i.UART_DMAReceiveCplt                    0x08003dca   Section        0  stm32f4xx_hal_uart.o(i.UART_DMAReceiveCplt)
    UART_DMAReceiveCplt                      0x08003dcb   Thumb Code    60  stm32f4xx_hal_uart.o(i.UART_DMAReceiveCplt)
    i.UART_DMARxHalfCplt                     0x08003e06   Section        0  stm32f4xx_hal_uart.o(i.UART_DMARxHalfCplt)
    UART_DMARxHalfCplt                       0x08003e07   Thumb Code    10  stm32f4xx_hal_uart.o(i.UART_DMARxHalfCplt)
    i.UART_DMATransmitCplt                   0x08003e10   Section        0  stm32f4xx_hal_uart.o(i.UART_DMATransmitCplt)
    UART_DMATransmitCplt                     0x08003e11   Thumb Code    46  stm32f4xx_hal_uart.o(i.UART_DMATransmitCplt)
    i.UART_DMATxHalfCplt                     0x08003e3e   Section        0  stm32f4xx_hal_uart.o(i.UART_DMATxHalfCplt)
    UART_DMATxHalfCplt                       0x08003e3f   Thumb Code    10  stm32f4xx_hal_uart.o(i.UART_DMATxHalfCplt)
    i.UART_EndRxTransfer                     0x08003e48   Section        0  stm32f4xx_hal_uart.o(i.UART_EndRxTransfer)
    UART_EndRxTransfer                       0x08003e49   Thumb Code    28  stm32f4xx_hal_uart.o(i.UART_EndRxTransfer)
    i.UART_EndTxTransfer                     0x08003e64   Section        0  stm32f4xx_hal_uart.o(i.UART_EndTxTransfer)
    UART_EndTxTransfer                       0x08003e65   Thumb Code    18  stm32f4xx_hal_uart.o(i.UART_EndTxTransfer)
    i.UART_Receive_IT                        0x08003e76   Section        0  stm32f4xx_hal_uart.o(i.UART_Receive_IT)
    UART_Receive_IT                          0x08003e77   Thumb Code   140  stm32f4xx_hal_uart.o(i.UART_Receive_IT)
    i.UART_SetConfig                         0x08003f04   Section        0  stm32f4xx_hal_uart.o(i.UART_SetConfig)
    UART_SetConfig                           0x08003f05   Thumb Code   676  stm32f4xx_hal_uart.o(i.UART_SetConfig)
    i.UART_Transmit_IT                       0x080041b0   Section        0  stm32f4xx_hal_uart.o(i.UART_Transmit_IT)
    UART_Transmit_IT                         0x080041b1   Thumb Code    98  stm32f4xx_hal_uart.o(i.UART_Transmit_IT)
    i.USART2_IRQHandler                      0x08004214   Section        0  stm32f4xx_it.o(i.USART2_IRQHandler)
    i.USART6_IRQHandler                      0x08004260   Section        0  stm32f4xx_it.o(i.USART6_IRQHandler)
    i.UsageFault_Handler                     0x080042ac   Section        0  stm32f4xx_it.o(i.UsageFault_Handler)
    i.__0sprintf                             0x080042b0   Section        0  printfa.o(i.__0sprintf)
    i.__scatterload_copy                     0x080042d8   Section       14  handlers.o(i.__scatterload_copy)
    i.__scatterload_null                     0x080042e6   Section        2  handlers.o(i.__scatterload_null)
    i.__scatterload_zeroinit                 0x080042e8   Section       14  handlers.o(i.__scatterload_zeroinit)
    i._fp_digits                             0x080042f8   Section        0  printfa.o(i._fp_digits)
    _fp_digits                               0x080042f9   Thumb Code   366  printfa.o(i._fp_digits)
    i._printf_core                           0x0800447c   Section        0  printfa.o(i._printf_core)
    _printf_core                             0x0800447d   Thumb Code  1744  printfa.o(i._printf_core)
    i._printf_post_padding                   0x08004b58   Section        0  printfa.o(i._printf_post_padding)
    _printf_post_padding                     0x08004b59   Thumb Code    36  printfa.o(i._printf_post_padding)
    i._printf_pre_padding                    0x08004b7c   Section        0  printfa.o(i._printf_pre_padding)
    _printf_pre_padding                      0x08004b7d   Thumb Code    46  printfa.o(i._printf_pre_padding)
    i._sputc                                 0x08004baa   Section        0  printfa.o(i._sputc)
    _sputc                                   0x08004bab   Thumb Code    10  printfa.o(i._sputc)
    i.main                                   0x08004bb4   Section        0  main.o(i.main)
    i.next_statement                         0x08004d8c   Section        0  communication_function.o(i.next_statement)
    i.read_double                            0x08004dd2   Section        0  communication_function.o(i.read_double)
    i.strtod_M                               0x08004dfc   Section        0  communication_function.o(i.strtod_M)
    .constdata                               0x08004ea0   Section        8  stm32f4xx_hal_dma.o(.constdata)
    flagBitshiftOffset                       0x08004ea0   Data           8  stm32f4xx_hal_dma.o(.constdata)
    .constdata                               0x08004ea8   Section       16  system_stm32f4xx.o(.constdata)
    .constdata                               0x08004eb8   Section        8  system_stm32f4xx.o(.constdata)
    .data                                    0x20000000   Section        1  main.o(.data)
    .data                                    0x20000004   Section       20  main.o(.data)
    .data                                    0x20000018   Section        1  main.o(.data)
    .data                                    0x20000019   Section        1  main.o(.data)
    .data                                    0x2000001a   Section        1  main.o(.data)
    .data                                    0x2000001b   Section        1  main.o(.data)
    .data                                    0x2000001c   Section        1  main.o(.data)
    .data                                    0x2000001e   Section        2  main.o(.data)
    .data                                    0x20000020   Section        2  main.o(.data)
    .data                                    0x20000022   Section        2  main.o(.data)
    .data                                    0x20000024   Section        2  main.o(.data)
    .data                                    0x20000028   Section        4  main.o(.data)
    .data                                    0x2000002c   Section        4  main.o(.data)
    .data                                    0x20000030   Section        4  main.o(.data)
    .data                                    0x20000034   Section        4  main.o(.data)
    .data                                    0x20000038   Section        4  main.o(.data)
    .data                                    0x2000003c   Section        4  main.o(.data)
    .data                                    0x20000040   Section        4  main.o(.data)
    .data                                    0x20000044   Section        4  main.o(.data)
    .data                                    0x20000048   Section        4  main.o(.data)
    .data                                    0x2000004c   Section        4  main.o(.data)
    .data                                    0x20000050   Section        4  main.o(.data)
    .data                                    0x20000054   Section        4  main.o(.data)
    .data                                    0x20000058   Section        1  main.o(.data)
    .data                                    0x20000059   Section        1  main.o(.data)
    .data                                    0x2000005a   Section        1  main.o(.data)
    .data                                    0x2000005b   Section        1  main.o(.data)
    .data                                    0x2000005c   Section        4  main.o(.data)
    .data                                    0x20000060   Section        4  main.o(.data)
    .data                                    0x20000064   Section        4  main.o(.data)
    .data                                    0x20000068   Section        4  main.o(.data)
    .data                                    0x2000006c   Section        4  main.o(.data)
    .data                                    0x20000070   Section        4  main.o(.data)
    .data                                    0x20000074   Section        2  main.o(.data)
    .data                                    0x20000076   Section        2  main.o(.data)
    .data                                    0x20000078   Section        2  main.o(.data)
    .data                                    0x2000007a   Section        2  main.o(.data)
    .data                                    0x2000007c   Section        2  main.o(.data)
    .data                                    0x2000007e   Section        2  main.o(.data)
    .data                                    0x20000080   Section        2  main.o(.data)
    .data                                    0x20000082   Section        2  main.o(.data)
    .data                                    0x20000084   Section        2  main.o(.data)
    .data                                    0x20000086   Section        2  main.o(.data)
    .data                                    0x20000088   Section        2  main.o(.data)
    .data                                    0x2000008a   Section        2  main.o(.data)
    .data                                    0x2000008c   Section        4  main.o(.data)
    .data                                    0x20000090   Section        4  main.o(.data)
    .data                                    0x20000094   Section        4  main.o(.data)
    .data                                    0x20000098   Section        4  main.o(.data)
    .data                                    0x2000009c   Section        4  main.o(.data)
    .data                                    0x200000a0   Section        4  main.o(.data)
    .data                                    0x200000a4   Section        4  main.o(.data)
    .data                                    0x200000a8   Section        4  main.o(.data)
    .data                                    0x200000ac   Section        4  main.o(.data)
    .data                                    0x200000b0   Section        4  main.o(.data)
    .data                                    0x200000b4   Section        4  main.o(.data)
    .data                                    0x200000b8   Section        4  main.o(.data)
    .data                                    0x200000bc   Section        4  main.o(.data)
    .data                                    0x200000c0   Section       28  control_function.o(.data)
    i                                        0x200000c0   Data           4  control_function.o(.data)
    Previous_Error                           0x200000c4   Data           4  control_function.o(.data)
    Local_Error                              0x200000c8   Data           4  control_function.o(.data)
    Previous_output                          0x200000cc   Data           4  control_function.o(.data)
    Previous_Error                           0x200000d0   Data           4  control_function.o(.data)
    Local_Error                              0x200000d4   Data           4  control_function.o(.data)
    Previous_output                          0x200000d8   Data           4  control_function.o(.data)
    .data                                    0x200000dc   Section       12  stm32f4xx_hal.o(.data)
    .data                                    0x200000e8   Section        4  system_stm32f4xx.o(.data)
    .bss                                     0x200000ec   Section       64  main.o(.bss)
    .bss                                     0x2000012c   Section     1776  main.o(.bss)
    .bss                                     0x2000081c   Section      512  main.o(.bss)
    .bss                                     0x20000a1c   Section      512  main.o(.bss)
    .bss                                     0x20000c1c   Section       96  main.o(.bss)
    .bss                                     0x20000c7c   Section       96  main.o(.bss)
    .bss                                     0x20000cdc   Section       96  main.o(.bss)
    .bss                                     0x20000d3c   Section       80  control_function.o(.bss)
    Speed_R                                  0x20000d3c   Data          40  control_function.o(.bss)
    Speed_L                                  0x20000d64   Data          40  control_function.o(.bss)
    STACK                                    0x20000d90   Section     1024  startup_stm32f401xe.o(STACK)

    Global Symbols

    Symbol Name                              Value     Ov Type        Size  Object(Section)

    BuildAttributes$$THM_ISAv4$E$P$D$K$B$S$7EM$VFPi3$EXTD16$VFPS$VFMA$PE$A:L22UL41UL21$X:L11$S22US41US21$IEEE1$IW$USESV6$~STKCKD$USESV7$~SHL$OSPACE$ROPI$EBA8$MICROLIB$REQ8$PRES8$EABIv2 0x00000000   Number         0  anon$$obj.o ABSOLUTE
    __ARM_use_no_argv                        0x00000000   Number         0  main.o ABSOLUTE
    _printf_a                                0x00000000   Number         0  stubs.o ABSOLUTE
    _printf_c                                0x00000000   Number         0  stubs.o ABSOLUTE
    _printf_charcount                        0x00000000   Number         0  stubs.o ABSOLUTE
    _printf_d                                0x00000000   Number         0  stubs.o ABSOLUTE
    _printf_e                                0x00000000   Number         0  stubs.o ABSOLUTE
    _printf_f                                0x00000000   Number         0  stubs.o ABSOLUTE
    _printf_flags                            0x00000000   Number         0  stubs.o ABSOLUTE
    _printf_fp_dec                           0x00000000   Number         0  stubs.o ABSOLUTE
    _printf_fp_hex                           0x00000000   Number         0  stubs.o ABSOLUTE
    _printf_g                                0x00000000   Number         0  stubs.o ABSOLUTE
    _printf_i                                0x00000000   Number         0  stubs.o ABSOLUTE
    _printf_int_dec                          0x00000000   Number         0  stubs.o ABSOLUTE
    _printf_l                                0x00000000   Number         0  stubs.o ABSOLUTE
    _printf_lc                               0x00000000   Number         0  stubs.o ABSOLUTE
    _printf_ll                               0x00000000   Number         0  stubs.o ABSOLUTE
    _printf_lld                              0x00000000   Number         0  stubs.o ABSOLUTE
    _printf_lli                              0x00000000   Number         0  stubs.o ABSOLUTE
    _printf_llo                              0x00000000   Number         0  stubs.o ABSOLUTE
    _printf_llu                              0x00000000   Number         0  stubs.o ABSOLUTE
    _printf_llx                              0x00000000   Number         0  stubs.o ABSOLUTE
    _printf_longlong_dec                     0x00000000   Number         0  stubs.o ABSOLUTE
    _printf_longlong_hex                     0x00000000   Number         0  stubs.o ABSOLUTE
    _printf_longlong_oct                     0x00000000   Number         0  stubs.o ABSOLUTE
    _printf_ls                               0x00000000   Number         0  stubs.o ABSOLUTE
    _printf_mbtowc                           0x00000000   Number         0  stubs.o ABSOLUTE
    _printf_n                                0x00000000   Number         0  stubs.o ABSOLUTE
    _printf_o                                0x00000000   Number         0  stubs.o ABSOLUTE
    _printf_p                                0x00000000   Number         0  stubs.o ABSOLUTE
    _printf_percent                          0x00000000   Number         0  stubs.o ABSOLUTE
    _printf_pre_padding                      0x00000000   Number         0  stubs.o ABSOLUTE
    _printf_return_value                     0x00000000   Number         0  stubs.o ABSOLUTE
    _printf_s                                0x00000000   Number         0  stubs.o ABSOLUTE
    _printf_sizespec                         0x00000000   Number         0  stubs.o ABSOLUTE
    _printf_str                              0x00000000   Number         0  stubs.o ABSOLUTE
    _printf_truncate_signed                  0x00000000   Number         0  stubs.o ABSOLUTE
    _printf_truncate_unsigned                0x00000000   Number         0  stubs.o ABSOLUTE
    _printf_u                                0x00000000   Number         0  stubs.o ABSOLUTE
    _printf_wc                               0x00000000   Number         0  stubs.o ABSOLUTE
    _printf_wctomb                           0x00000000   Number         0  stubs.o ABSOLUTE
    _printf_widthprec                        0x00000000   Number         0  stubs.o ABSOLUTE
    _printf_x                                0x00000000   Number         0  stubs.o ABSOLUTE
    __cpp_initialize__aeabi_                  - Undefined Weak Reference
    __cxa_finalize                            - Undefined Weak Reference
    __decompress                              - Undefined Weak Reference
    _clock_init                               - Undefined Weak Reference
    _microlib_exit                            - Undefined Weak Reference
    __Vectors_Size                           0x00000194   Number         0  startup_stm32f401xe.o ABSOLUTE
    __Vectors                                0x08000000   Data           4  startup_stm32f401xe.o(RESET)
    __Vectors_End                            0x08000194   Data           0  startup_stm32f401xe.o(RESET)
    __main                                   0x08000195   Thumb Code     0  entry.o(.ARM.Collect$$$$00000000)
    _main_stk                                0x08000195   Thumb Code     0  entry2.o(.ARM.Collect$$$$00000001)
    _main_scatterload                        0x08000199   Thumb Code     0  entry5.o(.ARM.Collect$$$$00000004)
    __main_after_scatterload                 0x0800019d   Thumb Code     0  entry5.o(.ARM.Collect$$$$00000004)
    _main_clock                              0x0800019d   Thumb Code     0  entry7b.o(.ARM.Collect$$$$00000008)
    _main_cpp_init                           0x0800019d   Thumb Code     0  entry8b.o(.ARM.Collect$$$$0000000A)
    _main_init                               0x0800019d   Thumb Code     0  entry9a.o(.ARM.Collect$$$$0000000B)
    __rt_final_cpp                           0x080001a5   Thumb Code     0  entry10a.o(.ARM.Collect$$$$0000000D)
    __rt_final_exit                          0x080001a5   Thumb Code     0  entry11a.o(.ARM.Collect$$$$0000000F)
    Reset_Handler                            0x080001a9   Thumb Code     8  startup_stm32f401xe.o(.text)
    DMA1_Stream0_IRQHandler                  0x080001c3   Thumb Code     0  startup_stm32f401xe.o(.text)
    DMA1_Stream1_IRQHandler                  0x080001c3   Thumb Code     0  startup_stm32f401xe.o(.text)
    DMA1_Stream2_IRQHandler                  0x080001c3   Thumb Code     0  startup_stm32f401xe.o(.text)
    DMA1_Stream3_IRQHandler                  0x080001c3   Thumb Code     0  startup_stm32f401xe.o(.text)
    DMA1_Stream4_IRQHandler                  0x080001c3   Thumb Code     0  startup_stm32f401xe.o(.text)
    DMA1_Stream7_IRQHandler                  0x080001c3   Thumb Code     0  startup_stm32f401xe.o(.text)
    DMA2_Stream2_IRQHandler                  0x080001c3   Thumb Code     0  startup_stm32f401xe.o(.text)
    DMA2_Stream3_IRQHandler                  0x080001c3   Thumb Code     0  startup_stm32f401xe.o(.text)
    DMA2_Stream4_IRQHandler                  0x080001c3   Thumb Code     0  startup_stm32f401xe.o(.text)
    DMA2_Stream5_IRQHandler                  0x080001c3   Thumb Code     0  startup_stm32f401xe.o(.text)
    DMA2_Stream7_IRQHandler                  0x080001c3   Thumb Code     0  startup_stm32f401xe.o(.text)
    EXTI0_IRQHandler                         0x080001c3   Thumb Code     0  startup_stm32f401xe.o(.text)
    EXTI15_10_IRQHandler                     0x080001c3   Thumb Code     0  startup_stm32f401xe.o(.text)
    EXTI1_IRQHandler                         0x080001c3   Thumb Code     0  startup_stm32f401xe.o(.text)
    EXTI2_IRQHandler                         0x080001c3   Thumb Code     0  startup_stm32f401xe.o(.text)
    EXTI3_IRQHandler                         0x080001c3   Thumb Code     0  startup_stm32f401xe.o(.text)
    EXTI4_IRQHandler                         0x080001c3   Thumb Code     0  startup_stm32f401xe.o(.text)
    EXTI9_5_IRQHandler                       0x080001c3   Thumb Code     0  startup_stm32f401xe.o(.text)
    FLASH_IRQHandler                         0x080001c3   Thumb Code     0  startup_stm32f401xe.o(.text)
    FPU_IRQHandler                           0x080001c3   Thumb Code     0  startup_stm32f401xe.o(.text)
    I2C1_ER_IRQHandler                       0x080001c3   Thumb Code     0  startup_stm32f401xe.o(.text)
    I2C1_EV_IRQHandler                       0x080001c3   Thumb Code     0  startup_stm32f401xe.o(.text)
    I2C2_ER_IRQHandler                       0x080001c3   Thumb Code     0  startup_stm32f401xe.o(.text)
    I2C2_EV_IRQHandler                       0x080001c3   Thumb Code     0  startup_stm32f401xe.o(.text)
    I2C3_ER_IRQHandler                       0x080001c3   Thumb Code     0  startup_stm32f401xe.o(.text)
    I2C3_EV_IRQHandler                       0x080001c3   Thumb Code     0  startup_stm32f401xe.o(.text)
    OTG_FS_IRQHandler                        0x080001c3   Thumb Code     0  startup_stm32f401xe.o(.text)
    OTG_FS_WKUP_IRQHandler                   0x080001c3   Thumb Code     0  startup_stm32f401xe.o(.text)
    PVD_IRQHandler                           0x080001c3   Thumb Code     0  startup_stm32f401xe.o(.text)
    RCC_IRQHandler                           0x080001c3   Thumb Code     0  startup_stm32f401xe.o(.text)
    RTC_Alarm_IRQHandler                     0x080001c3   Thumb Code     0  startup_stm32f401xe.o(.text)
    RTC_WKUP_IRQHandler                      0x080001c3   Thumb Code     0  startup_stm32f401xe.o(.text)
    SDIO_IRQHandler                          0x080001c3   Thumb Code     0  startup_stm32f401xe.o(.text)
    SPI1_IRQHandler                          0x080001c3   Thumb Code     0  startup_stm32f401xe.o(.text)
    SPI2_IRQHandler                          0x080001c3   Thumb Code     0  startup_stm32f401xe.o(.text)
    SPI3_IRQHandler                          0x080001c3   Thumb Code     0  startup_stm32f401xe.o(.text)
    SPI4_IRQHandler                          0x080001c3   Thumb Code     0  startup_stm32f401xe.o(.text)
    TAMP_STAMP_IRQHandler                    0x080001c3   Thumb Code     0  startup_stm32f401xe.o(.text)
    TIM1_BRK_TIM9_IRQHandler                 0x080001c3   Thumb Code     0  startup_stm32f401xe.o(.text)
    TIM1_CC_IRQHandler                       0x080001c3   Thumb Code     0  startup_stm32f401xe.o(.text)
    TIM1_TRG_COM_TIM11_IRQHandler            0x080001c3   Thumb Code     0  startup_stm32f401xe.o(.text)
    TIM2_IRQHandler                          0x080001c3   Thumb Code     0  startup_stm32f401xe.o(.text)
    TIM3_IRQHandler                          0x080001c3   Thumb Code     0  startup_stm32f401xe.o(.text)
    TIM5_IRQHandler                          0x080001c3   Thumb Code     0  startup_stm32f401xe.o(.text)
    USART1_IRQHandler                        0x080001c3   Thumb Code     0  startup_stm32f401xe.o(.text)
    WWDG_IRQHandler                          0x080001c3   Thumb Code     0  startup_stm32f401xe.o(.text)
    __aeabi_uldivmod                         0x080001cd   Thumb Code    98  uldiv.o(.text)
    __aeabi_memset                           0x0800022f   Thumb Code    14  memseta.o(.text)
    __aeabi_memset4                          0x0800022f   Thumb Code     0  memseta.o(.text)
    __aeabi_memset8                          0x0800022f   Thumb Code     0  memseta.o(.text)
    __aeabi_memclr                           0x0800023d   Thumb Code     4  memseta.o(.text)
    __aeabi_memclr4                          0x0800023d   Thumb Code     0  memseta.o(.text)
    __aeabi_memclr8                          0x0800023d   Thumb Code     0  memseta.o(.text)
    _memset$wrapper                          0x08000241   Thumb Code    18  memseta.o(.text)
    strlen                                   0x08000253   Thumb Code    14  strlen.o(.text)
    strcpy                                   0x08000261   Thumb Code    18  strcpy.o(.text)
    __aeabi_f2d                              0x08000273   Thumb Code    38  f2d.o(.text)
    __aeabi_uidiv                            0x08000299   Thumb Code     0  uidiv.o(.text)
    __aeabi_uidivmod                         0x08000299   Thumb Code    44  uidiv.o(.text)
    __aeabi_llsl                             0x080002c5   Thumb Code    30  llshl.o(.text)
    _ll_shift_l                              0x080002c5   Thumb Code     0  llshl.o(.text)
    __aeabi_llsr                             0x080002e3   Thumb Code    32  llushr.o(.text)
    _ll_ushift_r                             0x080002e3   Thumb Code     0  llushr.o(.text)
    __I$use$fp                               0x08000303   Thumb Code     0  iusefp.o(.text)
    __aeabi_dadd                             0x08000303   Thumb Code   322  dadd.o(.text)
    __aeabi_dsub                             0x08000445   Thumb Code     6  dadd.o(.text)
    __aeabi_drsub                            0x0800044b   Thumb Code     6  dadd.o(.text)
    __aeabi_dmul                             0x08000451   Thumb Code   228  dmul.o(.text)
    __aeabi_ddiv                             0x08000535   Thumb Code   222  ddiv.o(.text)
    __aeabi_d2ulz                            0x08000613   Thumb Code    48  dfixul.o(.text)
    __aeabi_cdrcmple                         0x08000645   Thumb Code    48  cdrcmple.o(.text)
    __scatterload                            0x08000675   Thumb Code    28  init.o(.text)
    __scatterload_rt2                        0x08000675   Thumb Code     0  init.o(.text)
    __aeabi_lasr                             0x08000699   Thumb Code    36  llsshr.o(.text)
    _ll_sshift_r                             0x08000699   Thumb Code     0  llsshr.o(.text)
    _double_round                            0x080006bd   Thumb Code    30  depilogue.o(.text)
    _double_epilogue                         0x080006db   Thumb Code   156  depilogue.o(.text)
    ADC_IRQHandler                           0x080007f9   Thumb Code     6  stm32f4xx_it.o(i.ADC_IRQHandler)
    Analyse_RX_Buffer                        0x08000929   Thumb Code    64  communication_function.o(i.Analyse_RX_Buffer)
    BusFault_Handler                         0x08000985   Thumb Code     2  stm32f4xx_it.o(i.BusFault_Handler)
    COMMAND_G0                               0x08000989   Thumb Code   202  communication_function.o(i.COMMAND_G0)
    COMMAND_G1                               0x08000a99   Thumb Code   106  communication_function.o(i.COMMAND_G1)
    COMMAND_G92                              0x08000b29   Thumb Code   186  communication_function.o(i.COMMAND_G92)
    COMMAND_M112                             0x08000c21   Thumb Code    36  communication_function.o(i.COMMAND_M112)
    COMMAND_M135                             0x08000c61   Thumb Code    52  communication_function.o(i.COMMAND_M135)
    COMMAND_M201                             0x08000cb5   Thumb Code   362  communication_function.o(i.COMMAND_M201)
    COMMAND_M202                             0x08000ebd   Thumb Code    86  communication_function.o(i.COMMAND_M202)
    COMMAND_M3                               0x08000f39   Thumb Code    28  communication_function.o(i.COMMAND_M3)
    COMMAND_M301                             0x08000f71   Thumb Code   384  communication_function.o(i.COMMAND_M301)
    COMMAND_M92                              0x0800119d   Thumb Code   130  communication_function.o(i.COMMAND_M92)
    COMMAND_O1                               0x08001265   Thumb Code   120  communication_function.o(i.COMMAND_O1)
    Control                                  0x08001329   Thumb Code   546  control_function.o(i.Control)
    DMA1_Stream5_IRQHandler                  0x08001605   Thumb Code     6  stm32f4xx_it.o(i.DMA1_Stream5_IRQHandler)
    DMA1_Stream6_IRQHandler                  0x08001611   Thumb Code     6  stm32f4xx_it.o(i.DMA1_Stream6_IRQHandler)
    DMA2_Stream0_IRQHandler                  0x0800161d   Thumb Code     6  stm32f4xx_it.o(i.DMA2_Stream0_IRQHandler)
    DMA2_Stream1_IRQHandler                  0x08001629   Thumb Code     6  stm32f4xx_it.o(i.DMA2_Stream1_IRQHandler)
    DMA2_Stream6_IRQHandler                  0x08001635   Thumb Code     6  stm32f4xx_it.o(i.DMA2_Stream6_IRQHandler)
    DebugMon_Handler                         0x080016e5   Thumb Code     2  stm32f4xx_it.o(i.DebugMon_Handler)
    Error_Handler                            0x080016e7   Thumb Code     2  main.o(i.Error_Handler)
    HAL_ADCEx_InjectedConvCpltCallback       0x080016e9   Thumb Code     2  stm32f4xx_hal_adc_ex.o(i.HAL_ADCEx_InjectedConvCpltCallback)
    HAL_ADC_ConfigChannel                    0x080016ed   Thumb Code   316  stm32f4xx_hal_adc.o(i.HAL_ADC_ConfigChannel)
    HAL_ADC_ConvCpltCallback                 0x08001839   Thumb Code     2  stm32f4xx_hal_adc.o(i.HAL_ADC_ConvCpltCallback)
    HAL_ADC_ConvHalfCpltCallback             0x0800183b   Thumb Code     2  stm32f4xx_hal_adc.o(i.HAL_ADC_ConvHalfCpltCallback)
    HAL_ADC_ErrorCallback                    0x0800183d   Thumb Code     2  stm32f4xx_hal_adc.o(i.HAL_ADC_ErrorCallback)
    HAL_ADC_IRQHandler                       0x0800183f   Thumb Code   316  stm32f4xx_hal_adc.o(i.HAL_ADC_IRQHandler)
    HAL_ADC_Init                             0x0800197b   Thumb Code    84  stm32f4xx_hal_adc.o(i.HAL_ADC_Init)
    HAL_ADC_LevelOutOfWindowCallback         0x080019cf   Thumb Code     2  stm32f4xx_hal_adc.o(i.HAL_ADC_LevelOutOfWindowCallback)
    HAL_ADC_MspInit                          0x080019d1   Thumb Code   206  stm32f4xx_hal_msp.o(i.HAL_ADC_MspInit)
    HAL_ADC_Start_DMA                        0x08001abd   Thumb Code   228  stm32f4xx_hal_adc.o(i.HAL_ADC_Start_DMA)
    HAL_DMA_Abort                            0x08001bbd   Thumb Code   142  stm32f4xx_hal_dma.o(i.HAL_DMA_Abort)
    HAL_DMA_Abort_IT                         0x08001c4b   Thumb Code    36  stm32f4xx_hal_dma.o(i.HAL_DMA_Abort_IT)
    HAL_DMA_IRQHandler                       0x08001c71   Thumb Code   412  stm32f4xx_hal_dma.o(i.HAL_DMA_IRQHandler)
    HAL_DMA_Init                             0x08001e11   Thumb Code   206  stm32f4xx_hal_dma.o(i.HAL_DMA_Init)
    HAL_DMA_Start_IT                         0x08001ee5   Thumb Code   120  stm32f4xx_hal_dma.o(i.HAL_DMA_Start_IT)
    HAL_GPIO_Init                            0x08001f5d   Thumb Code   358  stm32f4xx_hal_gpio.o(i.HAL_GPIO_Init)
    HAL_GPIO_ReadPin                         0x080020e5   Thumb Code    10  stm32f4xx_hal_gpio.o(i.HAL_GPIO_ReadPin)
    HAL_GPIO_WritePin                        0x080020ef   Thumb Code    10  stm32f4xx_hal_gpio.o(i.HAL_GPIO_WritePin)
    HAL_GetTick                              0x080020f9   Thumb Code     6  stm32f4xx_hal.o(i.HAL_GetTick)
    HAL_IncTick                              0x08002105   Thumb Code    12  stm32f4xx_hal.o(i.HAL_IncTick)
    HAL_Init                                 0x08002115   Thumb Code    48  stm32f4xx_hal.o(i.HAL_Init)
    HAL_InitTick                             0x08002149   Thumb Code    54  stm32f4xx_hal.o(i.HAL_InitTick)
    HAL_MspInit                              0x08002189   Thumb Code    48  stm32f4xx_hal_msp.o(i.HAL_MspInit)
    HAL_NVIC_EnableIRQ                       0x080021bd   Thumb Code    22  stm32f4xx_hal_cortex.o(i.HAL_NVIC_EnableIRQ)
    HAL_NVIC_SetPriority                     0x080021d5   Thumb Code    60  stm32f4xx_hal_cortex.o(i.HAL_NVIC_SetPriority)
    HAL_NVIC_SetPriorityGrouping             0x08002215   Thumb Code    26  stm32f4xx_hal_cortex.o(i.HAL_NVIC_SetPriorityGrouping)
    HAL_RCC_ClockConfig                      0x08002239   Thumb Code   286  stm32f4xx_hal_rcc.o(i.HAL_RCC_ClockConfig)
    HAL_RCC_GetPCLK1Freq                     0x08002369   Thumb Code    20  stm32f4xx_hal_rcc.o(i.HAL_RCC_GetPCLK1Freq)
    HAL_RCC_GetPCLK2Freq                     0x08002389   Thumb Code    20  stm32f4xx_hal_rcc.o(i.HAL_RCC_GetPCLK2Freq)
    HAL_RCC_GetSysClockFreq                  0x080023a9   Thumb Code    88  stm32f4xx_hal_rcc.o(i.HAL_RCC_GetSysClockFreq)
    HAL_RCC_OscConfig                        0x08002409   Thumb Code   770  stm32f4xx_hal_rcc.o(i.HAL_RCC_OscConfig)
    HAL_SYSTICK_Config                       0x08002725   Thumb Code    40  stm32f4xx_hal_cortex.o(i.HAL_SYSTICK_Config)
    HAL_TIMEx_BreakCallback                  0x0800274d   Thumb Code     2  stm32f4xx_hal_tim_ex.o(i.HAL_TIMEx_BreakCallback)
    HAL_TIMEx_CommutationCallback            0x0800274f   Thumb Code     2  stm32f4xx_hal_tim_ex.o(i.HAL_TIMEx_CommutationCallback)
    HAL_TIMEx_MasterConfigSynchronization    0x08002751   Thumb Code    80  stm32f4xx_hal_tim_ex.o(i.HAL_TIMEx_MasterConfigSynchronization)
    HAL_TIM_Base_Init                        0x080027a1   Thumb Code    54  stm32f4xx_hal_tim.o(i.HAL_TIM_Base_Init)
    HAL_TIM_Base_MspInit                     0x080027d9   Thumb Code    98  stm32f4xx_hal_msp.o(i.HAL_TIM_Base_MspInit)
    HAL_TIM_Base_Start_IT                    0x08002849   Thumb Code    24  stm32f4xx_hal_tim.o(i.HAL_TIM_Base_Start_IT)
    HAL_TIM_ConfigClockSource                0x08002861   Thumb Code   242  stm32f4xx_hal_tim.o(i.HAL_TIM_ConfigClockSource)
    HAL_TIM_Encoder_Init                     0x08002953   Thumb Code   150  stm32f4xx_hal_tim.o(i.HAL_TIM_Encoder_Init)
    HAL_TIM_Encoder_MspInit                  0x080029e9   Thumb Code   172  stm32f4xx_hal_msp.o(i.HAL_TIM_Encoder_MspInit)
    HAL_TIM_Encoder_Start                    0x08002aa9   Thumb Code    52  stm32f4xx_hal_tim.o(i.HAL_TIM_Encoder_Start)
    HAL_TIM_IC_CaptureCallback               0x08002add   Thumb Code     2  stm32f4xx_hal_tim.o(i.HAL_TIM_IC_CaptureCallback)
    HAL_TIM_IRQHandler                       0x08002adf   Thumb Code   358  stm32f4xx_hal_tim.o(i.HAL_TIM_IRQHandler)
    HAL_TIM_MspPostInit                      0x08002c45   Thumb Code    72  stm32f4xx_hal_msp.o(i.HAL_TIM_MspPostInit)
    HAL_TIM_OC_ConfigChannel                 0x08002c95   Thumb Code    86  stm32f4xx_hal_tim.o(i.HAL_TIM_OC_ConfigChannel)
    HAL_TIM_OC_DelayElapsedCallback          0x08002ceb   Thumb Code     2  stm32f4xx_hal_tim.o(i.HAL_TIM_OC_DelayElapsedCallback)
    HAL_TIM_OC_Init                          0x08002ced   Thumb Code    54  stm32f4xx_hal_tim.o(i.HAL_TIM_OC_Init)
    HAL_TIM_OC_MspInit                       0x08002d23   Thumb Code     2  stm32f4xx_hal_tim.o(i.HAL_TIM_OC_MspInit)
    HAL_TIM_OC_Start                         0x08002d25   Thumb Code    42  stm32f4xx_hal_tim.o(i.HAL_TIM_OC_Start)
    HAL_TIM_PWM_ConfigChannel                0x08002d55   Thumb Code   208  stm32f4xx_hal_tim.o(i.HAL_TIM_PWM_ConfigChannel)
    HAL_TIM_PWM_Init                         0x08002e25   Thumb Code    54  stm32f4xx_hal_tim.o(i.HAL_TIM_PWM_Init)
    HAL_TIM_PWM_MspInit                      0x08002e5d   Thumb Code    50  stm32f4xx_hal_msp.o(i.HAL_TIM_PWM_MspInit)
    HAL_TIM_PWM_PulseFinishedCallback        0x08002e99   Thumb Code     2  stm32f4xx_hal_tim.o(i.HAL_TIM_PWM_PulseFinishedCallback)
    HAL_TIM_PWM_Start                        0x08002e9d   Thumb Code    42  stm32f4xx_hal_tim.o(i.HAL_TIM_PWM_Start)
    HAL_TIM_PWM_Start_IT                     0x08002ecd   Thumb Code    92  stm32f4xx_hal_tim.o(i.HAL_TIM_PWM_Start_IT)
    HAL_TIM_PeriodElapsedCallback            0x08002f2d   Thumb Code     2  stm32f4xx_hal_tim.o(i.HAL_TIM_PeriodElapsedCallback)
    HAL_TIM_TriggerCallback                  0x08002f2f   Thumb Code     2  stm32f4xx_hal_tim.o(i.HAL_TIM_TriggerCallback)
    HAL_UART_DMAStop                         0x08002f31   Thumb Code    88  stm32f4xx_hal_uart.o(i.HAL_UART_DMAStop)
    HAL_UART_ErrorCallback                   0x08002f89   Thumb Code     2  stm32f4xx_hal_uart.o(i.HAL_UART_ErrorCallback)
    HAL_UART_IRQHandler                      0x08002f8d   Thumb Code   266  stm32f4xx_hal_uart.o(i.HAL_UART_IRQHandler)
    HAL_UART_Init                            0x0800309d   Thumb Code    98  stm32f4xx_hal_uart.o(i.HAL_UART_Init)
    HAL_UART_MspInit                         0x08003101   Thumb Code   370  stm32f4xx_hal_msp.o(i.HAL_UART_MspInit)
    HAL_UART_Receive_DMA                     0x080032a1   Thumb Code   138  stm32f4xx_hal_uart.o(i.HAL_UART_Receive_DMA)
    HAL_UART_RxCpltCallback                  0x08003339   Thumb Code     2  stm32f4xx_hal_uart.o(i.HAL_UART_RxCpltCallback)
    HAL_UART_RxHalfCpltCallback              0x0800333b   Thumb Code     2  stm32f4xx_hal_uart.o(i.HAL_UART_RxHalfCpltCallback)
    HAL_UART_Transmit_DMA                    0x0800333d   Thumb Code   114  stm32f4xx_hal_uart.o(i.HAL_UART_Transmit_DMA)
    HAL_UART_TxCpltCallback                  0x080033bd   Thumb Code   152  stm32f4xx_it.o(i.HAL_UART_TxCpltCallback)
    HAL_UART_TxHalfCpltCallback              0x0800347d   Thumb Code     2  stm32f4xx_hal_uart.o(i.HAL_UART_TxHalfCpltCallback)
    HardFault_Handler                        0x0800347f   Thumb Code     2  stm32f4xx_it.o(i.HardFault_Handler)
    MemManage_Handler                        0x080037bd   Thumb Code     2  stm32f4xx_it.o(i.MemManage_Handler)
    NMI_Handler                              0x080037bf   Thumb Code     2  stm32f4xx_it.o(i.NMI_Handler)
    PendSV_Handler                           0x080037e1   Thumb Code     2  stm32f4xx_it.o(i.PendSV_Handler)
    SVC_Handler                              0x080037e3   Thumb Code     2  stm32f4xx_it.o(i.SVC_Handler)
    String_Analysis                          0x080037e5   Thumb Code   336  communication_function.o(i.String_Analysis)
    SysTick_Handler                          0x0800394d   Thumb Code     4  stm32f4xx_it.o(i.SysTick_Handler)
    SystemClock_Config                       0x08003951   Thumb Code   126  main.o(i.SystemClock_Config)
    SystemInit                               0x080039d9   Thumb Code    66  system_stm32f4xx.o(i.SystemInit)
    TIM1_UP_TIM10_IRQHandler                 0x08003a2d   Thumb Code    42  stm32f4xx_it.o(i.TIM1_UP_TIM10_IRQHandler)
    TIM4_IRQHandler                          0x08003a61   Thumb Code     6  stm32f4xx_it.o(i.TIM4_IRQHandler)
    TIM_Base_SetConfig                       0x08003a6d   Thumb Code   114  stm32f4xx_hal_tim.o(i.TIM_Base_SetConfig)
    TIM_CCxChannelCmd                        0x08003afd   Thumb Code    22  stm32f4xx_hal_tim.o(i.TIM_CCxChannelCmd)
    TIM_OC2_SetConfig                        0x08003b89   Thumb Code    84  stm32f4xx_hal_tim.o(i.TIM_OC2_SetConfig)
    Transmit_UART                            0x08003cc5   Thumb Code   138  communication_function.o(i.Transmit_UART)
    USART2_IRQHandler                        0x08004215   Thumb Code    62  stm32f4xx_it.o(i.USART2_IRQHandler)
    USART6_IRQHandler                        0x08004261   Thumb Code    64  stm32f4xx_it.o(i.USART6_IRQHandler)
    UsageFault_Handler                       0x080042ad   Thumb Code     2  stm32f4xx_it.o(i.UsageFault_Handler)
    __0sprintf                               0x080042b1   Thumb Code    34  printfa.o(i.__0sprintf)
    __1sprintf                               0x080042b1   Thumb Code     0  printfa.o(i.__0sprintf)
    __2sprintf                               0x080042b1   Thumb Code     0  printfa.o(i.__0sprintf)
    __c89sprintf                             0x080042b1   Thumb Code     0  printfa.o(i.__0sprintf)
    sprintf                                  0x080042b1   Thumb Code     0  printfa.o(i.__0sprintf)
    __scatterload_copy                       0x080042d9   Thumb Code    14  handlers.o(i.__scatterload_copy)
    __scatterload_null                       0x080042e7   Thumb Code     2  handlers.o(i.__scatterload_null)
    __scatterload_zeroinit                   0x080042e9   Thumb Code    14  handlers.o(i.__scatterload_zeroinit)
    main                                     0x08004bb5   Thumb Code   426  main.o(i.main)
    next_statement                           0x08004d8d   Thumb Code    70  communication_function.o(i.next_statement)
    read_double                              0x08004dd3   Thumb Code    42  communication_function.o(i.read_double)
    strtod_M                                 0x08004dfd   Thumb Code   158  communication_function.o(i.strtod_M)
    AHBPrescTable                            0x08004ea8   Data          16  system_stm32f4xx.o(.constdata)
    APBPrescTable                            0x08004eb8   Data           8  system_stm32f4xx.o(.constdata)
    Region$$Table$$Base                      0x08004ec0   Number         0  anon$$obj.o(Region$$Table)
    Region$$Table$$Limit                     0x08004ee0   Number         0  anon$$obj.o(Region$$Table)
    Indice_Start_RX                          0x20000000   Data           1  main.o(.data)
    Indice_Stop_RX                           0x20000004   Data           1  main.o(.data)
    Indice_Stop_RX_UART2                     0x20000005   Data           1  main.o(.data)
    R_SPEED_TARGET                           0x20000008   Data           4  main.o(.data)
    L_SPEED_TARGET                           0x2000000c   Data           4  main.o(.data)
    Result_ADC                               0x20000010   Data           8  main.o(.data)
    Indice_Start_TX                          0x20000018   Data           1  main.o(.data)
    Indice_Stop_TX                           0x20000019   Data           1  main.o(.data)
    Indice_Start_RX_UART2                    0x2000001a   Data           1  main.o(.data)
    Indice_Start_TX_UART2                    0x2000001b   Data           1  main.o(.data)
    Indice_Stop_TX_UART2                     0x2000001c   Data           1  main.o(.data)
    Encoder_Right_Past                       0x2000001e   Data           2  main.o(.data)
    Encoder_Right                            0x20000020   Data           2  main.o(.data)
    Encoder_Left_Past                        0x20000022   Data           2  main.o(.data)
    Encoder_Left                             0x20000024   Data           2  main.o(.data)
    ANGLE_POS_RAD                            0x20000028   Data           4  main.o(.data)
    X_POS_MM                                 0x2000002c   Data           4  main.o(.data)
    Y_POS_MM                                 0x20000030   Data           4  main.o(.data)
    ANGLE_POS_RAD_CACHE                      0x20000034   Data           4  main.o(.data)
    X_POS_MM_CACHE                           0x20000038   Data           4  main.o(.data)
    Y_POS_MM_CACHE                           0x2000003c   Data           4  main.o(.data)
    ANGLE_DES_RAD                            0x20000040   Data           4  main.o(.data)
    X_DES_MM                                 0x20000044   Data           4  main.o(.data)
    Y_DES_MM                                 0x20000048   Data           4  main.o(.data)
    ANGLE_DES_RAD_CACHE                      0x2000004c   Data           4  main.o(.data)
    X_DES_MM_CACHE                           0x20000050   Data           4  main.o(.data)
    Y_DES_MM_CACHE                           0x20000054   Data           4  main.o(.data)
    UPDATE_POS_PARAMETERS                    0x20000058   Data           1  main.o(.data)
    UPDATE_DEST_PARAMETERS                   0x20000059   Data           1  main.o(.data)
    CONTROL_ENABLED                          0x2000005a   Data           1  main.o(.data)
    UPDATE_CONTROL_PARAMETERS                0x2000005b   Data           1  main.o(.data)
    TICS_2_MM                                0x2000005c   Data           4  main.o(.data)
    TICS_2_MM_CACHE                          0x20000060   Data           4  main.o(.data)
    SPACING_WHEELS                           0x20000064   Data           4  main.o(.data)
    SPACING_WHEELS_CACHE                     0x20000068   Data           4  main.o(.data)
    FINAL_BOOL_DISTANCE_MM                   0x2000006c   Data           4  main.o(.data)
    FINAL_BOOL_DISTANCE_MM_CACHE             0x20000070   Data           4  main.o(.data)
    SPEED_MAX_DISTANCE_MM_S                  0x20000074   Data           2  main.o(.data)
    SPEED_MAX_DISTANCE_MM_S_CACHE            0x20000076   Data           2  main.o(.data)
    ACCELERATION_MAX_DISTANCE_MM_S2          0x20000078   Data           2  main.o(.data)
    ACCELERATION_MAX_DISTANCE_MM_S2_CACHE    0x2000007a   Data           2  main.o(.data)
    BRAKING_MAX_DISTANCE_MM_S2               0x2000007c   Data           2  main.o(.data)
    BRAKING_MAX_DISTANCE_MM_S2_CACHE         0x2000007e   Data           2  main.o(.data)
    SPEED_MAX_ANGLE_MM_S                     0x20000080   Data           2  main.o(.data)
    SPEED_MAX_ANGLE_MM_S_CACHE               0x20000082   Data           2  main.o(.data)
    ACCELERATION_MAX_ANGLE_MM_S2             0x20000084   Data           2  main.o(.data)
    ACCELERATION_MAX_ANGLE_MM_S2_CACHE       0x20000086   Data           2  main.o(.data)
    BRAKING_MAX_ANGLE_MM_S2                  0x20000088   Data           2  main.o(.data)
    BRAKING_MAX_ANGLE_MM_S2_CACHE            0x2000008a   Data           2  main.o(.data)
    LOOP_CONTROL_TIMING_HZ                   0x2000008c   Data           4  main.o(.data)
    P_DISTANCE                               0x20000090   Data           4  main.o(.data)
    P_DISTANCE_CACHE                         0x20000094   Data           4  main.o(.data)
    I_DISTANCE                               0x20000098   Data           4  main.o(.data)
    I_DISTANCE_CACHE                         0x2000009c   Data           4  main.o(.data)
    D_DISTANCE                               0x200000a0   Data           4  main.o(.data)
    D_DISTANCE_CACHE                         0x200000a4   Data           4  main.o(.data)
    P_ANGLE                                  0x200000a8   Data           4  main.o(.data)
    P_ANGLE_CACHE                            0x200000ac   Data           4  main.o(.data)
    I_ANGLE                                  0x200000b0   Data           4  main.o(.data)
    I_ANGLE_CACHE                            0x200000b4   Data           4  main.o(.data)
    D_ANGLE                                  0x200000b8   Data           4  main.o(.data)
    D_ANGLE_CACHE                            0x200000bc   Data           4  main.o(.data)
    uwTickFreq                               0x200000dc   Data           1  stm32f4xx_hal.o(.data)
    uwTickPrio                               0x200000e0   Data           4  stm32f4xx_hal.o(.data)
    uwTick                                   0x200000e4   Data           4  stm32f4xx_hal.o(.data)
    SystemCoreClock                          0x200000e8   Data           4  system_stm32f4xx.o(.data)
    UART_RX_Analyse                          0x200000ec   Data          64  main.o(.bss)
    BUFFER_RX                                0x2000012c   Data         512  main.o(.bss)
    BUFFER_RX_UART2                          0x2000032c   Data         512  main.o(.bss)
    hadc1                                    0x2000052c   Data          72  main.o(.bss)
    htim1                                    0x20000574   Data          60  main.o(.bss)
    htim2                                    0x200005b0   Data          60  main.o(.bss)
    htim3                                    0x200005ec   Data          60  main.o(.bss)
    htim4                                    0x20000628   Data          60  main.o(.bss)
    htim9                                    0x20000664   Data          60  main.o(.bss)
    htim10                                   0x200006a0   Data          60  main.o(.bss)
    huart2                                   0x200006dc   Data          64  main.o(.bss)
    huart6                                   0x2000071c   Data          64  main.o(.bss)
    hdma_usart2_rx                           0x2000075c   Data          96  main.o(.bss)
    hdma_usart6_rx                           0x200007bc   Data          96  main.o(.bss)
    BUFFER_TX                                0x2000081c   Data         512  main.o(.bss)
    BUFFER_TX_UART2                          0x20000a1c   Data         512  main.o(.bss)
    hdma_adc1                                0x20000c1c   Data          96  main.o(.bss)
    hdma_usart2_tx                           0x20000c7c   Data          96  main.o(.bss)
    hdma_usart6_tx                           0x20000cdc   Data          96  main.o(.bss)
    __initial_sp                             0x20001190   Data           0  startup_stm32f401xe.o(STACK)



==============================================================================

Memory Map of the image

  Image Entry point : 0x08000195

  Load Region LR_IROM1 (Base: 0x08000000, Size: 0x00004fcc, Max: 0x00080000, ABSOLUTE)

    Execution Region ER_IROM1 (Exec base: 0x08000000, Load base: 0x08000000, Size: 0x00004ee0, Max: 0x00080000, ABSOLUTE)

    Exec Addr    Load Addr    Size         Type   Attr      Idx    E Section Name        Object

    0x08000000   0x08000000   0x00000194   Data   RO            3    RESET               startup_stm32f401xe.o
    0x08000194   0x08000194   0x00000000   Code   RO         3291  * .ARM.Collect$$$$00000000  mc_w.l(entry.o)
    0x08000194   0x08000194   0x00000004   Code   RO         3565    .ARM.Collect$$$$00000001  mc_w.l(entry2.o)
    0x08000198   0x08000198   0x00000004   Code   RO         3568    .ARM.Collect$$$$00000004  mc_w.l(entry5.o)
    0x0800019c   0x0800019c   0x00000000   Code   RO         3570    .ARM.Collect$$$$00000008  mc_w.l(entry7b.o)
    0x0800019c   0x0800019c   0x00000000   Code   RO         3572    .ARM.Collect$$$$0000000A  mc_w.l(entry8b.o)
    0x0800019c   0x0800019c   0x00000008   Code   RO         3573    .ARM.Collect$$$$0000000B  mc_w.l(entry9a.o)
    0x080001a4   0x080001a4   0x00000000   Code   RO         3575    .ARM.Collect$$$$0000000D  mc_w.l(entry10a.o)
    0x080001a4   0x080001a4   0x00000000   Code   RO         3577    .ARM.Collect$$$$0000000F  mc_w.l(entry11a.o)
    0x080001a4   0x080001a4   0x00000004   Code   RO         3566    .ARM.Collect$$$$00002712  mc_w.l(entry2.o)
    0x080001a8   0x080001a8   0x00000024   Code   RO            4    .text               startup_stm32f401xe.o
    0x080001cc   0x080001cc   0x00000062   Code   RO         3294    .text               mc_w.l(uldiv.o)
    0x0800022e   0x0800022e   0x00000024   Code   RO         3296    .text               mc_w.l(memseta.o)
    0x08000252   0x08000252   0x0000000e   Code   RO         3298    .text               mc_w.l(strlen.o)
    0x08000260   0x08000260   0x00000012   Code   RO         3300    .text               mc_w.l(strcpy.o)
    0x08000272   0x08000272   0x00000026   Code   RO         3563    .text               mf_w.l(f2d.o)
    0x08000298   0x08000298   0x0000002c   Code   RO         3582    .text               mc_w.l(uidiv.o)
    0x080002c4   0x080002c4   0x0000001e   Code   RO         3584    .text               mc_w.l(llshl.o)
    0x080002e2   0x080002e2   0x00000020   Code   RO         3586    .text               mc_w.l(llushr.o)
    0x08000302   0x08000302   0x00000000   Code   RO         3588    .text               mc_w.l(iusefp.o)
    0x08000302   0x08000302   0x0000014e   Code   RO         3589    .text               mf_w.l(dadd.o)
    0x08000450   0x08000450   0x000000e4   Code   RO         3591    .text               mf_w.l(dmul.o)
    0x08000534   0x08000534   0x000000de   Code   RO         3593    .text               mf_w.l(ddiv.o)
    0x08000612   0x08000612   0x00000030   Code   RO         3595    .text               mf_w.l(dfixul.o)
    0x08000642   0x08000642   0x00000002   PAD
    0x08000644   0x08000644   0x00000030   Code   RO         3597    .text               mf_w.l(cdrcmple.o)
    0x08000674   0x08000674   0x00000024   Code   RO         3599    .text               mc_w.l(init.o)
    0x08000698   0x08000698   0x00000024   Code   RO         3602    .text               mc_w.l(llsshr.o)
    0x080006bc   0x080006bc   0x000000ba   Code   RO         3605    .text               mf_w.l(depilogue.o)
    0x08000776   0x08000776   0x00000062   Code   RO          692    i.ADC_DMAConvCplt   stm32f4xx_hal_adc.o
    0x080007d8   0x080007d8   0x00000016   Code   RO          693    i.ADC_DMAError      stm32f4xx_hal_adc.o
    0x080007ee   0x080007ee   0x0000000a   Code   RO          694    i.ADC_DMAHalfConvCplt  stm32f4xx_hal_adc.o
    0x080007f8   0x080007f8   0x0000000c   Code   RO          285    i.ADC_IRQHandler    stm32f4xx_it.o
    0x08000804   0x08000804   0x00000124   Code   RO          695    i.ADC_Init          stm32f4xx_hal_adc.o
    0x08000928   0x08000928   0x0000005c   Code   RO          525    i.Analyse_RX_Buffer  communication_function.o
    0x08000984   0x08000984   0x00000002   Code   RO          286    i.BusFault_Handler  stm32f4xx_it.o
    0x08000986   0x08000986   0x00000002   PAD
    0x08000988   0x08000988   0x00000110   Code   RO          526    i.COMMAND_G0        communication_function.o
    0x08000a98   0x08000a98   0x00000090   Code   RO          527    i.COMMAND_G1        communication_function.o
    0x08000b28   0x08000b28   0x000000f8   Code   RO          528    i.COMMAND_G92       communication_function.o
    0x08000c20   0x08000c20   0x00000040   Code   RO          529    i.COMMAND_M112      communication_function.o
    0x08000c60   0x08000c60   0x00000054   Code   RO          530    i.COMMAND_M135      communication_function.o
    0x08000cb4   0x08000cb4   0x00000208   Code   RO          531    i.COMMAND_M201      communication_function.o
    0x08000ebc   0x08000ebc   0x0000007c   Code   RO          532    i.COMMAND_M202      communication_function.o
    0x08000f38   0x08000f38   0x00000038   Code   RO          533    i.COMMAND_M3        communication_function.o
    0x08000f70   0x08000f70   0x0000022c   Code   RO          534    i.COMMAND_M301      communication_function.o
    0x0800119c   0x0800119c   0x000000c8   Code   RO          535    i.COMMAND_M92       communication_function.o
    0x08001264   0x08001264   0x000000c4   Code   RO          536    i.COMMAND_O1        communication_function.o
    0x08001328   0x08001328   0x000002dc   Code   RO          651    i.Control           control_function.o
    0x08001604   0x08001604   0x0000000c   Code   RO          287    i.DMA1_Stream5_IRQHandler  stm32f4xx_it.o
    0x08001610   0x08001610   0x0000000c   Code   RO          288    i.DMA1_Stream6_IRQHandler  stm32f4xx_it.o
    0x0800161c   0x0800161c   0x0000000c   Code   RO          289    i.DMA2_Stream0_IRQHandler  stm32f4xx_it.o
    0x08001628   0x08001628   0x0000000c   Code   RO          290    i.DMA2_Stream1_IRQHandler  stm32f4xx_it.o
    0x08001634   0x08001634   0x0000000c   Code   RO          291    i.DMA2_Stream6_IRQHandler  stm32f4xx_it.o
    0x08001640   0x08001640   0x00000028   Code   RO         2646    i.DMA_CalcBaseAndBitshift  stm32f4xx_hal_dma.o
    0x08001668   0x08001668   0x00000054   Code   RO         2647    i.DMA_CheckFifoParam  stm32f4xx_hal_dma.o
    0x080016bc   0x080016bc   0x00000028   Code   RO         2648    i.DMA_SetConfig     stm32f4xx_hal_dma.o
    0x080016e4   0x080016e4   0x00000002   Code   RO          292    i.DebugMon_Handler  stm32f4xx_it.o
    0x080016e6   0x080016e6   0x00000002   Code   RO           13    i.Error_Handler     main.o
    0x080016e8   0x080016e8   0x00000002   Code   RO          866    i.HAL_ADCEx_InjectedConvCpltCallback  stm32f4xx_hal_adc_ex.o
    0x080016ea   0x080016ea   0x00000002   PAD
    0x080016ec   0x080016ec   0x0000014c   Code   RO          697    i.HAL_ADC_ConfigChannel  stm32f4xx_hal_adc.o
    0x08001838   0x08001838   0x00000002   Code   RO          698    i.HAL_ADC_ConvCpltCallback  stm32f4xx_hal_adc.o
    0x0800183a   0x0800183a   0x00000002   Code   RO          699    i.HAL_ADC_ConvHalfCpltCallback  stm32f4xx_hal_adc.o
    0x0800183c   0x0800183c   0x00000002   Code   RO          701    i.HAL_ADC_ErrorCallback  stm32f4xx_hal_adc.o
    0x0800183e   0x0800183e   0x0000013c   Code   RO          705    i.HAL_ADC_IRQHandler  stm32f4xx_hal_adc.o
    0x0800197a   0x0800197a   0x00000054   Code   RO          706    i.HAL_ADC_Init      stm32f4xx_hal_adc.o
    0x080019ce   0x080019ce   0x00000002   Code   RO          707    i.HAL_ADC_LevelOutOfWindowCallback  stm32f4xx_hal_adc.o
    0x080019d0   0x080019d0   0x000000ec   Code   RO          435    i.HAL_ADC_MspInit   stm32f4xx_hal_msp.o
    0x08001abc   0x08001abc   0x00000100   Code   RO          713    i.HAL_ADC_Start_DMA  stm32f4xx_hal_adc.o
    0x08001bbc   0x08001bbc   0x0000008e   Code   RO         2649    i.HAL_DMA_Abort     stm32f4xx_hal_dma.o
    0x08001c4a   0x08001c4a   0x00000024   Code   RO         2650    i.HAL_DMA_Abort_IT  stm32f4xx_hal_dma.o
    0x08001c6e   0x08001c6e   0x00000002   PAD
    0x08001c70   0x08001c70   0x000001a0   Code   RO         2654    i.HAL_DMA_IRQHandler  stm32f4xx_hal_dma.o
    0x08001e10   0x08001e10   0x000000d4   Code   RO         2655    i.HAL_DMA_Init      stm32f4xx_hal_dma.o
    0x08001ee4   0x08001ee4   0x00000078   Code   RO         2659    i.HAL_DMA_Start_IT  stm32f4xx_hal_dma.o
    0x08001f5c   0x08001f5c   0x00000188   Code   RO         2542    i.HAL_GPIO_Init     stm32f4xx_hal_gpio.o
    0x080020e4   0x080020e4   0x0000000a   Code   RO         2544    i.HAL_GPIO_ReadPin  stm32f4xx_hal_gpio.o
    0x080020ee   0x080020ee   0x0000000a   Code   RO         2546    i.HAL_GPIO_WritePin  stm32f4xx_hal_gpio.o
    0x080020f8   0x080020f8   0x0000000c   Code   RO         3098    i.HAL_GetTick       stm32f4xx_hal.o
    0x08002104   0x08002104   0x00000010   Code   RO         3102    i.HAL_IncTick       stm32f4xx_hal.o
    0x08002114   0x08002114   0x00000034   Code   RO         3103    i.HAL_Init          stm32f4xx_hal.o
    0x08002148   0x08002148   0x00000040   Code   RO         3104    i.HAL_InitTick      stm32f4xx_hal.o
    0x08002188   0x08002188   0x00000034   Code   RO          436    i.HAL_MspInit       stm32f4xx_hal_msp.o
    0x080021bc   0x080021bc   0x00000016   Code   RO         2955    i.HAL_NVIC_EnableIRQ  stm32f4xx_hal_cortex.o
    0x080021d2   0x080021d2   0x00000002   PAD
    0x080021d4   0x080021d4   0x00000040   Code   RO         2961    i.HAL_NVIC_SetPriority  stm32f4xx_hal_cortex.o
    0x08002214   0x08002214   0x00000024   Code   RO         2962    i.HAL_NVIC_SetPriorityGrouping  stm32f4xx_hal_cortex.o
    0x08002238   0x08002238   0x00000130   Code   RO         2164    i.HAL_RCC_ClockConfig  stm32f4xx_hal_rcc.o
    0x08002368   0x08002368   0x00000020   Code   RO         2171    i.HAL_RCC_GetPCLK1Freq  stm32f4xx_hal_rcc.o
    0x08002388   0x08002388   0x00000020   Code   RO         2172    i.HAL_RCC_GetPCLK2Freq  stm32f4xx_hal_rcc.o
    0x080023a8   0x080023a8   0x00000060   Code   RO         2173    i.HAL_RCC_GetSysClockFreq  stm32f4xx_hal_rcc.o
    0x08002408   0x08002408   0x0000031c   Code   RO         2176    i.HAL_RCC_OscConfig  stm32f4xx_hal_rcc.o
    0x08002724   0x08002724   0x00000028   Code   RO         2966    i.HAL_SYSTICK_Config  stm32f4xx_hal_cortex.o
    0x0800274c   0x0800274c   0x00000002   Code   RO         1598    i.HAL_TIMEx_BreakCallback  stm32f4xx_hal_tim_ex.o
    0x0800274e   0x0800274e   0x00000002   Code   RO         1599    i.HAL_TIMEx_CommutationCallback  stm32f4xx_hal_tim_ex.o
    0x08002750   0x08002750   0x00000050   Code   RO         1615    i.HAL_TIMEx_MasterConfigSynchronization  stm32f4xx_hal_tim_ex.o
    0x080027a0   0x080027a0   0x00000036   Code   RO          969    i.HAL_TIM_Base_Init  stm32f4xx_hal_tim.o
    0x080027d6   0x080027d6   0x00000002   PAD
    0x080027d8   0x080027d8   0x00000070   Code   RO          438    i.HAL_TIM_Base_MspInit  stm32f4xx_hal_msp.o
    0x08002848   0x08002848   0x00000018   Code   RO          974    i.HAL_TIM_Base_Start_IT  stm32f4xx_hal_tim.o
    0x08002860   0x08002860   0x000000f2   Code   RO          978    i.HAL_TIM_ConfigClockSource  stm32f4xx_hal_tim.o
    0x08002952   0x08002952   0x00000096   Code   RO          987    i.HAL_TIM_Encoder_Init  stm32f4xx_hal_tim.o
    0x080029e8   0x080029e8   0x000000c0   Code   RO          440    i.HAL_TIM_Encoder_MspInit  stm32f4xx_hal_msp.o
    0x08002aa8   0x08002aa8   0x00000034   Code   RO          990    i.HAL_TIM_Encoder_Start  stm32f4xx_hal_tim.o
    0x08002adc   0x08002adc   0x00000002   Code   RO          998    i.HAL_TIM_IC_CaptureCallback  stm32f4xx_hal_tim.o
    0x08002ade   0x08002ade   0x00000166   Code   RO         1011    i.HAL_TIM_IRQHandler  stm32f4xx_hal_tim.o
    0x08002c44   0x08002c44   0x00000050   Code   RO          441    i.HAL_TIM_MspPostInit  stm32f4xx_hal_msp.o
    0x08002c94   0x08002c94   0x00000056   Code   RO         1012    i.HAL_TIM_OC_ConfigChannel  stm32f4xx_hal_tim.o
    0x08002cea   0x08002cea   0x00000002   Code   RO         1014    i.HAL_TIM_OC_DelayElapsedCallback  stm32f4xx_hal_tim.o
    0x08002cec   0x08002cec   0x00000036   Code   RO         1016    i.HAL_TIM_OC_Init   stm32f4xx_hal_tim.o
    0x08002d22   0x08002d22   0x00000002   Code   RO         1018    i.HAL_TIM_OC_MspInit  stm32f4xx_hal_tim.o
    0x08002d24   0x08002d24   0x00000030   Code   RO         1019    i.HAL_TIM_OC_Start  stm32f4xx_hal_tim.o
    0x08002d54   0x08002d54   0x000000d0   Code   RO         1035    i.HAL_TIM_PWM_ConfigChannel  stm32f4xx_hal_tim.o
    0x08002e24   0x08002e24   0x00000036   Code   RO         1038    i.HAL_TIM_PWM_Init  stm32f4xx_hal_tim.o
    0x08002e5a   0x08002e5a   0x00000002   PAD
    0x08002e5c   0x08002e5c   0x0000003c   Code   RO          443    i.HAL_TIM_PWM_MspInit  stm32f4xx_hal_msp.o
    0x08002e98   0x08002e98   0x00000002   Code   RO         1041    i.HAL_TIM_PWM_PulseFinishedCallback  stm32f4xx_hal_tim.o
    0x08002e9a   0x08002e9a   0x00000002   PAD
    0x08002e9c   0x08002e9c   0x00000030   Code   RO         1042    i.HAL_TIM_PWM_Start  stm32f4xx_hal_tim.o
    0x08002ecc   0x08002ecc   0x00000060   Code   RO         1044    i.HAL_TIM_PWM_Start_IT  stm32f4xx_hal_tim.o
    0x08002f2c   0x08002f2c   0x00000002   Code   RO         1048    i.HAL_TIM_PeriodElapsedCallback  stm32f4xx_hal_tim.o
    0x08002f2e   0x08002f2e   0x00000002   Code   RO         1052    i.HAL_TIM_TriggerCallback  stm32f4xx_hal_tim.o
    0x08002f30   0x08002f30   0x00000058   Code   RO         1856    i.HAL_UART_DMAStop  stm32f4xx_hal_uart.o
    0x08002f88   0x08002f88   0x00000002   Code   RO         1858    i.HAL_UART_ErrorCallback  stm32f4xx_hal_uart.o
    0x08002f8a   0x08002f8a   0x00000002   PAD
    0x08002f8c   0x08002f8c   0x00000110   Code   RO         1861    i.HAL_UART_IRQHandler  stm32f4xx_hal_uart.o
    0x0800309c   0x0800309c   0x00000062   Code   RO         1862    i.HAL_UART_Init     stm32f4xx_hal_uart.o
    0x080030fe   0x080030fe   0x00000002   PAD
    0x08003100   0x08003100   0x000001a0   Code   RO          445    i.HAL_UART_MspInit  stm32f4xx_hal_msp.o
    0x080032a0   0x080032a0   0x00000098   Code   RO         1866    i.HAL_UART_Receive_DMA  stm32f4xx_hal_uart.o
    0x08003338   0x08003338   0x00000002   Code   RO         1868    i.HAL_UART_RxCpltCallback  stm32f4xx_hal_uart.o
    0x0800333a   0x0800333a   0x00000002   Code   RO         1869    i.HAL_UART_RxHalfCpltCallback  stm32f4xx_hal_uart.o
    0x0800333c   0x0800333c   0x00000080   Code   RO         1871    i.HAL_UART_Transmit_DMA  stm32f4xx_hal_uart.o
    0x080033bc   0x080033bc   0x000000c0   Code   RO          293    i.HAL_UART_TxCpltCallback  stm32f4xx_it.o
    0x0800347c   0x0800347c   0x00000002   Code   RO         1874    i.HAL_UART_TxHalfCpltCallback  stm32f4xx_hal_uart.o
    0x0800347e   0x0800347e   0x00000002   Code   RO          294    i.HardFault_Handler  stm32f4xx_it.o
    0x08003480   0x08003480   0x00000064   Code   RO           14    i.MX_ADC1_Init      main.o
    0x080034e4   0x080034e4   0x0000007c   Code   RO           15    i.MX_DMA_Init       main.o
    0x08003560   0x08003560   0x000000b0   Code   RO           16    i.MX_GPIO_Init      main.o
    0x08003610   0x08003610   0x00000060   Code   RO           17    i.MX_TIM1_Init      main.o
    0x08003670   0x08003670   0x00000094   Code   RO           18    i.MX_TIM2_Init      main.o
    0x08003704   0x08003704   0x0000005c   Code   RO           19    i.MX_TIM3_Init      main.o
    0x08003760   0x08003760   0x0000005c   Code   RO           20    i.MX_TIM4_Init      main.o
    0x080037bc   0x080037bc   0x00000002   Code   RO          295    i.MemManage_Handler  stm32f4xx_it.o
    0x080037be   0x080037be   0x00000002   Code   RO          296    i.NMI_Handler       stm32f4xx_it.o
    0x080037c0   0x080037c0   0x00000020   Code   RO         2968    i.NVIC_SetPriority  stm32f4xx_hal_cortex.o
    0x080037e0   0x080037e0   0x00000002   Code   RO          297    i.PendSV_Handler    stm32f4xx_it.o
    0x080037e2   0x080037e2   0x00000002   Code   RO          298    i.SVC_Handler       stm32f4xx_it.o
    0x080037e4   0x080037e4   0x00000168   Code   RO          537    i.String_Analysis   communication_function.o
    0x0800394c   0x0800394c   0x00000004   Code   RO          299    i.SysTick_Handler   stm32f4xx_it.o
    0x08003950   0x08003950   0x00000088   Code   RO           21    i.SystemClock_Config  main.o
    0x080039d8   0x080039d8   0x00000054   Code   RO         3257    i.SystemInit        system_stm32f4xx.o
    0x08003a2c   0x08003a2c   0x00000034   Code   RO          300    i.TIM1_UP_TIM10_IRQHandler  stm32f4xx_it.o
    0x08003a60   0x08003a60   0x0000000c   Code   RO          301    i.TIM4_IRQHandler   stm32f4xx_it.o
    0x08003a6c   0x08003a6c   0x00000090   Code   RO         1053    i.TIM_Base_SetConfig  stm32f4xx_hal_tim.o
    0x08003afc   0x08003afc   0x00000016   Code   RO         1054    i.TIM_CCxChannelCmd  stm32f4xx_hal_tim.o
    0x08003b12   0x08003b12   0x00000014   Code   RO         1060    i.TIM_ETR_SetConfig  stm32f4xx_hal_tim.o
    0x08003b26   0x08003b26   0x00000010   Code   RO         1061    i.TIM_ITRx_SetConfig  stm32f4xx_hal_tim.o
    0x08003b36   0x08003b36   0x00000002   PAD
    0x08003b38   0x08003b38   0x00000050   Code   RO         1062    i.TIM_OC1_SetConfig  stm32f4xx_hal_tim.o
    0x08003b88   0x08003b88   0x00000058   Code   RO         1063    i.TIM_OC2_SetConfig  stm32f4xx_hal_tim.o
    0x08003be0   0x08003be0   0x00000058   Code   RO         1064    i.TIM_OC3_SetConfig  stm32f4xx_hal_tim.o
    0x08003c38   0x08003c38   0x00000044   Code   RO         1065    i.TIM_OC4_SetConfig  stm32f4xx_hal_tim.o
    0x08003c7c   0x08003c7c   0x00000022   Code   RO         1067    i.TIM_TI1_ConfigInputStage  stm32f4xx_hal_tim.o
    0x08003c9e   0x08003c9e   0x00000024   Code   RO         1069    i.TIM_TI2_ConfigInputStage  stm32f4xx_hal_tim.o
    0x08003cc2   0x08003cc2   0x00000002   PAD
    0x08003cc4   0x08003cc4   0x000000ac   Code   RO          538    i.Transmit_UART     communication_function.o
    0x08003d70   0x08003d70   0x00000010   Code   RO         1875    i.UART_DMAAbortOnError  stm32f4xx_hal_uart.o
    0x08003d80   0x08003d80   0x0000004a   Code   RO         1876    i.UART_DMAError     stm32f4xx_hal_uart.o
    0x08003dca   0x08003dca   0x0000003c   Code   RO         1877    i.UART_DMAReceiveCplt  stm32f4xx_hal_uart.o
    0x08003e06   0x08003e06   0x0000000a   Code   RO         1879    i.UART_DMARxHalfCplt  stm32f4xx_hal_uart.o
    0x08003e10   0x08003e10   0x0000002e   Code   RO         1881    i.UART_DMATransmitCplt  stm32f4xx_hal_uart.o
    0x08003e3e   0x08003e3e   0x0000000a   Code   RO         1883    i.UART_DMATxHalfCplt  stm32f4xx_hal_uart.o
    0x08003e48   0x08003e48   0x0000001c   Code   RO         1885    i.UART_EndRxTransfer  stm32f4xx_hal_uart.o
    0x08003e64   0x08003e64   0x00000012   Code   RO         1886    i.UART_EndTxTransfer  stm32f4xx_hal_uart.o
    0x08003e76   0x08003e76   0x0000008c   Code   RO         1887    i.UART_Receive_IT   stm32f4xx_hal_uart.o
    0x08003f02   0x08003f02   0x00000002   PAD
    0x08003f04   0x08003f04   0x000002ac   Code   RO         1888    i.UART_SetConfig    stm32f4xx_hal_uart.o
    0x080041b0   0x080041b0   0x00000062   Code   RO         1889    i.UART_Transmit_IT  stm32f4xx_hal_uart.o
    0x08004212   0x08004212   0x00000002   PAD
    0x08004214   0x08004214   0x0000004c   Code   RO          302    i.USART2_IRQHandler  stm32f4xx_it.o
    0x08004260   0x08004260   0x0000004c   Code   RO          303    i.USART6_IRQHandler  stm32f4xx_it.o
    0x080042ac   0x080042ac   0x00000002   Code   RO          304    i.UsageFault_Handler  stm32f4xx_it.o
    0x080042ae   0x080042ae   0x00000002   PAD
    0x080042b0   0x080042b0   0x00000028   Code   RO         3537    i.__0sprintf        mc_w.l(printfa.o)
    0x080042d8   0x080042d8   0x0000000e   Code   RO         3609    i.__scatterload_copy  mc_w.l(handlers.o)
    0x080042e6   0x080042e6   0x00000002   Code   RO         3610    i.__scatterload_null  mc_w.l(handlers.o)
    0x080042e8   0x080042e8   0x0000000e   Code   RO         3611    i.__scatterload_zeroinit  mc_w.l(handlers.o)
    0x080042f6   0x080042f6   0x00000002   PAD
    0x080042f8   0x080042f8   0x00000184   Code   RO         3542    i._fp_digits        mc_w.l(printfa.o)
    0x0800447c   0x0800447c   0x000006dc   Code   RO         3543    i._printf_core      mc_w.l(printfa.o)
    0x08004b58   0x08004b58   0x00000024   Code   RO         3544    i._printf_post_padding  mc_w.l(printfa.o)
    0x08004b7c   0x08004b7c   0x0000002e   Code   RO         3545    i._printf_pre_padding  mc_w.l(printfa.o)
    0x08004baa   0x08004baa   0x0000000a   Code   RO         3547    i._sputc            mc_w.l(printfa.o)
    0x08004bb4   0x08004bb4   0x000001d8   Code   RO           24    i.main              main.o
    0x08004d8c   0x08004d8c   0x00000046   Code   RO          539    i.next_statement    communication_function.o
    0x08004dd2   0x08004dd2   0x0000002a   Code   RO          540    i.read_double       communication_function.o
    0x08004dfc   0x08004dfc   0x000000a4   Code   RO          541    i.strtod_M          communication_function.o
    0x08004ea0   0x08004ea0   0x00000008   Data   RO         2661    .constdata          stm32f4xx_hal_dma.o
    0x08004ea8   0x08004ea8   0x00000010   Data   RO         3258    .constdata          system_stm32f4xx.o
    0x08004eb8   0x08004eb8   0x00000008   Data   RO         3259    .constdata          system_stm32f4xx.o
    0x08004ec0   0x08004ec0   0x00000020   Data   RO         3607    Region$$Table       anon$$obj.o


    Execution Region RW_IRAM1 (Exec base: 0x20000000, Load base: 0x08004ee0, Size: 0x00001190, Max: 0x00018000, ABSOLUTE)

    Exec Addr    Load Addr    Size         Type   Attr      Idx    E Section Name        Object

    0x20000000   0x08004ee0   0x00000001   Data   RW           32    .data               main.o
    0x20000001   0x08004ee1   0x00000003   PAD
    0x20000004   0x08004ee4   0x00000014   Data   RW           33    .data               main.o
    0x20000018   0x08004ef8   0x00000001   Data   RW           34    .data               main.o
    0x20000019   0x08004ef9   0x00000001   Data   RW           35    .data               main.o
    0x2000001a   0x08004efa   0x00000001   Data   RW           36    .data               main.o
    0x2000001b   0x08004efb   0x00000001   Data   RW           37    .data               main.o
    0x2000001c   0x08004efc   0x00000001   Data   RW           38    .data               main.o
    0x2000001d   0x08004efd   0x00000001   PAD
    0x2000001e   0x08004efe   0x00000002   Data   RW           40    .data               main.o
    0x20000020   0x08004f00   0x00000002   Data   RW           41    .data               main.o
    0x20000022   0x08004f02   0x00000002   Data   RW           42    .data               main.o
    0x20000024   0x08004f04   0x00000002   Data   RW           43    .data               main.o
    0x20000026   0x08004f06   0x00000002   PAD
    0x20000028   0x08004f08   0x00000004   Data   RW           44    .data               main.o
    0x2000002c   0x08004f0c   0x00000004   Data   RW           45    .data               main.o
    0x20000030   0x08004f10   0x00000004   Data   RW           46    .data               main.o
    0x20000034   0x08004f14   0x00000004   Data   RW           47    .data               main.o
    0x20000038   0x08004f18   0x00000004   Data   RW           48    .data               main.o
    0x2000003c   0x08004f1c   0x00000004   Data   RW           49    .data               main.o
    0x20000040   0x08004f20   0x00000004   Data   RW           50    .data               main.o
    0x20000044   0x08004f24   0x00000004   Data   RW           51    .data               main.o
    0x20000048   0x08004f28   0x00000004   Data   RW           52    .data               main.o
    0x2000004c   0x08004f2c   0x00000004   Data   RW           53    .data               main.o
    0x20000050   0x08004f30   0x00000004   Data   RW           54    .data               main.o
    0x20000054   0x08004f34   0x00000004   Data   RW           55    .data               main.o
    0x20000058   0x08004f38   0x00000001   Data   RW           56    .data               main.o
    0x20000059   0x08004f39   0x00000001   Data   RW           57    .data               main.o
    0x2000005a   0x08004f3a   0x00000001   Data   RW           58    .data               main.o
    0x2000005b   0x08004f3b   0x00000001   Data   RW           59    .data               main.o
    0x2000005c   0x08004f3c   0x00000004   Data   RW           60    .data               main.o
    0x20000060   0x08004f40   0x00000004   Data   RW           61    .data               main.o
    0x20000064   0x08004f44   0x00000004   Data   RW           62    .data               main.o
    0x20000068   0x08004f48   0x00000004   Data   RW           63    .data               main.o
    0x2000006c   0x08004f4c   0x00000004   Data   RW           64    .data               main.o
    0x20000070   0x08004f50   0x00000004   Data   RW           65    .data               main.o
    0x20000074   0x08004f54   0x00000002   Data   RW           66    .data               main.o
    0x20000076   0x08004f56   0x00000002   Data   RW           67    .data               main.o
    0x20000078   0x08004f58   0x00000002   Data   RW           68    .data               main.o
    0x2000007a   0x08004f5a   0x00000002   Data   RW           69    .data               main.o
    0x2000007c   0x08004f5c   0x00000002   Data   RW           70    .data               main.o
    0x2000007e   0x08004f5e   0x00000002   Data   RW           71    .data               main.o
    0x20000080   0x08004f60   0x00000002   Data   RW           72    .data               main.o
    0x20000082   0x08004f62   0x00000002   Data   RW           73    .data               main.o
    0x20000084   0x08004f64   0x00000002   Data   RW           74    .data               main.o
    0x20000086   0x08004f66   0x00000002   Data   RW           75    .data               main.o
    0x20000088   0x08004f68   0x00000002   Data   RW           76    .data               main.o
    0x2000008a   0x08004f6a   0x00000002   Data   RW           77    .data               main.o
    0x2000008c   0x08004f6c   0x00000004   Data   RW           80    .data               main.o
    0x20000090   0x08004f70   0x00000004   Data   RW           81    .data               main.o
    0x20000094   0x08004f74   0x00000004   Data   RW           82    .data               main.o
    0x20000098   0x08004f78   0x00000004   Data   RW           83    .data               main.o
    0x2000009c   0x08004f7c   0x00000004   Data   RW           84    .data               main.o
    0x200000a0   0x08004f80   0x00000004   Data   RW           85    .data               main.o
    0x200000a4   0x08004f84   0x00000004   Data   RW           86    .data               main.o
    0x200000a8   0x08004f88   0x00000004   Data   RW           87    .data               main.o
    0x200000ac   0x08004f8c   0x00000004   Data   RW           88    .data               main.o
    0x200000b0   0x08004f90   0x00000004   Data   RW           89    .data               main.o
    0x200000b4   0x08004f94   0x00000004   Data   RW           90    .data               main.o
    0x200000b8   0x08004f98   0x00000004   Data   RW           91    .data               main.o
    0x200000bc   0x08004f9c   0x00000004   Data   RW           92    .data               main.o
    0x200000c0   0x08004fa0   0x0000001c   Data   RW          655    .data               control_function.o
    0x200000dc   0x08004fbc   0x0000000c   Data   RW         3110    .data               stm32f4xx_hal.o
    0x200000e8   0x08004fc8   0x00000004   Data   RW         3260    .data               system_stm32f4xx.o
    0x200000ec        -       0x00000040   Zero   RW           25    .bss                main.o
    0x2000012c        -       0x000006f0   Zero   RW           26    .bss                main.o
    0x2000081c        -       0x00000200   Zero   RW           27    .bss                main.o
    0x20000a1c        -       0x00000200   Zero   RW           28    .bss                main.o
    0x20000c1c        -       0x00000060   Zero   RW           29    .bss                main.o
    0x20000c7c        -       0x00000060   Zero   RW           30    .bss                main.o
    0x20000cdc        -       0x00000060   Zero   RW           31    .bss                main.o
    0x20000d3c        -       0x00000050   Zero   RW          654    .bss                control_function.o
    0x20000d8c   0x08004fcc   0x00000004   PAD
    0x20000d90        -       0x00000400   Zero   RW            1    STACK               startup_stm32f401xe.o


==============================================================================

Image component sizes


      Code (inc. data)   RO Data    RW Data    ZI Data      Debug   Object Name

      3364        864          0          0          0      16861   communication_function.o
       732        186          0         28         80       2726   control_function.o
      1438        118          0        186       3152     442292   main.o
        36          8        404          0       1024        948   startup_stm32f401xe.o
       144         24          0         12          0       4621   stm32f4xx_hal.o
      1418         56          0          0          0      10281   stm32f4xx_hal_adc.o
         2          0          0          0          0       1209   stm32f4xx_hal_adc_ex.o
       194         14          0          0          0      31087   stm32f4xx_hal_cortex.o
      1090         16          8          0          0       8382   stm32f4xx_hal_dma.o
       412         34          0          0          0       3519   stm32f4xx_hal_gpio.o
      1148        132          0          0          0       6712   stm32f4xx_hal_msp.o
      1260         76          0          0          0       5832   stm32f4xx_hal_rcc.o
      2082         66          0          0          0      24733   stm32f4xx_hal_tim.o
        84          0          0          0          0       2870   stm32f4xx_hal_tim_ex.o
      1930         42          0          0          0      16427   stm32f4xx_hal_uart.o
       500        118          0          0          0      12700   stm32f4xx_it.o
        84         18         24          4          0       1495   system_stm32f4xx.o

    ----------------------------------------------------------------------
     15946       1772        468        236       4260     592695   Object Totals
         0          0         32          0          0          0   (incl. Generated)
        28          0          0          6          4          0   (incl. Padding)

    ----------------------------------------------------------------------

      Code (inc. data)   RO Data    RW Data    ZI Data      Debug   Library Member Name

         0          0          0          0          0          0   entry.o
         0          0          0          0          0          0   entry10a.o
         0          0          0          0          0          0   entry11a.o
         8          4          0          0          0          0   entry2.o
         4          0          0          0          0          0   entry5.o
         0          0          0          0          0          0   entry7b.o
         0          0          0          0          0          0   entry8b.o
         8          4          0          0          0          0   entry9a.o
        30          0          0          0          0          0   handlers.o
        36          8          0          0          0         68   init.o
         0          0          0          0          0          0   iusefp.o
        30          0          0          0          0         68   llshl.o
        36          0          0          0          0         68   llsshr.o
        32          0          0          0          0         68   llushr.o
        36          0          0          0          0        108   memseta.o
      2276         86          0          0          0        520   printfa.o
        18          0          0          0          0         68   strcpy.o
        14          0          0          0          0         68   strlen.o
        44          0          0          0          0         80   uidiv.o
        98          0          0          0          0         92   uldiv.o
        48          0          0          0          0         68   cdrcmple.o
       334          0          0          0          0        148   dadd.o
       222          0          0          0          0        100   ddiv.o
       186          0          0          0          0        176   depilogue.o
        48          0          0          0          0         68   dfixul.o
       228          0          0          0          0         96   dmul.o
        38          0          0          0          0         68   f2d.o

    ----------------------------------------------------------------------
      3778        102          0          0          0       1932   Library Totals
         4          0          0          0          0          0   (incl. Padding)

    ----------------------------------------------------------------------

      Code (inc. data)   RO Data    RW Data    ZI Data      Debug   Library Name

      2670        102          0          0          0       1208   mc_w.l
      1104          0          0          0          0        724   mf_w.l

    ----------------------------------------------------------------------
      3778        102          0          0          0       1932   Library Totals

    ----------------------------------------------------------------------

==============================================================================


      Code (inc. data)   RO Data    RW Data    ZI Data      Debug   

     19724       1874        468        236       4260     580043   Grand Totals
     19724       1874        468        236       4260     580043   ELF Image Totals
     19724       1874        468        236          0          0   ROM Totals

==============================================================================

    Total RO  Size (Code + RO Data)                20192 (  19.72kB)
    Total RW  Size (RW Data + ZI Data)              4496 (   4.39kB)
    Total ROM Size (Code + RO Data + RW Data)      20428 (  19.95kB)

==============================================================================

